Archive member included to satisfy reference by file (symbol)

c:/program files (x86)/atollic/truestudio for stm32 9.3.0/armtools/bin/../lib/gcc/arm-atollic-eabi/6.3.1/../../../../arm-atollic-eabi/lib/armv6-m\libc_nano.a(lib_a-init.o)
                              src\startup_stm32f030x8.o (__libc_init_array)
c:/program files (x86)/atollic/truestudio for stm32 9.3.0/armtools/bin/../lib/gcc/arm-atollic-eabi/6.3.1/armv6-m\libgcc.a(_udivsi3.o)
                              src\lib\k_rcc\K_RCC.o (__aeabi_uidiv)
c:/program files (x86)/atollic/truestudio for stm32 9.3.0/armtools/bin/../lib/gcc/arm-atollic-eabi/6.3.1/armv6-m\libgcc.a(_dvmd_tls.o)
                              c:/program files (x86)/atollic/truestudio for stm32 9.3.0/armtools/bin/../lib/gcc/arm-atollic-eabi/6.3.1/armv6-m\libgcc.a(_udivsi3.o) (__aeabi_idiv0)

Allocating common symbols
Common symbol       size              file

K_CLOCK_CONTROL_STRUCT
                    0xc               src\lib\k_rcc\K_RCC.o

Discarded input sections

 .text          0x00000000        0x0 c:/program files (x86)/atollic/truestudio for stm32 9.3.0/armtools/bin/../lib/gcc/arm-atollic-eabi/6.3.1/armv6-m/crti.o
 .data          0x00000000        0x0 c:/program files (x86)/atollic/truestudio for stm32 9.3.0/armtools/bin/../lib/gcc/arm-atollic-eabi/6.3.1/armv6-m/crti.o
 .bss           0x00000000        0x0 c:/program files (x86)/atollic/truestudio for stm32 9.3.0/armtools/bin/../lib/gcc/arm-atollic-eabi/6.3.1/armv6-m/crti.o
 .data          0x00000000        0x4 c:/program files (x86)/atollic/truestudio for stm32 9.3.0/armtools/bin/../lib/gcc/arm-atollic-eabi/6.3.1/armv6-m/crtbegin.o
 .text          0x00000000        0x0 src\lib\k_rcc\K_RCC.o
 .data          0x00000000        0x0 src\lib\k_rcc\K_RCC.o
 .bss           0x00000000        0x0 src\lib\k_rcc\K_RCC.o
 .text          0x00000000        0x0 src\main.o
 .data          0x00000000        0x0 src\main.o
 .bss           0x00000000        0x0 src\main.o
 .data.str      0x00000000        0x7 src\main.o
 .text          0x00000000       0x14 src\startup_stm32f030x8.o
 .data          0x00000000        0x0 src\startup_stm32f030x8.o
 .bss           0x00000000        0x0 src\startup_stm32f030x8.o
 .text          0x00000000        0x0 src\system_stm32f0xx.o
 .data          0x00000000        0x0 src\system_stm32f0xx.o
 .bss           0x00000000        0x0 src\system_stm32f0xx.o
 .data.SystemCoreClock
                0x00000000        0x4 src\system_stm32f0xx.o
 .rodata.AHBPrescTable
                0x00000000       0x10 src\system_stm32f0xx.o
 .rodata.APBPrescTable
                0x00000000        0x8 src\system_stm32f0xx.o
 .text.SystemCoreClockUpdate
                0x00000000       0xd8 src\system_stm32f0xx.o
 .text          0x00000000        0x0 c:/program files (x86)/atollic/truestudio for stm32 9.3.0/armtools/bin/../lib/gcc/arm-atollic-eabi/6.3.1/../../../../arm-atollic-eabi/lib/armv6-m\libc_nano.a(lib_a-init.o)
 .data          0x00000000        0x0 c:/program files (x86)/atollic/truestudio for stm32 9.3.0/armtools/bin/../lib/gcc/arm-atollic-eabi/6.3.1/../../../../arm-atollic-eabi/lib/armv6-m\libc_nano.a(lib_a-init.o)
 .bss           0x00000000        0x0 c:/program files (x86)/atollic/truestudio for stm32 9.3.0/armtools/bin/../lib/gcc/arm-atollic-eabi/6.3.1/../../../../arm-atollic-eabi/lib/armv6-m\libc_nano.a(lib_a-init.o)
 .data          0x00000000        0x0 c:/program files (x86)/atollic/truestudio for stm32 9.3.0/armtools/bin/../lib/gcc/arm-atollic-eabi/6.3.1/armv6-m\libgcc.a(_udivsi3.o)
 .bss           0x00000000        0x0 c:/program files (x86)/atollic/truestudio for stm32 9.3.0/armtools/bin/../lib/gcc/arm-atollic-eabi/6.3.1/armv6-m\libgcc.a(_udivsi3.o)
 .data          0x00000000        0x0 c:/program files (x86)/atollic/truestudio for stm32 9.3.0/armtools/bin/../lib/gcc/arm-atollic-eabi/6.3.1/armv6-m\libgcc.a(_dvmd_tls.o)
 .bss           0x00000000        0x0 c:/program files (x86)/atollic/truestudio for stm32 9.3.0/armtools/bin/../lib/gcc/arm-atollic-eabi/6.3.1/armv6-m\libgcc.a(_dvmd_tls.o)
 .text          0x00000000        0x0 c:/program files (x86)/atollic/truestudio for stm32 9.3.0/armtools/bin/../lib/gcc/arm-atollic-eabi/6.3.1/armv6-m/crtend.o
 .data          0x00000000        0x0 c:/program files (x86)/atollic/truestudio for stm32 9.3.0/armtools/bin/../lib/gcc/arm-atollic-eabi/6.3.1/armv6-m/crtend.o
 .bss           0x00000000        0x0 c:/program files (x86)/atollic/truestudio for stm32 9.3.0/armtools/bin/../lib/gcc/arm-atollic-eabi/6.3.1/armv6-m/crtend.o
 .eh_frame      0x00000000        0x4 c:/program files (x86)/atollic/truestudio for stm32 9.3.0/armtools/bin/../lib/gcc/arm-atollic-eabi/6.3.1/armv6-m/crtend.o
 .ARM.attributes
                0x00000000       0x2c c:/program files (x86)/atollic/truestudio for stm32 9.3.0/armtools/bin/../lib/gcc/arm-atollic-eabi/6.3.1/armv6-m/crtend.o
 .text          0x00000000        0x0 c:/program files (x86)/atollic/truestudio for stm32 9.3.0/armtools/bin/../lib/gcc/arm-atollic-eabi/6.3.1/armv6-m/crtn.o
 .data          0x00000000        0x0 c:/program files (x86)/atollic/truestudio for stm32 9.3.0/armtools/bin/../lib/gcc/arm-atollic-eabi/6.3.1/armv6-m/crtn.o
 .bss           0x00000000        0x0 c:/program files (x86)/atollic/truestudio for stm32 9.3.0/armtools/bin/../lib/gcc/arm-atollic-eabi/6.3.1/armv6-m/crtn.o

Memory Configuration

Name             Origin             Length             Attributes
FLASH            0x08000000         0x00010000         xr
RAM              0x20000000         0x00002000         xrw
MEMORY_B1        0x60000000         0x00000000         xr
*default*        0x00000000         0xffffffff

Linker script and memory map

LOAD c:/program files (x86)/atollic/truestudio for stm32 9.3.0/armtools/bin/../lib/gcc/arm-atollic-eabi/6.3.1/armv6-m/crti.o
LOAD c:/program files (x86)/atollic/truestudio for stm32 9.3.0/armtools/bin/../lib/gcc/arm-atollic-eabi/6.3.1/armv6-m/crtbegin.o
LOAD src\lib\k_rcc\K_RCC.o
LOAD src\main.o
LOAD src\startup_stm32f030x8.o
LOAD src\system_stm32f0xx.o
                0x00000080                malloc_getpagesize_P = 0x80
START GROUP
LOAD c:/program files (x86)/atollic/truestudio for stm32 9.3.0/armtools/bin/../lib/gcc/arm-atollic-eabi/6.3.1/../../../../arm-atollic-eabi/lib/armv6-m\libc_nano.a
LOAD c:/program files (x86)/atollic/truestudio for stm32 9.3.0/armtools/bin/../lib/gcc/arm-atollic-eabi/6.3.1/../../../../arm-atollic-eabi/lib/armv6-m\libm.a
END GROUP
START GROUP
LOAD c:/program files (x86)/atollic/truestudio for stm32 9.3.0/armtools/bin/../lib/gcc/arm-atollic-eabi/6.3.1/armv6-m\libgcc.a
LOAD c:/program files (x86)/atollic/truestudio for stm32 9.3.0/armtools/bin/../lib/gcc/arm-atollic-eabi/6.3.1/../../../../arm-atollic-eabi/lib/armv6-m\libc_nano.a
END GROUP
START GROUP
LOAD c:/program files (x86)/atollic/truestudio for stm32 9.3.0/armtools/bin/../lib/gcc/arm-atollic-eabi/6.3.1/armv6-m\libgcc.a
LOAD c:/program files (x86)/atollic/truestudio for stm32 9.3.0/armtools/bin/../lib/gcc/arm-atollic-eabi/6.3.1/../../../../arm-atollic-eabi/lib/armv6-m\libc_nano.a
LOAD c:/program files (x86)/atollic/truestudio for stm32 9.3.0/armtools/bin/../lib/gcc/arm-atollic-eabi/6.3.1/../../../../arm-atollic-eabi/lib/armv6-m\libnosys.a
END GROUP
START GROUP
LOAD c:/program files (x86)/atollic/truestudio for stm32 9.3.0/armtools/bin/../lib/gcc/arm-atollic-eabi/6.3.1/armv6-m\libgcc.a
LOAD c:/program files (x86)/atollic/truestudio for stm32 9.3.0/armtools/bin/../lib/gcc/arm-atollic-eabi/6.3.1/../../../../arm-atollic-eabi/lib/armv6-m\libc_nano.a
LOAD c:/program files (x86)/atollic/truestudio for stm32 9.3.0/armtools/bin/../lib/gcc/arm-atollic-eabi/6.3.1/../../../../arm-atollic-eabi/lib/armv6-m\libnosys.a
END GROUP
LOAD c:/program files (x86)/atollic/truestudio for stm32 9.3.0/armtools/bin/../lib/gcc/arm-atollic-eabi/6.3.1/armv6-m/crtend.o
LOAD c:/program files (x86)/atollic/truestudio for stm32 9.3.0/armtools/bin/../lib/gcc/arm-atollic-eabi/6.3.1/armv6-m/crtn.o
                0x20002000                _estack = 0x20002000
                0x00000000                _Min_Heap_Size = 0x0
                0x00000080                _Min_Stack_Size = 0x80

.isr_vector     0x08000000       0xc0
                0x08000000                . = ALIGN (0x4)
 *(.isr_vector)
 .isr_vector    0x08000000       0xc0 src\startup_stm32f030x8.o
                0x08000000                g_pfnVectors
                0x080000c0                . = ALIGN (0x4)

.text           0x080000c0     0x10f0
                0x080000c0                . = ALIGN (0x4)
 *(.text)
 .text          0x080000c0       0x48 c:/program files (x86)/atollic/truestudio for stm32 9.3.0/armtools/bin/../lib/gcc/arm-atollic-eabi/6.3.1/armv6-m/crtbegin.o
 .text          0x08000108      0x114 c:/program files (x86)/atollic/truestudio for stm32 9.3.0/armtools/bin/../lib/gcc/arm-atollic-eabi/6.3.1/armv6-m\libgcc.a(_udivsi3.o)
                0x08000108                __aeabi_uidiv
                0x08000108                __udivsi3
                0x08000214                __aeabi_uidivmod
 .text          0x0800021c        0x4 c:/program files (x86)/atollic/truestudio for stm32 9.3.0/armtools/bin/../lib/gcc/arm-atollic-eabi/6.3.1/armv6-m\libgcc.a(_dvmd_tls.o)
                0x0800021c                __aeabi_idiv0
                0x0800021c                __aeabi_ldiv0
 *(.text*)
 .text.K_updatePeriphFreq
                0x08000220      0x158 src\lib\k_rcc\K_RCC.o
                0x08000220                K_updatePeriphFreq
 .text.K_SetExtClockPLL
                0x08000378      0x3b4 src\lib\k_rcc\K_RCC.o
                0x08000378                K_SetExtClockPLL
 .text.K_SetExtClockDirect
                0x0800072c       0x54 src\lib\k_rcc\K_RCC.o
                0x0800072c                K_SetExtClockDirect
 .text.K_SetIntClockDirect
                0x08000780       0x4c src\lib\k_rcc\K_RCC.o
                0x08000780                K_SetIntClockDirect
 .text.K_SetIntClockPLL
                0x080007cc      0x214 src\lib\k_rcc\K_RCC.o
                0x080007cc                K_SetIntClockPLL
 .text.K_initMCOoutput
                0x080009e0       0xf0 src\lib\k_rcc\K_RCC.o
                0x080009e0                K_initMCOoutput
 .text.K_setClock
                0x08000ad0      0x1bc src\lib\k_rcc\K_RCC.o
                0x08000ad0                K_setClock
 .text.NVIC_EnableIRQ
                0x08000c8c       0x2c src\main.o
 .text.NVIC_SetPriority
                0x08000cb8       0xdc src\main.o
 .text.receiveHX711Value
                0x08000d94      0x144 src\main.o
                0x08000d94                receiveHX711Value
 .text.TIM6_IRQHandler
                0x08000ed8       0x20 src\main.o
                0x08000ed8                TIM6_IRQHandler
 .text.main     0x08000ef8      0x17c src\main.o
                0x08000ef8                main
 .text.Reset_Handler
                0x08001074       0x50 src\startup_stm32f030x8.o
                0x08001074                Reset_Handler
 .text.Default_Handler
                0x080010c4        0x2 src\startup_stm32f030x8.o
                0x080010c4                TIM1_CC_IRQHandler
                0x080010c4                HardFault_Handler
                0x080010c4                SysTick_Handler
                0x080010c4                PendSV_Handler
                0x080010c4                NMI_Handler
                0x080010c4                I2C1_IRQHandler
                0x080010c4                SPI1_IRQHandler
                0x080010c4                EXTI2_3_IRQHandler
                0x080010c4                ADC1_IRQHandler
                0x080010c4                I2C2_IRQHandler
                0x080010c4                TIM17_IRQHandler
                0x080010c4                RTC_IRQHandler
                0x080010c4                TIM16_IRQHandler
                0x080010c4                TIM3_IRQHandler
                0x080010c4                EXTI4_15_IRQHandler
                0x080010c4                RCC_IRQHandler
                0x080010c4                DMA1_Channel1_IRQHandler
                0x080010c4                Default_Handler
                0x080010c4                TIM14_IRQHandler
                0x080010c4                DMA1_Channel4_5_IRQHandler
                0x080010c4                TIM15_IRQHandler
                0x080010c4                EXTI0_1_IRQHandler
                0x080010c4                SPI2_IRQHandler
                0x080010c4                SVC_Handler
                0x080010c4                WWDG_IRQHandler
                0x080010c4                DMA1_Channel2_3_IRQHandler
                0x080010c4                USART2_IRQHandler
                0x080010c4                FLASH_IRQHandler
                0x080010c4                USART1_IRQHandler
                0x080010c4                TIM1_BRK_UP_TRG_COM_IRQHandler
 *fill*         0x080010c6        0x2 
 .text.SystemInit
                0x080010c8       0x88 src\system_stm32f0xx.o
                0x080010c8                SystemInit
 .text.__libc_init_array
                0x08001150       0x48 c:/program files (x86)/atollic/truestudio for stm32 9.3.0/armtools/bin/../lib/gcc/arm-atollic-eabi/6.3.1/../../../../arm-atollic-eabi/lib/armv6-m\libc_nano.a(lib_a-init.o)
                0x08001150                __libc_init_array
 *(.glue_7)
 .glue_7        0x08001198        0x0 linker stubs
 *(.glue_7t)
 .glue_7t       0x08001198        0x0 linker stubs
 *(.eh_frame)
 .eh_frame      0x08001198        0x0 c:/program files (x86)/atollic/truestudio for stm32 9.3.0/armtools/bin/../lib/gcc/arm-atollic-eabi/6.3.1/armv6-m/crtbegin.o
 *(.init)
 .init          0x08001198        0x4 c:/program files (x86)/atollic/truestudio for stm32 9.3.0/armtools/bin/../lib/gcc/arm-atollic-eabi/6.3.1/armv6-m/crti.o
                0x08001198                _init
 .init          0x0800119c        0x8 c:/program files (x86)/atollic/truestudio for stm32 9.3.0/armtools/bin/../lib/gcc/arm-atollic-eabi/6.3.1/armv6-m/crtn.o
 *(.fini)
 .fini          0x080011a4        0x4 c:/program files (x86)/atollic/truestudio for stm32 9.3.0/armtools/bin/../lib/gcc/arm-atollic-eabi/6.3.1/armv6-m/crti.o
                0x080011a4                _fini
 .fini          0x080011a8        0x8 c:/program files (x86)/atollic/truestudio for stm32 9.3.0/armtools/bin/../lib/gcc/arm-atollic-eabi/6.3.1/armv6-m/crtn.o
                0x080011b0                . = ALIGN (0x4)
                0x080011b0                _etext = .

.vfp11_veneer   0x080011b0        0x0
 .vfp11_veneer  0x080011b0        0x0 linker stubs

.v4_bx          0x080011b0        0x0
 .v4_bx         0x080011b0        0x0 linker stubs

.iplt           0x080011b0        0x0
 .iplt          0x080011b0        0x0 c:/program files (x86)/atollic/truestudio for stm32 9.3.0/armtools/bin/../lib/gcc/arm-atollic-eabi/6.3.1/armv6-m/crtbegin.o

.rel.dyn        0x080011b0        0x0
 .rel.iplt      0x080011b0        0x0 c:/program files (x86)/atollic/truestudio for stm32 9.3.0/armtools/bin/../lib/gcc/arm-atollic-eabi/6.3.1/armv6-m/crtbegin.o

.rodata         0x080011b0        0x0
                0x080011b0                . = ALIGN (0x4)
 *(.rodata)
 *(.rodata*)
                0x080011b0                . = ALIGN (0x4)

.ARM.extab
 *(.ARM.extab* .gnu.linkonce.armextab.*)

.ARM            0x080011b0        0x0
                0x080011b0                __exidx_start = .
 *(.ARM.exidx*)
                0x080011b0                __exidx_end = .

.preinit_array  0x080011b0        0x0
                0x080011b0                PROVIDE (__preinit_array_start, .)
 *(.preinit_array*)
                0x080011b0                PROVIDE (__preinit_array_end, .)

.init_array     0x080011b0        0x4
                0x080011b0                PROVIDE (__init_array_start, .)
 *(SORT(.init_array.*))
 *(.init_array*)
 .init_array    0x080011b0        0x4 c:/program files (x86)/atollic/truestudio for stm32 9.3.0/armtools/bin/../lib/gcc/arm-atollic-eabi/6.3.1/armv6-m/crtbegin.o
                0x080011b4                PROVIDE (__init_array_end, .)

.fini_array     0x080011b4        0x4
                [!provide]                PROVIDE (__fini_array_start, .)
 *(SORT(.fini_array.*))
 *(.fini_array*)
 .fini_array    0x080011b4        0x4 c:/program files (x86)/atollic/truestudio for stm32 9.3.0/armtools/bin/../lib/gcc/arm-atollic-eabi/6.3.1/armv6-m/crtbegin.o
                [!provide]                PROVIDE (__fini_array_end, .)
                0x080011b8                _sidata = LOADADDR (.data)

.data           0x20000000        0xc load address 0x080011b8
                0x20000000                . = ALIGN (0x4)
                0x20000000                _sdata = .
 *(.data)
 *(.data*)
 .data.K_EXT_OSC_FREQ
                0x20000000        0x4 src\lib\k_rcc\K_RCC.o
                0x20000000                K_EXT_OSC_FREQ
 .data.K_INT_OSC_FREQ
                0x20000004        0x4 src\lib\k_rcc\K_RCC.o
                0x20000004                K_INT_OSC_FREQ
 .data.receive_state.4639
                0x20000008        0x1 src\main.o
                0x2000000c                . = ALIGN (0x4)
 *fill*         0x20000009        0x3 
                0x2000000c                _edata = .

.igot.plt       0x2000000c        0x0 load address 0x080011c4
 .igot.plt      0x2000000c        0x0 c:/program files (x86)/atollic/truestudio for stm32 9.3.0/armtools/bin/../lib/gcc/arm-atollic-eabi/6.3.1/armv6-m/crtbegin.o
                0x2000000c                . = ALIGN (0x4)

.bss            0x2000000c       0x34 load address 0x080011c4
                0x2000000c                _sbss = .
                0x2000000c                __bss_start__ = _sbss
 *(.bss)
 .bss           0x2000000c       0x1c c:/program files (x86)/atollic/truestudio for stm32 9.3.0/armtools/bin/../lib/gcc/arm-atollic-eabi/6.3.1/armv6-m/crtbegin.o
 *(.bss*)
 .bss.RECEIVE_DATA
                0x20000028        0x4 src\main.o
                0x20000028                RECEIVE_DATA
 .bss.bit_numb.4637
                0x2000002c        0x1 src\main.o
 *fill*         0x2000002d        0x3 
 .bss.reveive_data.4638
                0x20000030        0x4 src\main.o
 *(COMMON)
 COMMON         0x20000034        0xc src\lib\k_rcc\K_RCC.o
                0x20000034                K_CLOCK_CONTROL_STRUCT
                0x20000040                . = ALIGN (0x4)
                0x20000040                _ebss = .
                0x20000040                __bss_end__ = _ebss

._user_heap_stack
                0x20000040       0x80 load address 0x080011c4
                0x20000040                . = ALIGN (0x4)
                [!provide]                PROVIDE (end, .)
                [!provide]                PROVIDE (_end, .)
                0x20000040                . = (. + _Min_Heap_Size)
                0x200000c0                . = (. + _Min_Stack_Size)
 *fill*         0x20000040       0x80 
                0x200000c0                . = ALIGN (0x4)

.memory_b1_text
 *(.mb1text)
 *(.mb1text*)
 *(.mb1rodata)
 *(.mb1rodata*)

/DISCARD/
 libc.a(*)
 libm.a(*)
 libgcc.a(*)

.ARM.attributes
                0x00000000       0x28
 *(.ARM.attributes)
 .ARM.attributes
                0x00000000       0x1e c:/program files (x86)/atollic/truestudio for stm32 9.3.0/armtools/bin/../lib/gcc/arm-atollic-eabi/6.3.1/armv6-m/crti.o
 .ARM.attributes
                0x0000001e       0x2c c:/program files (x86)/atollic/truestudio for stm32 9.3.0/armtools/bin/../lib/gcc/arm-atollic-eabi/6.3.1/armv6-m/crtbegin.o
 .ARM.attributes
                0x0000004a       0x31 src\lib\k_rcc\K_RCC.o
 .ARM.attributes
                0x0000007b       0x31 src\main.o
 .ARM.attributes
                0x000000ac       0x21 src\startup_stm32f030x8.o
 .ARM.attributes
                0x000000cd       0x31 src\system_stm32f0xx.o
 .ARM.attributes
                0x000000fe       0x2c c:/program files (x86)/atollic/truestudio for stm32 9.3.0/armtools/bin/../lib/gcc/arm-atollic-eabi/6.3.1/../../../../arm-atollic-eabi/lib/armv6-m\libc_nano.a(lib_a-init.o)
 .ARM.attributes
                0x0000012a       0x1e c:/program files (x86)/atollic/truestudio for stm32 9.3.0/armtools/bin/../lib/gcc/arm-atollic-eabi/6.3.1/armv6-m\libgcc.a(_udivsi3.o)
 .ARM.attributes
                0x00000148       0x1e c:/program files (x86)/atollic/truestudio for stm32 9.3.0/armtools/bin/../lib/gcc/arm-atollic-eabi/6.3.1/armv6-m\libgcc.a(_dvmd_tls.o)
 .ARM.attributes
                0x00000166       0x1e c:/program files (x86)/atollic/truestudio for stm32 9.3.0/armtools/bin/../lib/gcc/arm-atollic-eabi/6.3.1/armv6-m/crtn.o
OUTPUT(HX711 driver.elf elf32-littlearm)

.debug_info     0x00000000      0xfee
 .debug_info    0x00000000      0x465 src\lib\k_rcc\K_RCC.o
 .debug_info    0x00000465      0x8b1 src\main.o
 .debug_info    0x00000d16       0x8e src\startup_stm32f030x8.o
 .debug_info    0x00000da4      0x24a src\system_stm32f0xx.o

.debug_abbrev   0x00000000      0x438
 .debug_abbrev  0x00000000      0x15a src\lib\k_rcc\K_RCC.o
 .debug_abbrev  0x0000015a      0x1cf src\main.o
 .debug_abbrev  0x00000329       0x12 src\startup_stm32f030x8.o
 .debug_abbrev  0x0000033b       0xfd src\system_stm32f0xx.o

.debug_aranges  0x00000000       0xe0
 .debug_aranges
                0x00000000       0x50 src\lib\k_rcc\K_RCC.o
 .debug_aranges
                0x00000050       0x40 src\main.o
 .debug_aranges
                0x00000090       0x28 src\startup_stm32f030x8.o
 .debug_aranges
                0x000000b8       0x28 src\system_stm32f0xx.o

.debug_ranges   0x00000000       0xa8
 .debug_ranges  0x00000000       0x40 src\lib\k_rcc\K_RCC.o
 .debug_ranges  0x00000040       0x30 src\main.o
 .debug_ranges  0x00000070       0x20 src\startup_stm32f030x8.o
 .debug_ranges  0x00000090       0x18 src\system_stm32f0xx.o

.debug_line     0x00000000      0x79b
 .debug_line    0x00000000      0x309 src\lib\k_rcc\K_RCC.o
 .debug_line    0x00000309      0x25b src\main.o
 .debug_line    0x00000564       0x7f src\startup_stm32f030x8.o
 .debug_line    0x000005e3      0x1b8 src\system_stm32f0xx.o

.debug_str      0x00000000      0x71b
 .debug_str     0x00000000      0x373 src\lib\k_rcc\K_RCC.o
                                0x3cf (size before relaxing)
 .debug_str     0x00000373      0x34e src\main.o
                                0x630 (size before relaxing)
 .debug_str     0x000006c1       0x5a src\system_stm32f0xx.o
                                0x27d (size before relaxing)

.comment        0x00000000       0x7c
 .comment       0x00000000       0x7c src\lib\k_rcc\K_RCC.o
                                 0x7d (size before relaxing)
 .comment       0x0000007c       0x7d src\main.o
 .comment       0x0000007c       0x7d src\system_stm32f0xx.o

.debug_frame    0x00000000      0x22c
 .debug_frame   0x00000000       0xe8 src\lib\k_rcc\K_RCC.o
 .debug_frame   0x000000e8       0xac src\main.o
 .debug_frame   0x00000194       0x4c src\system_stm32f0xx.o
 .debug_frame   0x000001e0       0x2c c:/program files (x86)/atollic/truestudio for stm32 9.3.0/armtools/bin/../lib/gcc/arm-atollic-eabi/6.3.1/../../../../arm-atollic-eabi/lib/armv6-m\libc_nano.a(lib_a-init.o)
 .debug_frame   0x0000020c       0x20 c:/program files (x86)/atollic/truestudio for stm32 9.3.0/armtools/bin/../lib/gcc/arm-atollic-eabi/6.3.1/armv6-m\libgcc.a(_udivsi3.o)

Cross Reference Table

Symbol                                            File
ADC1_IRQHandler                                   src\startup_stm32f030x8.o
AHBPrescTable                                     src\system_stm32f0xx.o
APBPrescTable                                     src\system_stm32f0xx.o
DMA1_Channel1_IRQHandler                          src\startup_stm32f030x8.o
DMA1_Channel2_3_IRQHandler                        src\startup_stm32f030x8.o
DMA1_Channel4_5_IRQHandler                        src\startup_stm32f030x8.o
Default_Handler                                   src\startup_stm32f030x8.o
EXTI0_1_IRQHandler                                src\startup_stm32f030x8.o
EXTI2_3_IRQHandler                                src\startup_stm32f030x8.o
EXTI4_15_IRQHandler                               src\startup_stm32f030x8.o
FLASH_IRQHandler                                  src\startup_stm32f030x8.o
HardFault_Handler                                 src\startup_stm32f030x8.o
I2C1_IRQHandler                                   src\startup_stm32f030x8.o
I2C2_IRQHandler                                   src\startup_stm32f030x8.o
K_CLOCK_CONTROL_STRUCT                            src\lib\k_rcc\K_RCC.o
K_EXT_OSC_FREQ                                    src\lib\k_rcc\K_RCC.o
K_INT_OSC_FREQ                                    src\lib\k_rcc\K_RCC.o
K_SetExtClockDirect                               src\lib\k_rcc\K_RCC.o
K_SetExtClockPLL                                  src\lib\k_rcc\K_RCC.o
K_SetIntClockDirect                               src\lib\k_rcc\K_RCC.o
K_SetIntClockPLL                                  src\lib\k_rcc\K_RCC.o
K_initMCOoutput                                   src\lib\k_rcc\K_RCC.o
K_setClock                                        src\lib\k_rcc\K_RCC.o
                                                  src\main.o
K_updatePeriphFreq                                src\lib\k_rcc\K_RCC.o
NMI_Handler                                       src\startup_stm32f030x8.o
PendSV_Handler                                    src\startup_stm32f030x8.o
RCC_IRQHandler                                    src\startup_stm32f030x8.o
RECEIVE_DATA                                      src\main.o
RTC_IRQHandler                                    src\startup_stm32f030x8.o
Reset_Handler                                     src\startup_stm32f030x8.o
SPI1_IRQHandler                                   src\startup_stm32f030x8.o
SPI2_IRQHandler                                   src\startup_stm32f030x8.o
SVC_Handler                                       src\startup_stm32f030x8.o
SysTick_Handler                                   src\startup_stm32f030x8.o
SystemCoreClock                                   src\system_stm32f0xx.o
SystemCoreClockUpdate                             src\system_stm32f0xx.o
SystemInit                                        src\system_stm32f0xx.o
                                                  src\startup_stm32f030x8.o
TIM14_IRQHandler                                  src\startup_stm32f030x8.o
TIM15_IRQHandler                                  src\startup_stm32f030x8.o
TIM16_IRQHandler                                  src\startup_stm32f030x8.o
TIM17_IRQHandler                                  src\startup_stm32f030x8.o
TIM1_BRK_UP_TRG_COM_IRQHandler                    src\startup_stm32f030x8.o
TIM1_CC_IRQHandler                                src\startup_stm32f030x8.o
TIM3_IRQHandler                                   src\startup_stm32f030x8.o
TIM6_IRQHandler                                   src\main.o
USART1_IRQHandler                                 src\startup_stm32f030x8.o
USART2_IRQHandler                                 src\startup_stm32f030x8.o
WWDG_IRQHandler                                   src\startup_stm32f030x8.o
__aeabi_idiv0                                     c:/program files (x86)/atollic/truestudio for stm32 9.3.0/armtools/bin/../lib/gcc/arm-atollic-eabi/6.3.1/armv6-m\libgcc.a(_dvmd_tls.o)
                                                  c:/program files (x86)/atollic/truestudio for stm32 9.3.0/armtools/bin/../lib/gcc/arm-atollic-eabi/6.3.1/armv6-m\libgcc.a(_udivsi3.o)
__aeabi_ldiv0                                     c:/program files (x86)/atollic/truestudio for stm32 9.3.0/armtools/bin/../lib/gcc/arm-atollic-eabi/6.3.1/armv6-m\libgcc.a(_dvmd_tls.o)
__aeabi_uidiv                                     c:/program files (x86)/atollic/truestudio for stm32 9.3.0/armtools/bin/../lib/gcc/arm-atollic-eabi/6.3.1/armv6-m\libgcc.a(_udivsi3.o)
                                                  src\system_stm32f0xx.o
                                                  src\lib\k_rcc\K_RCC.o
__aeabi_uidivmod                                  c:/program files (x86)/atollic/truestudio for stm32 9.3.0/armtools/bin/../lib/gcc/arm-atollic-eabi/6.3.1/armv6-m\libgcc.a(_udivsi3.o)
__deregister_frame_info                           c:/program files (x86)/atollic/truestudio for stm32 9.3.0/armtools/bin/../lib/gcc/arm-atollic-eabi/6.3.1/armv6-m/crtbegin.o
__dso_handle                                      c:/program files (x86)/atollic/truestudio for stm32 9.3.0/armtools/bin/../lib/gcc/arm-atollic-eabi/6.3.1/armv6-m/crtbegin.o
__init_array_end                                  c:/program files (x86)/atollic/truestudio for stm32 9.3.0/armtools/bin/../lib/gcc/arm-atollic-eabi/6.3.1/../../../../arm-atollic-eabi/lib/armv6-m\libc_nano.a(lib_a-init.o)
__init_array_start                                c:/program files (x86)/atollic/truestudio for stm32 9.3.0/armtools/bin/../lib/gcc/arm-atollic-eabi/6.3.1/../../../../arm-atollic-eabi/lib/armv6-m\libc_nano.a(lib_a-init.o)
__libc_init_array                                 c:/program files (x86)/atollic/truestudio for stm32 9.3.0/armtools/bin/../lib/gcc/arm-atollic-eabi/6.3.1/../../../../arm-atollic-eabi/lib/armv6-m\libc_nano.a(lib_a-init.o)
                                                  src\startup_stm32f030x8.o
__preinit_array_end                               c:/program files (x86)/atollic/truestudio for stm32 9.3.0/armtools/bin/../lib/gcc/arm-atollic-eabi/6.3.1/../../../../arm-atollic-eabi/lib/armv6-m\libc_nano.a(lib_a-init.o)
__preinit_array_start                             c:/program files (x86)/atollic/truestudio for stm32 9.3.0/armtools/bin/../lib/gcc/arm-atollic-eabi/6.3.1/../../../../arm-atollic-eabi/lib/armv6-m\libc_nano.a(lib_a-init.o)
__register_frame_info                             c:/program files (x86)/atollic/truestudio for stm32 9.3.0/armtools/bin/../lib/gcc/arm-atollic-eabi/6.3.1/armv6-m/crtbegin.o
__udivsi3                                         c:/program files (x86)/atollic/truestudio for stm32 9.3.0/armtools/bin/../lib/gcc/arm-atollic-eabi/6.3.1/armv6-m\libgcc.a(_udivsi3.o)
_ebss                                             src\startup_stm32f030x8.o
_edata                                            src\startup_stm32f030x8.o
_estack                                           src\startup_stm32f030x8.o
_fini                                             c:/program files (x86)/atollic/truestudio for stm32 9.3.0/armtools/bin/../lib/gcc/arm-atollic-eabi/6.3.1/armv6-m/crti.o
_init                                             c:/program files (x86)/atollic/truestudio for stm32 9.3.0/armtools/bin/../lib/gcc/arm-atollic-eabi/6.3.1/armv6-m/crti.o
                                                  c:/program files (x86)/atollic/truestudio for stm32 9.3.0/armtools/bin/../lib/gcc/arm-atollic-eabi/6.3.1/../../../../arm-atollic-eabi/lib/armv6-m\libc_nano.a(lib_a-init.o)
_sbss                                             src\startup_stm32f030x8.o
_sdata                                            src\startup_stm32f030x8.o
_sidata                                           src\startup_stm32f030x8.o
g_pfnVectors                                      src\startup_stm32f030x8.o
main                                              src\main.o
                                                  src\startup_stm32f030x8.o
receiveHX711Value                                 src\main.o
str                                               src\main.o
