core_cm3.h:930:22:NVIC_EnableIRQ	16	static
Keyboard.c:39:6:delay_us_KEYBOARD	24	static
Keyboard.c:51:6:initKeyboard	16	static
Keyboard.c:66:6:scanKey	16	static
Keyboard.c:93:12:stMachineWork	24	static
Keyboard.c:141:6:clickSetOfButtons	16	static
Keyboard.c:165:6:keyboadrWork	24	static
Keyboard.c:213:6:usart3_init_keyboard	8	static
Keyboard.c:253:6:keyscan_work	16	static
Keyboard.c:302:29:redButtonClickHandler	4	static
Keyboard.c:304:29:redButtonPressHandler	4	static
Keyboard.c:306:29:blueButtonClickHandler	4	static
Keyboard.c:308:29:blueButtonPressHandler	4	static
Keyboard.c:310:29:greenButtonClickHandler	4	static
Keyboard.c:312:29:greenButtonPressHandler	4	static
Keyboard.c:314:29:yellowButtonClickHandler	4	static
Keyboard.c:316:29:yellowButtonPressHandler	4	static
Keyboard.c:319:29:redGreenButtonClickHandler	4	static
Keyboard.c:321:29:redYellowButtonClickHandler	4	static
Keyboard.c:323:29:redBlueButtonClickHandler	4	static
Keyboard.c:326:29:yellowGreenButtonClickHandler	4	static
Keyboard.c:328:29:yellowBlueButtonClickHandler	4	static
Keyboard.c:330:29:greenBlueButtonClickHandler	4	static
Keyboard.c:333:29:threeButtonClickHandler	4	static
