menu_callback.c:15:6:show_yes_no	16	static
menu_callback.c:24:6:show_received	16	static
menu_callback.c:28:6:show_curr	24	static
menu_callback.c:37:6:show_voltage	32	static
menu_callback.c:49:6:show_max	24	static
menu_callback.c:59:6:show_experiment_state	16	static
menu_callback.c:67:6:show_tenzoconst_k	24	static
menu_callback.c:70:6:inc_tenzoconst_k	16	static
menu_callback.c:73:6:dec_tenzoconst_k	16	static
menu_callback.c:77:6:show_tenzoconst_nom	24	static
menu_callback.c:80:6:inc_tenzoconst_nom	16	static
menu_callback.c:83:6:dec_tenzoconst_nom	16	static
menu_callback.c:90:6:show_tenzo_zero	56	static
menu_callback.c:104:6:set_tenzo_zero	4	static
menu_callback.c:110:6:inc_freq	4	static
menu_callback.c:114:6:dec_freq	4	static
menu_callback.c:118:6:show_freq	16	static
menu_callback.c:126:6:blueButtonClickHandler	8	static
menu_callback.c:130:6:yellowButtonClickHandler	8	static
menu_callback.c:136:6:redButtonClickHandler	8	static
menu_callback.c:139:6:greenButtonClickHandler	8	static
menu_callback.c:143:6:blueButtonPressHandler	8	static
menu_callback.c:147:6:yellowButtonPressHandler	8	static
menu_callback.c:151:6:redButtonPressHandler	8	static
menu_callback.c:155:6:greenButtonPressHandler	8	static
menu_callback.c:160:6:yellowBlueButtonClickHandler	4	static
menu_callback.c:164:6:redYellowButtonClickHandler	4	static
menu_callback.c:168:6:redBlueButtonClickHandler	4	static
menu_callback.c:172:6:threeButtonClickHandler	4	static
