Archive member included to satisfy reference by file (symbol)

c:/program files (x86)/atollic/truestudio for stm32 9.3.0/armtools/bin/../lib/gcc/arm-atollic-eabi/6.3.1/../../../../arm-atollic-eabi/lib/armv7-m\libc_nano.a(lib_a-init.o)
                              src\startup_stm32f10x_cl.o (__libc_init_array)
c:/program files (x86)/atollic/truestudio for stm32 9.3.0/armtools/bin/../lib/gcc/arm-atollic-eabi/6.3.1/../../../../arm-atollic-eabi/lib/armv7-m\libc_nano.a(lib_a-sprintf.o)
                              src\klever_src\lcd_menu\menu_callback.o (sprintf)
c:/program files (x86)/atollic/truestudio for stm32 9.3.0/armtools/bin/../lib/gcc/arm-atollic-eabi/6.3.1/../../../../arm-atollic-eabi/lib/armv7-m\libc_nano.a(lib_a-strcpy.o)
                              src\klever_src\lcd_menu\menu_callback.o (strcpy)
c:/program files (x86)/atollic/truestudio for stm32 9.3.0/armtools/bin/../lib/gcc/arm-atollic-eabi/6.3.1/../../../../arm-atollic-eabi/lib/armv7-m\libc_nano.a(lib_a-impure.o)
                              c:/program files (x86)/atollic/truestudio for stm32 9.3.0/armtools/bin/../lib/gcc/arm-atollic-eabi/6.3.1/../../../../arm-atollic-eabi/lib/armv7-m\libc_nano.a(lib_a-sprintf.o) (_impure_ptr)
c:/program files (x86)/atollic/truestudio for stm32 9.3.0/armtools/bin/../lib/gcc/arm-atollic-eabi/6.3.1/../../../../arm-atollic-eabi/lib/armv7-m\libc_nano.a(lib_a-nano-svfprintf.o)
                              c:/program files (x86)/atollic/truestudio for stm32 9.3.0/armtools/bin/../lib/gcc/arm-atollic-eabi/6.3.1/../../../../arm-atollic-eabi/lib/armv7-m\libc_nano.a(lib_a-sprintf.o) (_svfprintf_r)
c:/program files (x86)/atollic/truestudio for stm32 9.3.0/armtools/bin/../lib/gcc/arm-atollic-eabi/6.3.1/../../../../arm-atollic-eabi/lib/armv7-m\libc_nano.a(lib_a-nano-vfprintf_i.o)
                              c:/program files (x86)/atollic/truestudio for stm32 9.3.0/armtools/bin/../lib/gcc/arm-atollic-eabi/6.3.1/../../../../arm-atollic-eabi/lib/armv7-m\libc_nano.a(lib_a-nano-svfprintf.o) (_printf_i)
c:/program files (x86)/atollic/truestudio for stm32 9.3.0/armtools/bin/../lib/gcc/arm-atollic-eabi/6.3.1/../../../../arm-atollic-eabi/lib/armv7-m\libc_nano.a(lib_a-memchr-stub.o)
                              c:/program files (x86)/atollic/truestudio for stm32 9.3.0/armtools/bin/../lib/gcc/arm-atollic-eabi/6.3.1/../../../../arm-atollic-eabi/lib/armv7-m\libc_nano.a(lib_a-nano-svfprintf.o) (memchr)
c:/program files (x86)/atollic/truestudio for stm32 9.3.0/armtools/bin/../lib/gcc/arm-atollic-eabi/6.3.1/../../../../arm-atollic-eabi/lib/armv7-m\libc_nano.a(lib_a-memcpy-stub.o)
                              c:/program files (x86)/atollic/truestudio for stm32 9.3.0/armtools/bin/../lib/gcc/arm-atollic-eabi/6.3.1/../../../../arm-atollic-eabi/lib/armv7-m\libc_nano.a(lib_a-nano-svfprintf.o) (memcpy)
c:/program files (x86)/atollic/truestudio for stm32 9.3.0/armtools/bin/../lib/gcc/arm-atollic-eabi/6.3.1/../../../../arm-atollic-eabi/lib/armv7-m\libc_nano.a(lib_a-memmove.o)
                              c:/program files (x86)/atollic/truestudio for stm32 9.3.0/armtools/bin/../lib/gcc/arm-atollic-eabi/6.3.1/../../../../arm-atollic-eabi/lib/armv7-m\libc_nano.a(lib_a-nano-svfprintf.o) (memmove)
c:/program files (x86)/atollic/truestudio for stm32 9.3.0/armtools/bin/../lib/gcc/arm-atollic-eabi/6.3.1/../../../../arm-atollic-eabi/lib/armv7-m\libc_nano.a(lib_a-nano-freer.o)
                              c:/program files (x86)/atollic/truestudio for stm32 9.3.0/armtools/bin/../lib/gcc/arm-atollic-eabi/6.3.1/../../../../arm-atollic-eabi/lib/armv7-m\libc_nano.a(lib_a-nano-svfprintf.o) (_free_r)
c:/program files (x86)/atollic/truestudio for stm32 9.3.0/armtools/bin/../lib/gcc/arm-atollic-eabi/6.3.1/../../../../arm-atollic-eabi/lib/armv7-m\libc_nano.a(lib_a-nano-mallocr.o)
                              c:/program files (x86)/atollic/truestudio for stm32 9.3.0/armtools/bin/../lib/gcc/arm-atollic-eabi/6.3.1/../../../../arm-atollic-eabi/lib/armv7-m\libc_nano.a(lib_a-nano-svfprintf.o) (_malloc_r)
c:/program files (x86)/atollic/truestudio for stm32 9.3.0/armtools/bin/../lib/gcc/arm-atollic-eabi/6.3.1/../../../../arm-atollic-eabi/lib/armv7-m\libc_nano.a(lib_a-nano-reallocr.o)
                              c:/program files (x86)/atollic/truestudio for stm32 9.3.0/armtools/bin/../lib/gcc/arm-atollic-eabi/6.3.1/../../../../arm-atollic-eabi/lib/armv7-m\libc_nano.a(lib_a-nano-svfprintf.o) (_realloc_r)
c:/program files (x86)/atollic/truestudio for stm32 9.3.0/armtools/bin/../lib/gcc/arm-atollic-eabi/6.3.1/../../../../arm-atollic-eabi/lib/armv7-m\libc_nano.a(lib_a-sbrkr.o)
                              c:/program files (x86)/atollic/truestudio for stm32 9.3.0/armtools/bin/../lib/gcc/arm-atollic-eabi/6.3.1/../../../../arm-atollic-eabi/lib/armv7-m\libc_nano.a(lib_a-nano-mallocr.o) (_sbrk_r)
c:/program files (x86)/atollic/truestudio for stm32 9.3.0/armtools/bin/../lib/gcc/arm-atollic-eabi/6.3.1/../../../../arm-atollic-eabi/lib/armv7-m\libc_nano.a(lib_a-mlock.o)
[...]
Memory Configuration

Name             Origin             Length             Attributes
FLASH            0x08000000         0x00010000         xr
RAM              0x20000000         0x00010000         xrw
MEMORY_B1        0x60000000         0x00000000         xr
*default*        0x00000000         0xffffffff

Linker script and memory map

LOAD c:/program files (x86)/atollic/truestudio for stm32 9.3.0/armtools/bin/../lib/gcc/arm-atollic-eabi/6.3.1/armv7-m/crti.o
LOAD c:/program files (x86)/atollic/truestudio for stm32 9.3.0/armtools/bin/../lib/gcc/arm-atollic-eabi/6.3.1/armv7-m/crtbegin.o
LOAD src\klever_src\ADC.o
LOAD src\klever_src\GLCD.o
LOAD src\klever_src\GPIO.o
LOAD src\klever_src\I2C.o
LOAD src\klever_src\K_RCC\K_RCC.o
LOAD src\klever_src\MEM.o
LOAD src\klever_src\PWM.o
LOAD src\klever_src\RTC.o
LOAD src\klever_src\TIM.o
LOAD src\klever_src\lcd_menu\Keyboard.o
LOAD src\klever_src\lcd_menu\menu_callback.o
LOAD src\klever_src\lcd_menu\menu_init.o
LOAD src\klever_src\lcd_menu\screen.o
LOAD src\klever_src\log.o
LOAD src\klever_src\main_sm.o
LOAD src\klever_src\modbus.o
LOAD src\klever_src\pid.o
LOAD src\klever_src\tension_math.o
LOAD src\klever_src\usart.o
LOAD src\main.o
LOAD src\startup_stm32f10x_cl.o
LOAD src\system_stm32f10x.o
                0x00000080                malloc_getpagesize_P = 0x80
START GROUP
LOAD c:/program files (x86)/atollic/truestudio for stm32 9.3.0/armtools/bin/../lib/gcc/arm-atollic-eabi/6.3.1/../../../../arm-atollic-eabi/lib/armv7-m\libc_nano.a
LOAD c:/program files (x86)/atollic/truestudio for stm32 9.3.0/armtools/bin/../lib/gcc/arm-atollic-eabi/6.3.1/../../../../arm-atollic-eabi/lib/armv7-m\libm.a
END GROUP
START GROUP
LOAD c:/program files (x86)/atollic/truestudio for stm32 9.3.0/armtools/bin/../lib/gcc/arm-atollic-eabi/6.3.1/armv7-m\libgcc.a
LOAD c:/program files (x86)/atollic/truestudio for stm32 9.3.0/armtools/bin/../lib/gcc/arm-atollic-eabi/6.3.1/../../../../arm-atollic-eabi/lib/armv7-m\libc_nano.a
END GROUP
START GROUP
LOAD c:/program files (x86)/atollic/truestudio for stm32 9.3.0/armtools/bin/../lib/gcc/arm-atollic-eabi/6.3.1/armv7-m\libgcc.a
LOAD c:/program files (x86)/atollic/truestudio for stm32 9.3.0/armtools/bin/../lib/gcc/arm-atollic-eabi/6.3.1/../../../../arm-atollic-eabi/lib/armv7-m\libc_nano.a
LOAD c:/program files (x86)/atollic/truestudio for stm32 9.3.0/armtools/bin/../lib/gcc/arm-atollic-eabi/6.3.1/../../../../arm-atollic-eabi/lib/armv7-m\libnosys.a
END GROUP
START GROUP
LOAD c:/program files (x86)/atollic/truestudio for stm32 9.3.0/armtools/bin/../lib/gcc/arm-atollic-eabi/6.3.1/armv7-m\libgcc.a
LOAD c:/program files (x86)/atollic/truestudio for stm32 9.3.0/armtools/bin/../lib/gcc/arm-atollic-eabi/6.3.1/../../../../arm-atollic-eabi/lib/armv7-m\libc_nano.a
LOAD c:/program files (x86)/atollic/truestudio for stm32 9.3.0/armtools/bin/../lib/gcc/arm-atollic-eabi/6.3.1/../../../../arm-atollic-eabi/lib/armv7-m\libnosys.a
END GROUP
LOAD c:/program files (x86)/atollic/truestudio for stm32 9.3.0/armtools/bin/../lib/gcc/arm-atollic-eabi/6.3.1/armv7-m/crtend.o
LOAD c:/program files (x86)/atollic/truestudio for stm32 9.3.0/armtools/bin/../lib/gcc/arm-atollic-eabi/6.3.1/armv7-m/crtn.o
                0x20010000                _estack = 0x20010000
                0x00000000                _Min_Heap_Size = 0x0
                0x00000200                _Min_Stack_Size = 0x200

.isr_vector     0x08000000      0x1e4
                0x08000000                . = ALIGN (0x4)
 *(.isr_vector)
 .isr_vector    0x08000000      0x1e4 src\startup_stm32f10x_cl.o
                0x08000000                g_pfnVectors
                0x080001e4                . = ALIGN (0x4)

.text           0x080001e8     0x9bc0
                0x080001e8                . = ALIGN (0x4)
 *(.text)
 .text          0x080001e8       0x40 c:/program files (x86)/atollic/truestudio for stm32 9.3.0/armtools/bin/../lib/gcc/arm-atollic-eabi/6.3.1/armv7-m/crtbegin.o
 .text          0x08000228      0x370 c:/program files (x86)/atollic/truestudio for stm32 9.3.0/armtools/bin/../lib/gcc/arm-atollic-eabi/6.3.1/armv7-m\libgcc.a(_arm_addsubdf3.o)
                0x08000228                __aeabi_drsub
                0x08000230                __aeabi_dsub
                0x08000230                __subdf3
                0x08000234                __aeabi_dadd
                0x08000234                __adddf3
                0x080004ac                __floatunsidf
                0x080004ac                __aeabi_ui2d
                0x080004cc                __floatsidf
                0x080004cc                __aeabi_i2d
                0x080004f0                __aeabi_f2d
                0x080004f0                __extendsfdf2
                0x0800052c                __floatundidf
                0x0800052c                __aeabi_ul2d
                0x0800053c                __floatdidf
                0x0800053c                __aeabi_l2d
 .text          0x08000598      0x424 c:/program files (x86)/atollic/truestudio for stm32 9.3.0/armtools/bin/../lib/gcc/arm-atollic-eabi/6.3.1/armv7-m\libgcc.a(_arm_muldivdf3.o)
                0x08000598                __aeabi_dmul
                0x08000598                __muldf3
                0x080007ec                __divdf3
                0x080007ec                __aeabi_ddiv
 .text          0x080009bc      0x110 c:/program files (x86)/atollic/truestudio for stm32 9.3.0/armtools/bin/../lib/gcc/arm-atollic-eabi/6.3.1/armv7-m\libgcc.a(_arm_cmpdf2.o)
                0x080009bc                __gtdf2
                0x080009bc                __gedf2
                0x080009c4                __ltdf2
                0x080009c4                __ledf2
                0x080009cc                __nedf2
                0x080009cc                __eqdf2
                0x080009cc                __cmpdf2
                0x08000a48                __aeabi_cdrcmple
                0x08000a58                __aeabi_cdcmpeq
                0x08000a58                __aeabi_cdcmple
                0x08000a68                __aeabi_dcmpeq
                0x08000a7c                __aeabi_dcmplt
                0x08000a90                __aeabi_dcmple
                0x08000aa4                __aeabi_dcmpge
                0x08000ab8                __aeabi_dcmpgt
 .text          0x08000acc       0x50 c:/program files (x86)/atollic/truestudio for stm32 9.3.0/armtools/bin/../lib/gcc/arm-atollic-eabi/6.3.1/armv7-m\libgcc.a(_arm_fixdfsi.o)
                0x08000acc                __aeabi_d2iz
                0x08000acc                __fixdfsi
 .text          0x08000b1c       0xa0 c:/program files (x86)/atollic/truestudio for stm32 9.3.0/armtools/bin/../lib/gcc/arm-atollic-eabi/6.3.1/armv7-m\libgcc.a(_arm_truncdfsf2.o)
                0x08000b1c                __truncdfsf2
                0x08000b1c                __aeabi_d2f
 .text          0x08000bbc      0x21c c:/program files (x86)/atollic/truestudio for stm32 9.3.0/armtools/bin/../lib/gcc/arm-atollic-eabi/6.3.1/armv7-m\libgcc.a(_arm_addsubsf3.o)
                0x08000bbc                __aeabi_frsub
                0x08000bc4                __subsf3
                0x08000bc4                __aeabi_fsub
                0x08000bc8                __aeabi_fadd
                0x08000bc8                __addsf3
                0x08000d28                __aeabi_ui2f
                0x08000d28                __floatunsisf
                0x08000d30                __aeabi_i2f
                0x08000d30                __floatsisf
                0x08000d4c                __aeabi_ul2f
                0x08000d4c                __floatundisf
                0x08000d5c                __aeabi_l2f
                0x08000d5c                __floatdisf
 .text          0x08000dd8      0x2a0 c:/program files (x86)/atollic/truestudio for stm32 9.3.0/armtools/bin/../lib/gcc/arm-atollic-eabi/6.3.1/armv7-m\libgcc.a(_arm_muldivsf3.o)
                0x08000dd8                __mulsf3
                0x08000dd8                __aeabi_fmul
                0x08000f40                __aeabi_fdiv
                0x08000f40                __divsf3
 .text          0x08001078       0xec c:/program files (x86)/atollic/truestudio for stm32 9.3.0/armtools/bin/../lib/gcc/arm-atollic-eabi/6.3.1/armv7-m\libgcc.a(_arm_cmpsf2.o)
                0x08001078                __gesf2
                0x08001078                __gtsf2
                0x08001080                __lesf2
                0x08001080                __ltsf2
                0x08001088                __nesf2
                0x08001088                __eqsf2
                0x08001088                __cmpsf2
                0x080010e8                __aeabi_cfrcmple
                0x080010f0                __aeabi_cfcmpeq
                0x080010f0                __aeabi_cfcmple
                0x08001100                __aeabi_fcmpeq
                0x08001114                __aeabi_fcmplt
                0x08001128                __aeabi_fcmple
                0x0800113c                __aeabi_fcmpge
                0x08001150                __aeabi_fcmpgt
 .text          0x08001164       0x4c c:/program files (x86)/atollic/truestudio for stm32 9.3.0/armtools/bin/../lib/gcc/arm-atollic-eabi/6.3.1/armv7-m\libgcc.a(_arm_fixsfsi.o)
                0x08001164                __aeabi_f2iz
                0x08001164                __fixsfsi
 .text          0x080011b0       0x30 c:/program files (x86)/atollic/truestudio for stm32 9.3.0/armtools/bin/../lib/gcc/arm-atollic-eabi/6.3.1/armv7-m\libgcc.a(_aeabi_uldivmod.o)
                0x080011b0                __aeabi_uldivmod
 .text          0x080011e0      0x2dc c:/program files (x86)/atollic/truestudio for stm32 9.3.0/armtools/bin/../lib/gcc/arm-atollic-eabi/6.3.1/armv7-m\libgcc.a(_udivmoddi4.o)
                0x080011e0                __udivmoddi4
 .text          0x080014bc        0x4 c:/program files (x86)/atollic/truestudio for stm32 9.3.0/armtools/bin/../lib/gcc/arm-atollic-eabi/6.3.1/armv7-m\libgcc.a(_dvmd_tls.o)
                0x080014bc                __aeabi_idiv0
                0x080014bc                __aeabi_ldiv0
 *(.text*)
 .text.ADC_Init
                0x080014c0      0x108 src\klever_src\ADC.o
                0x080014c0                ADC_Init
 .text.SPI_Init
                0x080015c8       0x4c src\klever_src\GLCD.o
                0x080015c8                SPI_Init
 .text.spi_Send
                0x08001614       0x50 src\klever_src\GLCD.o
                0x08001614                spi_Send
 .text.glcd_Send
                0x08001664       0x84 src\klever_src\GLCD.o
                0x08001664                glcd_Send
 .text.glcd_Delay
                0x080016e8       0x38 src\klever_src\GLCD.o
                0x080016e8                glcd_Delay
 .text.GLCD_Init
                0x08001720       0x50 src\klever_src\GLCD.o
                0x08001720                GLCD_Init
 .text.glcd_Buffer_Clear
                0x08001770       0x34 src\klever_src\GLCD.o
                0x08001770                glcd_Buffer_Clear
 .text.glcd_Show
                0x080017a4       0xd0 src\klever_src\GLCD.o
                0x080017a4                glcd_Show
 .text.glcd_Char
                0x08001874      0x15c src\klever_src\GLCD.o
                0x08001874                glcd_Char
 .text.glcd_String
                0x080019d0       0xc8 src\klever_src\GLCD.o
                0x080019d0                glcd_String
 .text.GPIO_delay
                0x08001a98       0x1c src\klever_src\GPIO.o
                0x08001a98                GPIO_delay
 .text.GPIO_Init
                0x08001ab4      0x164 src\klever_src\GPIO.o
                0x08001ab4                GPIO_Init
 .text.FC_rotate_Fwd
                0x08001c18       0x24 src\klever_src\GPIO.o
                0x08001c18                FC_rotate_Fwd
 .text.FC_rotate_Stop
                0x08001c3c       0x24 src\klever_src\GPIO.o
                0x08001c3c                FC_rotate_Stop
 .text.FC_tension_Up
                0x08001c60       0x24 src\klever_src\GPIO.o
                0x08001c60                FC_tension_Up
 .text.FC_tension_Down
                0x08001c84       0x24 src\klever_src\GPIO.o
                0x08001c84                FC_tension_Down
 .text.FC_tension_Hold
                0x08001ca8       0x24 src\klever_src\GPIO.o
                0x08001ca8                FC_tension_Hold
 .text.I2C_delay
                0x08001ccc       0x2c src\klever_src\I2C.o
                0x08001ccc                I2C_delay
 .text.I2C_GPIO_conf_with_Errata
                0x08001cf8      0x124 src\klever_src\I2C.o
                0x08001cf8                I2C_GPIO_conf_with_Errata
 .text.I2C_Init
                0x08001e1c       0xa8 src\klever_src\I2C.o
                0x08001e1c                I2C_Init
 .text.EEPROM_write_DWord
                0x08001ec4      0x204 src\klever_src\I2C.o
                0x08001ec4                EEPROM_write_DWord
 .text.EEPROM_read_word
                0x080020c8      0x15c src\klever_src\I2C.o
                0x080020c8                EEPROM_read_word
 .text.EEPROM_read_DWord
                0x08002224       0x54 src\klever_src\I2C.o
                0x08002224                EEPROM_read_DWord
 .text.K_updatePeriphFreq
                0x08002278      0x1e8 src\klever_src\K_RCC\K_RCC.o
                0x08002278                K_updatePeriphFreq
 .text.K_SetExtClockPLL
                0x08002460      0x80c src\klever_src\K_RCC\K_RCC.o
                0x08002460                K_SetExtClockPLL
 .text.K_SetExtClockDirect
                0x08002c6c       0x54 src\klever_src\K_RCC\K_RCC.o
                0x08002c6c                K_SetExtClockDirect
 .text.K_SetIntClockDirect
                0x08002cc0       0x50 src\klever_src\K_RCC\K_RCC.o
                0x08002cc0                K_SetIntClockDirect
 .text.K_SetIntClockPLL
                0x08002d10      0x130 src\klever_src\K_RCC\K_RCC.o
                0x08002d10                K_SetIntClockPLL
 .text.K_initMCOoutput
                0x08002e40       0x88 src\klever_src\K_RCC\K_RCC.o
                0x08002e40                K_initMCOoutput
 .text.K_setClock
                0x08002ec8      0x204 src\klever_src\K_RCC\K_RCC.o
                0x08002ec8                K_setClock
 .text.K_setClockHSE_2param
                0x080030cc      0x12e src\klever_src\K_RCC\K_RCC.o
                0x080030cc                K_setClockHSE_2param
 .text.K_setClockHSE
                0x080031fa       0x1c src\klever_src\K_RCC\K_RCC.o
                0x080031fa                K_setClockHSE
 *fill*         0x08003216        0x2 
 .text.BDCR_Lock
                0x08003218       0x1c src\klever_src\MEM.o
                0x08003218                BDCR_Lock
 .text.BDCR_UnLock
                0x08003234       0x1c src\klever_src\MEM.o
                0x08003234                BDCR_UnLock
 .text.BDCR_Init
                0x08003250       0x1c src\klever_src\MEM.o
                0x08003250                BDCR_Init
 .text.BDCR_Write_Word
                0x0800326c       0x38 src\klever_src\MEM.o
                0x0800326c                BDCR_Write_Word
 .text.BDCR_Read_Word
                0x080032a4       0x30 src\klever_src\MEM.o
                0x080032a4                BDCR_Read_Word
 .text.NVIC_EnableIRQ
                0x080032d4       0x30 src\klever_src\PWM.o
 .text.PWM_Init
                0x08003304      0x11c src\klever_src\PWM.o
                0x08003304                PWM_Init
 .text.PWM_Enable
                0x08003420       0x40 src\klever_src\PWM.o
                0x08003420                PWM_Enable
 .text.PWM_Update
                0x08003460       0x74 src\klever_src\PWM.o
                0x08003460                PWM_Update
 .text.__nop    0x080034d4        0xc src\klever_src\RTC.o
                0x080034d4                __nop
 .text.RCC_LSE_Config
                0x080034e0       0x64 src\klever_src\RTC.o
                0x080034e0                RCC_LSE_Config
 .text.RTC_SetPrescaler
                0x08003544       0x50 src\klever_src\RTC.o
                0x08003544                RTC_SetPrescaler
 .text.RTC_Init
                0x08003594       0xb8 src\klever_src\RTC.o
                0x08003594                RTC_Init
 .text.RTC_GetDateTime
                0x0800364c      0x200 src\klever_src\RTC.o
                0x0800364c                RTC_GetDateTime
 .text.RTC_GetCounter
                0x0800384c       0x2c src\klever_src\RTC.o
                0x0800384c                RTC_GetCounter
 .text.SysTick_Init
                0x08003878       0x28 src\klever_src\TIM.o
                0x08003878                SysTick_Init
 .text.initKeyboard
                0x080038a0       0x48 src\klever_src\lcd_menu\Keyboard.o
                0x080038a0                initKeyboard
 .text.scanKey  0x080038e8       0xac src\klever_src\lcd_menu\Keyboard.o
                0x080038e8                scanKey
 .text.stMachineWork
                0x08003994      0x14c src\klever_src\lcd_menu\Keyboard.o
                0x08003994                stMachineWork
 .text.clickSetOfButtons
                0x08003ae0       0xae src\klever_src\lcd_menu\Keyboard.o
                0x08003ae0                clickSetOfButtons
 *fill*         0x08003b8e        0x2 
 .text.keyboadrWork
                0x08003b90      0x144 src\klever_src\lcd_menu\Keyboard.o
                0x08003b90                keyboadrWork
 .text.keyscan_work
                0x08003cd4       0xec src\klever_src\lcd_menu\Keyboard.o
                0x08003cd4                keyscan_work
 .text.redGreenButtonClickHandler
                0x08003dc0        0xc src\klever_src\lcd_menu\Keyboard.o
                0x08003dc0                redGreenButtonClickHandler
 .text.yellowGreenButtonClickHandler
                0x08003dcc        0xc src\klever_src\lcd_menu\Keyboard.o
                0x08003dcc                yellowGreenButtonClickHandler
 .text.greenBlueButtonClickHandler
                0x08003dd8        0xc src\klever_src\lcd_menu\Keyboard.o
                0x08003dd8                greenBlueButtonClickHandler
 .text.show_yes_no
                0x08003de4       0x3c src\klever_src\lcd_menu\menu_callback.o
                0x08003de4                show_yes_no
 .text.show_status
                0x08003e20       0x74 src\klever_src\lcd_menu\menu_callback.o
                0x08003e20                show_status
 .text.show_alarm
                0x08003e94       0x40 src\klever_src\lcd_menu\menu_callback.o
                0x08003e94                show_alarm
 .text.show_resurs
                0x08003ed4       0x28 src\klever_src\lcd_menu\menu_callback.o
                0x08003ed4                show_resurs
 .text.show_log_state
                0x08003efc       0x28 src\klever_src\lcd_menu\menu_callback.o
                0x08003efc                show_log_state
 .text.show_interface_error_state
                0x08003f24       0x5c src\klever_src\lcd_menu\menu_callback.o
                0x08003f24                show_interface_error_state
 .text.isSaved  0x08003f80       0x98 src\klever_src\lcd_menu\menu_callback.o
                0x08003f80                isSaved
 .text.show_save_state
                0x08004018       0x3c src\klever_src\lcd_menu\menu_callback.o
                0x08004018                show_save_state
 .text.show_cur_sensor
                0x08004054       0x84 src\klever_src\lcd_menu\menu_callback.o
                0x08004054                show_cur_sensor
 .text.show_cur_tension
                0x080040d8       0x84 src\klever_src\lcd_menu\menu_callback.o
                0x080040d8                show_cur_tension
 .text.show_mode
                0x0800415c       0x84 src\klever_src\lcd_menu\menu_callback.o
                0x0800415c                show_mode
 .text.switch_log_state
                0x080041e0       0x40 src\klever_src\lcd_menu\menu_callback.o
                0x080041e0                switch_log_state
 .text.show_log_state_yes_no
                0x08004220       0x24 src\klever_src\lcd_menu\menu_callback.o
                0x08004220                show_log_state_yes_no
 .text.switch_save_state
                0x08004244       0xcc src\klever_src\lcd_menu\menu_callback.o
                0x08004244                switch_save_state
 .text.show_save_state_yes_no
                0x08004310       0x38 src\klever_src\lcd_menu\menu_callback.o
                0x08004310                show_save_state_yes_no
 .text.switch_default_state
                0x08004348       0x8c src\klever_src\lcd_menu\menu_callback.o
                0x08004348                switch_default_state
 .text.show_default_state
                0x080043d4       0x5c src\klever_src\lcd_menu\menu_callback.o
                0x080043d4                show_default_state
 .text.switch_mode_not_reg_state
                0x08004430       0x20 src\klever_src\lcd_menu\menu_callback.o
                0x08004430                switch_mode_not_reg_state
 .text.show_mode_not_reg_state
                0x08004450       0x40 src\klever_src\lcd_menu\menu_callback.o
                0x08004450                show_mode_not_reg_state
 .text.switch_mode_lazy_pid_state
                0x08004490       0x2c src\klever_src\lcd_menu\menu_callback.o
                0x08004490                switch_mode_lazy_pid_state
 .text.show_mode_lazy_pid_state
                0x080044bc       0x40 src\klever_src\lcd_menu\menu_callback.o
                0x080044bc                show_mode_lazy_pid_state
 .text.validate_mode_lazy_pid_period
                0x080044fc       0x2c src\klever_src\lcd_menu\menu_callback.o
                0x080044fc                validate_mode_lazy_pid_period
 .text.inc_mode_lazy_pid_period
                0x08004528       0x1c src\klever_src\lcd_menu\menu_callback.o
                0x08004528                inc_mode_lazy_pid_period
 .text.dec_mode_lazy_pid_period
                0x08004544       0x1c src\klever_src\lcd_menu\menu_callback.o
                0x08004544                dec_mode_lazy_pid_period
 .text.show_mode_lazy_pid_period
                0x08004560       0x28 src\klever_src\lcd_menu\menu_callback.o
                0x08004560                show_mode_lazy_pid_period
 .text.validate_mode_lazy_pid_value
                0x08004588       0x58 src\klever_src\lcd_menu\menu_callback.o
                0x08004588                validate_mode_lazy_pid_value
 .text.inc_mode_lazy_pid_value
                0x080045e0       0x1c src\klever_src\lcd_menu\menu_callback.o
                0x080045e0                inc_mode_lazy_pid_value
 .text.dec_mode_lazy_pid_value
                0x080045fc       0x1c src\klever_src\lcd_menu\menu_callback.o
                0x080045fc                dec_mode_lazy_pid_value
 .text.show_mode_lazy_pid_value
                0x08004618       0x34 src\klever_src\lcd_menu\menu_callback.o
                0x08004618                show_mode_lazy_pid_value
 .text.validate_mode_lazy_pid_err
                0x0800464c       0x2c src\klever_src\lcd_menu\menu_callback.o
                0x0800464c                validate_mode_lazy_pid_err
 .text.inc_mode_lazy_pid_err
                0x08004678       0x1c src\klever_src\lcd_menu\menu_callback.o
                0x08004678                inc_mode_lazy_pid_err
 .text.dec_mode_lazy_pid_err
                0x08004694       0x1c src\klever_src\lcd_menu\menu_callback.o
                0x08004694                dec_mode_lazy_pid_err
 .text.show_mode_lazy_pid_err
                0x080046b0       0x28 src\klever_src\lcd_menu\menu_callback.o
                0x080046b0                show_mode_lazy_pid_err
 .text.switch_mode_pid_state
                0x080046d8       0x2c src\klever_src\lcd_menu\menu_callback.o
                0x080046d8                switch_mode_pid_state
 .text.show_mode_pid_state
                0x08004704       0x40 src\klever_src\lcd_menu\menu_callback.o
                0x08004704                show_mode_pid_state
 .text.inc_mode_pid_value
                0x08004744       0x40 src\klever_src\lcd_menu\menu_callback.o
                0x08004744                inc_mode_pid_value
 .text.dec_mode_pid_value
                0x08004784       0x48 src\klever_src\lcd_menu\menu_callback.o
                0x08004784                dec_mode_pid_value
 .text.show_mode_pid_value
                0x080047cc       0x34 src\klever_src\lcd_menu\menu_callback.o
                0x080047cc                show_mode_pid_value
 .text.inc_angle_left
                0x08004800       0x48 src\klever_src\lcd_menu\menu_callback.o
                0x08004800                inc_angle_left
 .text.dec_angle_left
                0x08004848       0x28 src\klever_src\lcd_menu\menu_callback.o
                0x08004848                dec_angle_left
 .text.show_angle_left
                0x08004870       0x54 src\klever_src\lcd_menu\menu_callback.o
                0x08004870                show_angle_left
 .text.inc_angle_right
                0x080048c4       0x48 src\klever_src\lcd_menu\menu_callback.o
                0x080048c4                inc_angle_right
 .text.dec_angle_right
                0x0800490c       0x28 src\klever_src\lcd_menu\menu_callback.o
                0x0800490c                dec_angle_right
 .text.show_angle_right
                0x08004934       0x54 src\klever_src\lcd_menu\menu_callback.o
                0x08004934                show_angle_right
 .text.switch_mode_puls_state
                0x08004988       0x2c src\klever_src\lcd_menu\menu_callback.o
                0x08004988                switch_mode_puls_state
 .text.show_mode_puls_state
                0x080049b4       0x40 src\klever_src\lcd_menu\menu_callback.o
                0x080049b4                show_mode_puls_state
 .text.inc_mode_puls_from_value
                0x080049f4       0x30 src\klever_src\lcd_menu\menu_callback.o
                0x080049f4                inc_mode_puls_from_value
 .text.dec_mode_puls_from_value
                0x08004a24       0x34 src\klever_src\lcd_menu\menu_callback.o
                0x08004a24                dec_mode_puls_from_value
 .text.show_mode_puls_from_value
                0x08004a58       0x28 src\klever_src\lcd_menu\menu_callback.o
                0x08004a58                show_mode_puls_from_value
 .text.inc_mode_puls_to_value
                0x08004a80       0x34 src\klever_src\lcd_menu\menu_callback.o
                0x08004a80                inc_mode_puls_to_value
 .text.dec_mode_puls_to_value
                0x08004ab4       0x30 src\klever_src\lcd_menu\menu_callback.o
                0x08004ab4                dec_mode_puls_to_value
 .text.show_mode_puls_to_value
                0x08004ae4       0x28 src\klever_src\lcd_menu\menu_callback.o
                0x08004ae4                show_mode_puls_to_value
 .text.inc_mode_puls_period_value
                0x08004b0c       0x2c src\klever_src\lcd_menu\menu_callback.o
                0x08004b0c                inc_mode_puls_period_value
 .text.dec_mode_puls_period_value
                0x08004b38       0x28 src\klever_src\lcd_menu\menu_callback.o
                0x08004b38                dec_mode_puls_period_value
 .text.show_mode_puls_period_value
                0x08004b60       0x28 src\klever_src\lcd_menu\menu_callback.o
                0x08004b60                show_mode_puls_period_value
 .text.inc_freq
                0x08004b88       0x4c src\klever_src\lcd_menu\menu_callback.o
                0x08004b88                inc_freq
 .text.dec_freq
                0x08004bd4       0x48 src\klever_src\lcd_menu\menu_callback.o
                0x08004bd4                dec_freq
 .text.show_freq
                0x08004c1c       0x54 src\klever_src\lcd_menu\menu_callback.o
                0x08004c1c                show_freq
 .text.inc_rope_tension_bottom_limit
                0x08004c70       0x38 src\klever_src\lcd_menu\menu_callback.o
                0x08004c70                inc_rope_tension_bottom_limit
 .text.dec_rope_tension_bottom_limit
                0x08004ca8       0x38 src\klever_src\lcd_menu\menu_callback.o
                0x08004ca8                dec_rope_tension_bottom_limit
 .text.show_rope_tension_bottom_limit
                0x08004ce0       0x28 src\klever_src\lcd_menu\menu_callback.o
                0x08004ce0                show_rope_tension_bottom_limit
 .text.inc_rope_tension_up_limit
                0x08004d08       0x34 src\klever_src\lcd_menu\menu_callback.o
                0x08004d08                inc_rope_tension_up_limit
 .text.dec_rope_tension_up_limit
                0x08004d3c       0x40 src\klever_src\lcd_menu\menu_callback.o
                0x08004d3c                dec_rope_tension_up_limit
 .text.show_rope_tension_up_limit
                0x08004d7c       0x28 src\klever_src\lcd_menu\menu_callback.o
                0x08004d7c                show_rope_tension_up_limit
 .text.show_up_limit_brackets
                0x08004da4       0x28 src\klever_src\lcd_menu\menu_callback.o
                0x08004da4                show_up_limit_brackets
 .text.blueButtonClickHandler
                0x08004dcc        0xe src\klever_src\lcd_menu\menu_callback.o
                0x08004dcc                blueButtonClickHandler
 .text.yellowButtonClickHandler
                0x08004dda        0xe src\klever_src\lcd_menu\menu_callback.o
                0x08004dda                yellowButtonClickHandler
 .text.redButtonClickHandler
                0x08004de8       0x58 src\klever_src\lcd_menu\menu_callback.o
                0x08004de8                redButtonClickHandler
 .text.greenButtonClickHandler
                0x08004e40        0xe src\klever_src\lcd_menu\menu_callback.o
                0x08004e40                greenButtonClickHandler
 .text.blueButtonPressHandler
                0x08004e4e        0xe src\klever_src\lcd_menu\menu_callback.o
                0x08004e4e                blueButtonPressHandler
 .text.yellowButtonPressHandler
                0x08004e5c        0xe src\klever_src\lcd_menu\menu_callback.o
                0x08004e5c                yellowButtonPressHandler
 .text.redButtonPressHandler
                0x08004e6a        0xc src\klever_src\lcd_menu\menu_callback.o
                0x08004e6a                redButtonPressHandler
 .text.greenButtonPressHandler
                0x08004e76        0xe src\klever_src\lcd_menu\menu_callback.o
                0x08004e76                greenButtonPressHandler
 .text.yellowBlueButtonClickHandler
                0x08004e84       0x54 src\klever_src\lcd_menu\menu_callback.o
                0x08004e84                yellowBlueButtonClickHandler
 .text.redYellowButtonClickHandler
                0x08004ed8       0x60 src\klever_src\lcd_menu\menu_callback.o
                0x08004ed8                redYellowButtonClickHandler
 .text.redBlueButtonClickHandler
                0x08004f38        0xc src\klever_src\lcd_menu\menu_callback.o
                0x08004f38                redBlueButtonClickHandler
 .text.threeButtonClickHandler
                0x08004f44        0xc src\klever_src\lcd_menu\menu_callback.o
                0x08004f44                threeButtonClickHandler
 .text.menuInit
                0x08004f50     0x10c8 src\klever_src\lcd_menu\menu_init.o
                0x08004f50                menuInit
 .text.voidFunct
                0x08006018        0xc src\klever_src\lcd_menu\screen.o
                0x08006018                voidFunct
 .text.initWindow
                0x08006024       0x2e src\klever_src\lcd_menu\screen.o
                0x08006024                initWindow
 .text.insertItemToList
                0x08006052       0x7a src\klever_src\lcd_menu\screen.o
                0x08006052                insertItemToList
 .text.initItemSubmenu
                0x080060cc       0x6c src\klever_src\lcd_menu\screen.o
                0x080060cc                initItemSubmenu
 .text.initItemParameter
                0x08006138       0x6e src\klever_src\lcd_menu\screen.o
                0x08006138                initItemParameter
 .text.initItemLabel
                0x080061a6       0x64 src\klever_src\lcd_menu\screen.o
                0x080061a6                initItemLabel
 *fill*         0x0800620a        0x2 
 .text.initObj  0x0800620c       0x3c src\klever_src\lcd_menu\screen.o
                0x0800620c                initObj
 .text.initObjChangeable
                0x08006248       0x28 src\klever_src\lcd_menu\screen.o
                0x08006248                initObjChangeable
 .text.initObjNotchangeable
                0x08006270       0x28 src\klever_src\lcd_menu\screen.o
                0x08006270                initObjNotchangeable
 .text.initScreen
                0x08006298       0x74 src\klever_src\lcd_menu\screen.o
                0x08006298                initScreen
 .text.screenWork
                0x0800630c       0x24 src\klever_src\lcd_menu\screen.o
                0x0800630c                screenWork
 .text.strLength
                0x08006330       0x30 src\klever_src\lcd_menu\screen.o
                0x08006330                strLength
 .text.updateScreen
                0x08006360      0x1c4 src\klever_src\lcd_menu\screen.o
                0x08006360                updateScreen
 .text.isSelectableItem
                0x08006524       0x48 src\klever_src\lcd_menu\screen.o
                0x08006524                isSelectableItem
 .text.findNextSelectableItem
                0x0800656c       0x36 src\klever_src\lcd_menu\screen.o
                0x0800656c                findNextSelectableItem
 .text.findPrewSelectableItem
                0x080065a2       0x36 src\klever_src\lcd_menu\screen.o
                0x080065a2                findPrewSelectableItem
 .text.screenSM
                0x080065d8      0x16c src\klever_src\lcd_menu\screen.o
                0x080065d8                screenSM
 .text.pushValueToBuffer
                0x08006744       0x7c src\klever_src\log.o
                0x08006744                pushValueToBuffer
 .text.initLog  0x080067c0       0xa0 src\klever_src\log.o
                0x080067c0                initLog
 .text.getValueFromBuffer
                0x08006860       0x74 src\klever_src\log.o
                0x08006860                getValueFromBuffer
 .text.LogTermToStr
                0x080068d4       0x80 src\klever_src\log.o
                0x080068d4                LogTermToStr
 .text.mainSMInit
                0x08006954       0x48 src\klever_src\main_sm.o
                0x08006954                mainSMInit
 .text.pulsModeWork
                0x0800699c       0xbc src\klever_src\main_sm.o
                0x0800699c                pulsModeWork
 .text.isRegulatingLazyPidMode
                0x08006a58       0x50 src\klever_src\main_sm.o
                0x08006a58                isRegulatingLazyPidMode
 .text.lazyPIDModeWork
                0x08006aa8       0xf4 src\klever_src\main_sm.o
                0x08006aa8                lazyPIDModeWork
 .text.calculateCRC
                0x08006b9c       0x7a src\klever_src\modbus.o
                0x08006b9c                calculateCRC
 *fill*         0x08006c16        0x2 
 .text.initAtv12
                0x08006c18       0x70 src\klever_src\modbus.o
                0x08006c18                initAtv12
 .text.setFreqAtv12
                0x08006c88       0x78 src\klever_src\modbus.o
                0x08006c88                setFreqAtv12
 .text.stopAtv12
                0x08006d00       0x60 src\klever_src\modbus.o
                0x08006d00                stopAtv12
 .text.runAtv12
                0x08006d60       0x60 src\klever_src\modbus.o
                0x08006d60                runAtv12
 .text.setTime  0x08006dc0       0x28 src\klever_src\pid.o
                0x08006dc0                setTime
 .text.setTimeByValue
                0x08006de8       0x1a src\klever_src\pid.o
                0x08006de8                setTimeByValue
 .text.timeIsLower
                0x08006e02       0x26 src\klever_src\pid.o
                0x08006e02                timeIsLower
 .text.addTime  0x08006e28       0x30 src\klever_src\pid.o
                0x08006e28                addTime
 .text.incremTime
                0x08006e58       0x2a src\klever_src\pid.o
                0x08006e58                incremTime
 .text.fixOverflowIssue
                0x08006e82       0x68 src\klever_src\pid.o
                0x08006e82                fixOverflowIssue
 .text.checkU   0x08006eea       0x12 src\klever_src\pid.o
                0x08006eea                checkU
 .text.PIDreset
                0x08006efc       0x18 src\klever_src\pid.o
                0x08006efc                PIDreset
 .text.PIDregulating
                0x08006f14      0x254 src\klever_src\pid.o
                0x08006f14                PIDregulating
 .text.calculateTension
                0x08007168      0x22c src\klever_src\tension_math.o
                0x08007168                calculateTension
 .text.NVIC_EnableIRQ
                0x08007394       0x30 src\klever_src\usart.o
 .text.sendNextByte
                0x080073c4       0x6c src\klever_src\usart.o
                0x080073c4                sendNextByte
 .text.USART3_IRQHandler
                0x08007430       0x4c src\klever_src\usart.o
                0x08007430                USART3_IRQHandler
 .text.DMA1_Channel7_IRQHandler
                0x0800747c       0x34 src\klever_src\usart.o
                0x0800747c                DMA1_Channel7_IRQHandler
 .text.USART2_IRQHandler
                0x080074b0       0x68 src\klever_src\usart.o
                0x080074b0                USART2_IRQHandler
 .text.usart2_init
                0x08007518       0xe8 src\klever_src\usart.o
                0x08007518                usart2_init
 .text.sendStrToUart2
                0x08007600       0x54 src\klever_src\usart.o
                0x08007600                sendStrToUart2
 .text.usart3_init_keyboard
                0x08007654       0xb4 src\klever_src\usart.o
                0x08007654                usart3_init_keyboard
 .text.delay_ms
                0x08007708       0x28 src\main.o
                0x08007708                delay_ms
 .text.ADC_work
                0x08007730       0xb8 src\main.o
                0x08007730                ADC_work
 .text.enableRotation
                0x080077e8       0x48 src\main.o
                0x080077e8                enableRotation
 .text.disableRotation
                0x08007830       0x58 src\main.o
                0x08007830                disableRotation
 .text.generateError
                0x08007888       0x28 src\main.o
                0x08007888                generateError
 .text.generateErrorOfMotor
                0x080078b0       0x18 src\main.o
                0x080078b0                generateErrorOfMotor
 .text.generateErrorOfLowTension
                0x080078c8       0x34 src\main.o
                0x080078c8                generateErrorOfLowTension
 .text.generateErrorOfHighTension
                0x080078fc       0x68 src\main.o
                0x080078fc                generateErrorOfHighTension
 .text.generateErrorOfUpLimit
                0x08007964       0x24 src\main.o
                0x08007964                generateErrorOfUpLimit
 .text.generateErrorOfBottomLimit
                0x08007988       0x24 src\main.o
                0x08007988                generateErrorOfBottomLimit
 .text.shutdownErrorOfBottomLimit
                0x080079ac       0x20 src\main.o
                0x080079ac                shutdownErrorOfBottomLimit
 .text.shutdownErrorOfUpLimit
                0x080079cc       0x20 src\main.o
                0x080079cc                shutdownErrorOfUpLimit
 .text.SysTick_Handler
                0x080079ec      0x5e4 src\main.o
                0x080079ec                SysTick_Handler
 .text.Read_BDCR
                0x08007fd0       0xcc src\main.o
                0x08007fd0                Read_BDCR
 .text.TIM3_IRQHandler
                0x0800809c       0x60 src\main.o
                0x0800809c                TIM3_IRQHandler
 .text.main     0x080080fc      0x184 src\main.o
                0x080080fc                main
 .text.Reset_Handler
                0x08008280       0x50 src\startup_stm32f10x_cl.o
                0x08008280                Reset_Handler
 .text.Default_Handler
                0x080082d0        0x2 src\startup_stm32f10x_cl.o
                0x080082d0                EXTI2_IRQHandler
                0x080082d0                DebugMon_Handler
                0x080082d0                TIM1_CC_IRQHandler
                0x080082d0                HardFault_Handler
                0x080082d0                TIM6_IRQHandler
                0x080082d0                PVD_IRQHandler
                0x080082d0                PendSV_Handler
                0x080082d0                NMI_Handler
                0x080082d0                CAN2_RX1_IRQHandler
                0x080082d0                EXTI3_IRQHandler
                0x080082d0                EXTI0_IRQHandler
                0x080082d0                I2C2_EV_IRQHandler
                0x080082d0                CAN1_RX0_IRQHandler
                0x080082d0                UsageFault_Handler
                0x080082d0                CAN2_SCE_IRQHandler
                0x080082d0                ADC1_2_IRQHandler
                0x080082d0                SPI1_IRQHandler
                0x080082d0                TAMPER_IRQHandler
                0x080082d0                CAN2_RX0_IRQHandler
                0x080082d0                DMA2_Channel2_IRQHandler
                0x080082d0                DMA1_Channel4_IRQHandler
                0x080082d0                RTC_IRQHandler
                0x080082d0                CAN1_RX1_IRQHandler
                0x080082d0                UART5_IRQHandler
                0x080082d0                TIM4_IRQHandler
                0x080082d0                DMA2_Channel1_IRQHandler
                0x080082d0                I2C1_EV_IRQHandler
                0x080082d0                DMA1_Channel6_IRQHandler
                0x080082d0                UART4_IRQHandler
                0x080082d0                DMA2_Channel4_IRQHandler
                0x080082d0                RCC_IRQHandler
                0x080082d0                TIM1_TRG_COM_IRQHandler
                0x080082d0                DMA1_Channel1_IRQHandler
                0x080082d0                Default_Handler
                0x080082d0                EXTI15_10_IRQHandler
                0x080082d0                TIM7_IRQHandler
                0x080082d0                CAN2_TX_IRQHandler
                0x080082d0                TIM5_IRQHandler
                0x080082d0                EXTI9_5_IRQHandler
                0x080082d0                ETH_WKUP_IRQHandler
                0x080082d0                SPI2_IRQHandler
                0x080082d0                MemManage_Handler
                0x080082d0                CAN1_TX_IRQHandler
                0x080082d0                SVC_Handler
                0x080082d0                DMA2_Channel5_IRQHandler
                0x080082d0                DMA1_Channel5_IRQHandler
                0x080082d0                EXTI4_IRQHandler
                0x080082d0                DMA1_Channel3_IRQHandler
                0x080082d0                ETH_IRQHandler
                0x080082d0                TIM1_UP_IRQHandler
                0x080082d0                WWDG_IRQHandler
                0x080082d0                TIM2_IRQHandler
                0x080082d0                OTG_FS_WKUP_IRQHandler
                0x080082d0                TIM1_BRK_IRQHandler
                0x080082d0                EXTI1_IRQHandler
                0x080082d0                RTCAlarm_IRQHandler
                0x080082d0                I2C2_ER_IRQHandler
                0x080082d0                DMA1_Channel2_IRQHandler
                0x080082d0                CAN1_SCE_IRQHandler
                0x080082d0                FLASH_IRQHandler
                0x080082d0                BusFault_Handler
                0x080082d0                USART1_IRQHandler
                0x080082d0                OTG_FS_IRQHandler
                0x080082d0                SPI3_IRQHandler
                0x080082d0                I2C1_ER_IRQHandler
                0x080082d0                DMA2_Channel3_IRQHandler
 *fill*         0x080082d2        0x2 
 .text.SystemInit
                0x080082d4       0x7c src\system_stm32f10x.o
                0x080082d4                SystemInit
 .text.SetSysClock
                0x08008350        0xc src\system_stm32f10x.o
 .text.SetSysClockTo72
                0x0800835c      0x138 src\system_stm32f10x.o
 .text.__libc_init_array
                0x08008494       0x48 c:/program files (x86)/atollic/truestudio for stm32 9.3.0/armtools/bin/../lib/gcc/arm-atollic-eabi/6.3.1/../../../../arm-atollic-eabi/lib/armv7-m\libc_nano.a(lib_a-init.o)
                0x08008494                __libc_init_array
 .text.sprintf  0x080084dc       0x48 c:/program files (x86)/atollic/truestudio for stm32 9.3.0/armtools/bin/../lib/gcc/arm-atollic-eabi/6.3.1/../../../../arm-atollic-eabi/lib/armv7-m\libc_nano.a(lib_a-sprintf.o)
                0x080084dc                siprintf
                0x080084dc                sprintf
 .text.strcpy   0x08008524       0x10 c:/program files (x86)/atollic/truestudio for stm32 9.3.0/armtools/bin/../lib/gcc/arm-atollic-eabi/6.3.1/../../../../arm-atollic-eabi/lib/armv7-m\libc_nano.a(lib_a-strcpy.o)
                0x08008524                strcpy
 .text.__ssputs_r
                0x08008534       0xb6 c:/program files (x86)/atollic/truestudio for stm32 9.3.0/armtools/bin/../lib/gcc/arm-atollic-eabi/6.3.1/../../../../arm-atollic-eabi/lib/armv7-m\libc_nano.a(lib_a-nano-svfprintf.o)
                0x08008534                __ssputs_r
 *fill*         0x080085ea        0x2 
 .text._svfprintf_r
                0x080085ec      0x1e8 c:/program files (x86)/atollic/truestudio for stm32 9.3.0/armtools/bin/../lib/gcc/arm-atollic-eabi/6.3.1/../../../../arm-atollic-eabi/lib/armv7-m\libc_nano.a(lib_a-nano-svfprintf.o)
                0x080085ec                _svfiprintf_r
                0x080085ec                _svfprintf_r
 .text._printf_common
                0x080087d4       0xee c:/program files (x86)/atollic/truestudio for stm32 9.3.0/armtools/bin/../lib/gcc/arm-atollic-eabi/6.3.1/../../../../arm-atollic-eabi/lib/armv7-m\libc_nano.a(lib_a-nano-vfprintf_i.o)
                0x080087d4                _printf_common
 *fill*         0x080088c2        0x2 
 .text._printf_i
                0x080088c4      0x240 c:/program files (x86)/atollic/truestudio for stm32 9.3.0/armtools/bin/../lib/gcc/arm-atollic-eabi/6.3.1/../../../../arm-atollic-eabi/lib/armv7-m\libc_nano.a(lib_a-nano-vfprintf_i.o)
                0x080088c4                _printf_i
 .text.memchr   0x08008b04       0x1c c:/program files (x86)/atollic/truestudio for stm32 9.3.0/armtools/bin/../lib/gcc/arm-atollic-eabi/6.3.1/../../../../arm-atollic-eabi/lib/armv7-m\libc_nano.a(lib_a-memchr-stub.o)
                0x08008b04                memchr
 .text.memcpy   0x08008b20       0x16 c:/program files (x86)/atollic/truestudio for stm32 9.3.0/armtools/bin/../lib/gcc/arm-atollic-eabi/6.3.1/../../../../arm-atollic-eabi/lib/armv7-m\libc_nano.a(lib_a-memcpy-stub.o)
                0x08008b20                memcpy
 .text.memmove  0x08008b36       0x34 c:/program files (x86)/atollic/truestudio for stm32 9.3.0/armtools/bin/../lib/gcc/arm-atollic-eabi/6.3.1/../../../../arm-atollic-eabi/lib/armv7-m\libc_nano.a(lib_a-memmove.o)
                0x08008b36                memmove
 *fill*         0x08008b6a        0x2 
 .text._free_r  0x08008b6c       0x98 c:/program files (x86)/atollic/truestudio for stm32 9.3.0/armtools/bin/../lib/gcc/arm-atollic-eabi/6.3.1/../../../../arm-atollic-eabi/lib/armv7-m\libc_nano.a(lib_a-nano-freer.o)
                0x08008b6c                _free_r
 .text._malloc_r
                0x08008c04       0xbc c:/program files (x86)/atollic/truestudio for stm32 9.3.0/armtools/bin/../lib/gcc/arm-atollic-eabi/6.3.1/../../../../arm-atollic-eabi/lib/armv7-m\libc_nano.a(lib_a-nano-mallocr.o)
                0x08008c04                _malloc_r
 .text._realloc_r
                0x08008cc0       0x4c c:/program files (x86)/atollic/truestudio for stm32 9.3.0/armtools/bin/../lib/gcc/arm-atollic-eabi/6.3.1/../../../../arm-atollic-eabi/lib/armv7-m\libc_nano.a(lib_a-nano-reallocr.o)
                0x08008cc0                _realloc_r
 .text._sbrk_r  0x08008d0c       0x20 c:/program files (x86)/atollic/truestudio for stm32 9.3.0/armtools/bin/../lib/gcc/arm-atollic-eabi/6.3.1/../../../../arm-atollic-eabi/lib/armv7-m\libc_nano.a(lib_a-sbrkr.o)
                0x08008d0c                _sbrk_r
 .text.__malloc_lock
                0x08008d2c        0x2 c:/program files (x86)/atollic/truestudio for stm32 9.3.0/armtools/bin/../lib/gcc/arm-atollic-eabi/6.3.1/../../../../arm-atollic-eabi/lib/armv7-m\libc_nano.a(lib_a-mlock.o)
                0x08008d2c                __malloc_lock
 .text.__malloc_unlock
                0x08008d2e        0x2 c:/program files (x86)/atollic/truestudio for stm32 9.3.0/armtools/bin/../lib/gcc/arm-atollic-eabi/6.3.1/../../../../arm-atollic-eabi/lib/armv7-m\libc_nano.a(lib_a-mlock.o)
                0x08008d2e                __malloc_unlock
 .text._malloc_usable_size_r
                0x08008d30       0x12 c:/program files (x86)/atollic/truestudio for stm32 9.3.0/armtools/bin/../lib/gcc/arm-atollic-eabi/6.3.1/../../../../arm-atollic-eabi/lib/armv7-m\libc_nano.a(lib_a-nano-msizer.o)
                0x08008d30                _malloc_usable_size_r
 *fill*         0x08008d42        0x2 
 .text.sin      0x08008d44       0x74 c:/program files (x86)/atollic/truestudio for stm32 9.3.0/armtools/bin/../lib/gcc/arm-atollic-eabi/6.3.1/../../../../arm-atollic-eabi/lib/armv7-m\libm.a(lib_a-s_sin.o)
                0x08008d44                sin
 .text.__ieee754_rem_pio2
                0x08008db8      0x3e8 c:/program files (x86)/atollic/truestudio for stm32 9.3.0/armtools/bin/../lib/gcc/arm-atollic-eabi/6.3.1/../../../../arm-atollic-eabi/lib/armv7-m\libm.a(lib_a-e_rem_pio2.o)
                0x08008db8                __ieee754_rem_pio2
 .text.__kernel_cos
                0x080091a0      0x1bc c:/program files (x86)/atollic/truestudio for stm32 9.3.0/armtools/bin/../lib/gcc/arm-atollic-eabi/6.3.1/../../../../arm-atollic-eabi/lib/armv7-m\libm.a(lib_a-k_cos.o)
                0x080091a0                __kernel_cos
 .text.__kernel_rem_pio2
                0x0800935c      0x6a8 c:/program files (x86)/atollic/truestudio for stm32 9.3.0/armtools/bin/../lib/gcc/arm-atollic-eabi/6.3.1/../../../../arm-atollic-eabi/lib/armv7-m\libm.a(lib_a-k_rem_pio2.o)
                0x0800935c                __kernel_rem_pio2
 *fill*         0x08009a04        0x4 
 .text.__kernel_sin
                0x08009a08      0x16c c:/program files (x86)/atollic/truestudio for stm32 9.3.0/armtools/bin/../lib/gcc/arm-atollic-eabi/6.3.1/../../../../arm-atollic-eabi/lib/armv7-m\libm.a(lib_a-k_sin.o)
                0x08009a08                __kernel_sin
 .text.fabs     0x08009b74        0x6 c:/program files (x86)/atollic/truestudio for stm32 9.3.0/armtools/bin/../lib/gcc/arm-atollic-eabi/6.3.1/../../../../arm-atollic-eabi/lib/armv7-m\libm.a(lib_a-s_fabs.o)
                0x08009b74                fabs
 *fill*         0x08009b7a        0x6 
 .text.floor    0x08009b80      0x108 c:/program files (x86)/atollic/truestudio for stm32 9.3.0/armtools/bin/../lib/gcc/arm-atollic-eabi/6.3.1/../../../../arm-atollic-eabi/lib/armv7-m\libm.a(lib_a-s_floor.o)
                0x08009b80                floor
 .text.scalbn   0x08009c88       0xdc c:/program files (x86)/atollic/truestudio for stm32 9.3.0/armtools/bin/../lib/gcc/arm-atollic-eabi/6.3.1/../../../../arm-atollic-eabi/lib/armv7-m\libm.a(lib_a-s_scalbn.o)
                0x08009c88                scalbn
 .text.copysign
                0x08009d64        0xe c:/program files (x86)/atollic/truestudio for stm32 9.3.0/armtools/bin/../lib/gcc/arm-atollic-eabi/6.3.1/../../../../arm-atollic-eabi/lib/armv7-m\libm.a(lib_a-s_copysign.o)
                0x08009d64                copysign
 *fill*         0x08009d72        0x2 
 .text._sbrk    0x08009d74       0x1c c:/program files (x86)/atollic/truestudio for stm32 9.3.0/armtools/bin/../lib/gcc/arm-atollic-eabi/6.3.1/../../../../arm-atollic-eabi/lib/armv7-m\libnosys.a(sbrk.o)
                0x08009d74                _sbrk
 *(.glue_7)
 .glue_7        0x08009d90        0x0 linker stubs
 *(.glue_7t)
 .glue_7t       0x08009d90        0x0 linker stubs
 *(.eh_frame)
 .eh_frame      0x08009d90        0x0 c:/program files (x86)/atollic/truestudio for stm32 9.3.0/armtools/bin/../lib/gcc/arm-atollic-eabi/6.3.1/armv7-m/crtbegin.o
 *(.init)
 .init          0x08009d90        0x4 c:/program files (x86)/atollic/truestudio for stm32 9.3.0/armtools/bin/../lib/gcc/arm-atollic-eabi/6.3.1/armv7-m/crti.o
                0x08009d90                _init
 .init          0x08009d94        0x8 c:/program files (x86)/atollic/truestudio for stm32 9.3.0/armtools/bin/../lib/gcc/arm-atollic-eabi/6.3.1/armv7-m/crtn.o
 *(.fini)
 .fini          0x08009d9c        0x4 c:/program files (x86)/atollic/truestudio for stm32 9.3.0/armtools/bin/../lib/gcc/arm-atollic-eabi/6.3.1/armv7-m/crti.o
                0x08009d9c                _fini
 .fini          0x08009da0        0x8 c:/program files (x86)/atollic/truestudio for stm32 9.3.0/armtools/bin/../lib/gcc/arm-atollic-eabi/6.3.1/armv7-m/crtn.o
                0x08009da8                . = ALIGN (0x4)
                0x08009da8                _etext = .

.vfp11_veneer   0x08009da8        0x0
 .vfp11_veneer  0x08009da8        0x0 linker stubs

.v4_bx          0x08009da8        0x0
 .v4_bx         0x08009da8        0x0 linker stubs

.iplt           0x08009da8        0x0
 .iplt          0x08009da8        0x0 c:/program files (x86)/atollic/truestudio for stm32 9.3.0/armtools/bin/../lib/gcc/arm-atollic-eabi/6.3.1/armv7-m/crtbegin.o

.rodata         0x08009da8      0xe00
                0x08009da8                . = ALIGN (0x4)
 *(.rodata)
 .rodata        0x08009da8       0x8e src\klever_src\lcd_menu\menu_callback.o
 *fill*         0x08009e36        0x2 
 .rodata        0x08009e38      0x24f src\klever_src\lcd_menu\menu_init.o
 *fill*         0x0800a087        0x1 
 .rodata        0x0800a088        0x2 src\klever_src\lcd_menu\screen.o
 *fill*         0x0800a08a        0x2 
 .rodata        0x0800a08c       0x51 src\klever_src\log.o
 *fill*         0x0800a0dd        0x3 
 .rodata        0x0800a0e0       0xb5 src\main.o
 *(.rodata*)
 *fill*         0x0800a195        0x3 
 .rodata.Font8x8Table
                0x0800a198      0x800 src\klever_src\GLCD.o
                0x0800a198                Font8x8Table
 .rodata._svfprintf_r.str1.1
                0x0800a998       0x11 c:/program files (x86)/atollic/truestudio for stm32 9.3.0/armtools/bin/../lib/gcc/arm-atollic-eabi/6.3.1/../../../../arm-atollic-eabi/lib/armv7-m\libc_nano.a(lib_a-nano-svfprintf.o)
 .rodata._printf_i.str1.1
                0x0800a9a9       0x22 c:/program files (x86)/atollic/truestudio for stm32 9.3.0/armtools/bin/../lib/gcc/arm-atollic-eabi/6.3.1/../../../../arm-atollic-eabi/lib/armv7-m\libc_nano.a(lib_a-nano-vfprintf_i.o)
 *fill*         0x0800a9cb        0x1 
 .rodata.npio2_hw
                0x0800a9cc       0x80 c:/program files (x86)/atollic/truestudio for stm32 9.3.0/armtools/bin/../lib/gcc/arm-atollic-eabi/6.3.1/../../../../arm-atollic-eabi/lib/armv7-m\libm.a(lib_a-e_rem_pio2.o)
 .rodata.two_over_pi
                0x0800aa4c      0x108 c:/program files (x86)/atollic/truestudio for stm32 9.3.0/armtools/bin/../lib/gcc/arm-atollic-eabi/6.3.1/../../../../arm-atollic-eabi/lib/armv7-m\libm.a(lib_a-e_rem_pio2.o)
 *fill*         0x0800ab54        0x4 
 .rodata.PIo2   0x0800ab58       0x40 c:/program files (x86)/atollic/truestudio for stm32 9.3.0/armtools/bin/../lib/gcc/arm-atollic-eabi/6.3.1/../../../../arm-atollic-eabi/lib/armv7-m\libm.a(lib_a-k_rem_pio2.o)
 .rodata.init_jk
                0x0800ab98       0x10 c:/program files (x86)/atollic/truestudio for stm32 9.3.0/armtools/bin/../lib/gcc/arm-atollic-eabi/6.3.1/../../../../arm-atollic-eabi/lib/armv7-m\libm.a(lib_a-k_rem_pio2.o)
                0x0800aba8                . = ALIGN (0x4)

.ARM.extab
 *(.ARM.extab* .gnu.linkonce.armextab.*)

.ARM            0x0800aba8        0x8
                0x0800aba8                __exidx_start = .
 *(.ARM.exidx*)
 .ARM.exidx     0x0800aba8        0x8 c:/program files (x86)/atollic/truestudio for stm32 9.3.0/armtools/bin/../lib/gcc/arm-atollic-eabi/6.3.1/armv7-m\libgcc.a(_udivmoddi4.o)
                0x0800abb0                __exidx_end = .

.rel.dyn        0x0800abb0        0x0
 .rel.iplt      0x0800abb0        0x0 c:/program files (x86)/atollic/truestudio for stm32 9.3.0/armtools/bin/../lib/gcc/arm-atollic-eabi/6.3.1/armv7-m/crtbegin.o

.preinit_array  0x0800abb0        0x0
                0x0800abb0                PROVIDE (__preinit_array_start, .)
 *(.preinit_array*)
                0x0800abb0                PROVIDE (__preinit_array_end, .)

.init_array     0x0800abb0        0x4
                0x0800abb0                PROVIDE (__init_array_start, .)
 *(SORT(.init_array.*))
 *(.init_array*)
 .init_array    0x0800abb0        0x4 c:/program files (x86)/atollic/truestudio for stm32 9.3.0/armtools/bin/../lib/gcc/arm-atollic-eabi/6.3.1/armv7-m/crtbegin.o
                0x0800abb4                PROVIDE (__init_array_end, .)

.fini_array     0x0800abb4        0x4
                [!provide]                PROVIDE (__fini_array_start, .)
 *(SORT(.fini_array.*))
 *(.fini_array*)
 .fini_array    0x0800abb4        0x4 c:/program files (x86)/atollic/truestudio for stm32 9.3.0/armtools/bin/../lib/gcc/arm-atollic-eabi/6.3.1/armv7-m/crtbegin.o
                [!provide]                PROVIDE (__fini_array_end, .)
                0x0800abb8                _sidata = LOADADDR (.data)

.data           0x20000000      0x1ac load address 0x0800abb8
                0x20000000                . = ALIGN (0x4)
                0x20000000                _sdata = .
 *(.data)
 *(.data*)
 .data.K_EXT_OSC_FREQ
                0x20000000        0x4 src\klever_src\K_RCC\K_RCC.o
                0x20000000                K_EXT_OSC_FREQ
 .data.K_INT_OSC_FREQ
                0x20000004        0x4 src\klever_src\K_RCC\K_RCC.o
                0x20000004                K_INT_OSC_FREQ
 .data.LOG_PROCESS_ON_FLAG
                0x20000008        0x1 src\klever_src\log.o
                0x20000008                LOG_PROCESS_ON_FLAG
 *fill*         0x20000009        0x3 
 .data.line_to_uart_send
                0x2000000c       0xc8 src\klever_src\log.o
                0x2000000c                line_to_uart_send
 .data.log_buf_send_cnt
                0x200000d4        0x2 src\klever_src\log.o
                0x200000d4                log_buf_send_cnt
 .data.curr_send_cnt
                0x200000d6        0x2 src\klever_src\log.o
                0x200000d6                curr_send_cnt
 .data.modbus_command
                0x200000d8        0x8 src\klever_src\modbus.o
                0x200000d8                modbus_command
 .data.is_first_call
                0x200000e0        0x1 src\klever_src\pid.o
                0x200000e0                is_first_call
 *fill*         0x200000e1        0x3 
 .data._Kp      0x200000e4        0x4 src\klever_src\pid.o
                0x200000e4                _Kp
 .data._Ki      0x200000e8        0x4 src\klever_src\pid.o
                0x200000e8                _Ki
 .data.max_I    0x200000ec        0x4 src\klever_src\pid.o
                0x200000ec                max_I
 .data.K_a0     0x200000f0        0x1 src\klever_src\tension_math.o
                0x200000f0                K_a0
 *fill*         0x200000f1        0x1 
 .data.angle_left
                0x200000f2        0x2 src\klever_src\tension_math.o
                0x200000f2                angle_left
 .data.angle_right
                0x200000f4        0x2 src\klever_src\tension_math.o
                0x200000f4                angle_right
 *fill*         0x200000f6        0x2 
 .data.denom.4888
                0x200000f8        0x4 src\klever_src\tension_math.o
 .data.Global_Caption
                0x200000fc       0x30 src\main.o
                0x200000fc                Global_Caption
 .data.bt_delay
                0x2000012c        0x2 src\main.o
                0x2000012c                bt_delay
 .data.PNP_stay_trigger
                0x2000012e        0x1 src\main.o
                0x2000012e                PNP_stay_trigger
 *fill*         0x2000012f        0x1 
 .data.rope_tention_target
                0x20000130        0x4 src\main.o
                0x20000130                rope_tention_target
 .data.rope_tension_bottom_limit
                0x20000134        0x4 src\main.o
                0x20000134                rope_tension_bottom_limit
 .data.previous_rope_tention_target
                0x20000138        0x4 src\main.o
                0x20000138                previous_rope_tention_target
 .data.rope_tension_up_limit
                0x2000013c        0x4 src\main.o
                0x2000013c                rope_tension_up_limit
 .data.K_PWM_Speed
                0x20000140        0x2 src\main.o
                0x20000140                K_PWM_Speed
 .data.K_PWM_tension
                0x20000142        0x2 src\main.o
                0x20000142                K_PWM_tension
 .data.SystemCoreClock
                0x20000144        0x4 src\system_stm32f10x.o
                0x20000144                SystemCoreClock
 .data._impure_ptr
                0x20000148        0x4 c:/program files (x86)/atollic/truestudio for stm32 9.3.0/armtools/bin/../lib/gcc/arm-atollic-eabi/6.3.1/../../../../arm-atollic-eabi/lib/armv7-m\libc_nano.a(lib_a-impure.o)
                0x20000148                _impure_ptr
 .data.impure_data
                0x2000014c       0x60 c:/program files (x86)/atollic/truestudio for stm32 9.3.0/armtools/bin/../lib/gcc/arm-atollic-eabi/6.3.1/../../../../arm-atollic-eabi/lib/armv7-m\libc_nano.a(lib_a-impure.o)
                0x200001ac                . = ALIGN (0x4)
                0x200001ac                _edata = .

.igot.plt       0x200001ac        0x0 load address 0x0800ad64
 .igot.plt      0x200001ac        0x0 c:/program files (x86)/atollic/truestudio for stm32 9.3.0/armtools/bin/../lib/gcc/arm-atollic-eabi/6.3.1/armv7-m/crtbegin.o
                0x200001ac                . = ALIGN (0x4)

.bss            0x200001ac     0x4994 load address 0x0800ad64
                0x200001ac                _sbss = .
                0x200001ac                __bss_start__ = _sbss
 *(.bss)
 .bss           0x200001ac       0x1c c:/program files (x86)/atollic/truestudio for stm32 9.3.0/armtools/bin/../lib/gcc/arm-atollic-eabi/6.3.1/armv7-m/crtbegin.o
 *(.bss*)
 .bss.sm.6429   0x200001c8        0x1 src\klever_src\lcd_menu\Keyboard.o
 .bss.bt_state_low.6428
                0x200001c9        0x1 src\klever_src\lcd_menu\Keyboard.o
 .bss.bt_state_high.6427
                0x200001ca        0x1 src\klever_src\lcd_menu\Keyboard.o
 .bss.last_code.6448
                0x200001cb        0x1 src\klever_src\lcd_menu\Keyboard.o
 .bss.cnt.5534  0x200001cc        0x1 src\klever_src\lcd_menu\menu_callback.o
 *fill*         0x200001cd        0x3 
 .bss.menu_window.5405
                0x200001d0      0x140 src\klever_src\lcd_menu\menu_init.o
 .bss.item_index.5407
                0x20000310        0x4 src\klever_src\lcd_menu\menu_init.o
 .bss.item.5406
                0x20000314      0x7bc src\klever_src\lcd_menu\menu_init.o
 .bss.obj_index.5408
                0x20000ad0        0x4 src\klever_src\lcd_menu\menu_init.o
 .bss.obj.5404  0x20000ad4      0x2bc src\klever_src\lcd_menu\menu_init.o
 .bss.onthefly_log_mode
                0x20000d90        0x1 src\klever_src\log.o
                0x20000d90                onthefly_log_mode
 .bss.CURRENT_REG_MODE
                0x20000d91        0x1 src\klever_src\main_sm.o
                0x20000d91                CURRENT_REG_MODE
 *fill*         0x20000d92        0x2 
 .bss.time.4205
                0x20000d94        0x4 src\klever_src\main_sm.o
 .bss.avg_err.4216
                0x20000d98        0x4 src\klever_src\main_sm.o
 .bss._Kd       0x20000d9c        0x4 src\klever_src\pid.o
                0x20000d9c                _Kd
 .bss.a_l_local.4886
                0x20000da0        0x2 src\klever_src\tension_math.o
 .bss.a_r_local.4887
                0x20000da2        0x2 src\klever_src\tension_math.o
 .bss.i         0x20000da4        0x1 src\klever_src\usart.o
                0x20000da4                i
 .bss.Now_Alarm
                0x20000da5        0x1 src\main.o
                0x20000da5                Now_Alarm
 .bss.soft_error
                0x20000da6        0x1 src\main.o
                0x20000da6                soft_error
 .bss.display_error
                0x20000da7        0x1 src\main.o
                0x20000da7                display_error
 .bss.FC_motion_state
                0x20000da8        0x1 src\main.o
 .bss.FC_tension_state
                0x20000da9        0x1 src\main.o
 .bss.I2C_update
                0x20000daa        0x1 src\main.o
                0x20000daa                I2C_update
 *fill*         0x20000dab        0x1 
 .bss.I2C_update_delay
                0x20000dac        0x2 src\main.o
                0x20000dac                I2C_update_delay
 *fill*         0x20000dae        0x2 
 .bss.sys_delay
                0x20000db0        0x4 src\main.o
                0x20000db0                sys_delay
 .bss.adc_delay
                0x20000db4        0x4 src\main.o
                0x20000db4                adc_delay
 .bss.glcd_refresh_delay
                0x20000db8        0x4 src\main.o
                0x20000db8                glcd_refresh_delay
 .bss.leds_delay
                0x20000dbc        0x4 src\main.o
                0x20000dbc                leds_delay
 .bss.motor_foult_counter
                0x20000dc0        0x4 src\main.o
                0x20000dc0                motor_foult_counter
 .bss.log_buff_delay
                0x20000dc4        0x4 src\main.o
                0x20000dc4                log_buff_delay
 .bss.Frame_up_limit_state
                0x20000dc8        0x1 src\main.o
                0x20000dc8                Frame_up_limit_state
 .bss.Frame_rope_tension_bottom_limit_state
                0x20000dc9        0x1 src\main.o
                0x20000dc9                Frame_rope_tension_bottom_limit_state
 .bss.PNP_current_state
                0x20000dca        0x1 src\main.o
                0x20000dca                PNP_current_state
 .bss.PNP_prev_state
                0x20000dcb        0x1 src\main.o
                0x20000dcb                PNP_prev_state
 .bss.PNP_R_trigger
                0x20000dcc        0x1 src\main.o
                0x20000dcc                PNP_R_trigger
 .bss.PNP_F_trigger
                0x20000dcd        0x1 src\main.o
                0x20000dcd                PNP_F_trigger
 *fill*         0x20000dce        0x2 
 .bss.PNP_count
                0x20000dd0        0x4 src\main.o
                0x20000dd0                PNP_count
 .bss.previous_rope_tension_bottom_limit
                0x20000dd4        0x4 src\main.o
                0x20000dd4                previous_rope_tension_bottom_limit
 .bss.previous_rope_tension_up_limit
                0x20000dd8        0x4 src\main.o
                0x20000dd8                previous_rope_tension_up_limit
 .bss.rope_tension_error
                0x20000ddc        0x4 src\main.o
                0x20000ddc                rope_tension_error
 .bss.rope_tension_avg
                0x20000de0        0x4 src\main.o
                0x20000de0                rope_tension_avg
 .bss.rope_tension_avg_arr
                0x20000de4       0x28 src\main.o
                0x20000de4                rope_tension_avg_arr
 .bss.r_t_i     0x20000e0c        0x1 src\main.o
                0x20000e0c                r_t_i
 .bss.ADC_state
                0x20000e0d        0x1 src\main.o
                0x20000e0d                ADC_state
 .bss.ADC_ch    0x20000e0e        0x1 src\main.o
                0x20000e0e                ADC_ch
 *fill*         0x20000e0f        0x1 
 .bss.A0_raw    0x20000e10        0x2 src\main.o
                0x20000e10                A0_raw
 *fill*         0x20000e12        0x2 
 .bss.N         0x20000e14        0x4 src\main.o
                0x20000e14                N
 .bss.T         0x20000e18        0x4 src\main.o
                0x20000e18                T
 .bss.PWM_Speed_state
                0x20000e1c        0x1 src\main.o
                0x20000e1c                PWM_Speed_state
 .bss.PWM_Tension_state
                0x20000e1d        0x1 src\main.o
                0x20000e1d                PWM_Tension_state
 .bss.PWM_Speed
                0x20000e1e        0x2 src\main.o
                0x20000e1e                PWM_Speed
 .bss.PWM_Speed_Backup
                0x20000e20        0x2 src\main.o
                0x20000e20                PWM_Speed_Backup
 .bss.previous_PWM_Speed
                0x20000e22        0x2 src\main.o
                0x20000e22                previous_PWM_Speed
 .bss.PWM_tension
                0x20000e24        0x2 src\main.o
                0x20000e24                PWM_tension
 *fill*         0x20000e26        0x2 
 .bss.tension_cmd
                0x20000e28        0x4 src\main.o
 .bss.__malloc_free_list
                0x20000e2c        0x4 c:/program files (x86)/atollic/truestudio for stm32 9.3.0/armtools/bin/../lib/gcc/arm-atollic-eabi/6.3.1/../../../../arm-atollic-eabi/lib/armv7-m\libc_nano.a(lib_a-nano-mallocr.o)
                0x20000e2c                __malloc_free_list
 .bss.__malloc_sbrk_start
                0x20000e30        0x4 c:/program files (x86)/atollic/truestudio for stm32 9.3.0/armtools/bin/../lib/gcc/arm-atollic-eabi/6.3.1/../../../../arm-atollic-eabi/lib/armv7-m\libc_nano.a(lib_a-nano-mallocr.o)
                0x20000e30                __malloc_sbrk_start
 .bss.heap_end.4116
                0x20000e34        0x4 c:/program files (x86)/atollic/truestudio for stm32 9.3.0/armtools/bin/../lib/gcc/arm-atollic-eabi/6.3.1/../../../../arm-atollic-eabi/lib/armv7-m\libnosys.a(sbrk.o)
 *(COMMON)
 COMMON         0x20000e38      0x400 src\klever_src\GLCD.o
                0x20000e38                glcd_buff
 COMMON         0x20001238       0x10 src\klever_src\K_RCC\K_RCC.o
                0x20001238                K_CLOCK_CONTROL_STRUCT
 COMMON         0x20001248       0x24 src\klever_src\lcd_menu\Keyboard.o
                0x20001248                yellow_b_sm
                0x20001250                keys_state_now
                0x20001251                keys_state_backward
                0x20001254                red_b_sm
                0x2000125c                blue_b_sm
                0x20001264                green_b_sm
 COMMON         0x2000126c       0x10 src\klever_src\lcd_menu\screen.o
                0x2000126c                screen_state
                0x20001270                upd_counter
                0x20001274                upd_interval
                0x20001278                CURRENT_ITEM
 COMMON         0x2000127c     0x3845 src\klever_src\log.o
                0x2000127c                log_array
                0x20004abc                log_array_index
                0x20004ac0                log_array_ptr
 *fill*         0x20004ac1        0x3 
 COMMON         0x20004ac4       0x3c src\klever_src\main_sm.o
                0x20004ac4                mode_lazy_pid_struct
                0x20004ae4                mode_puls_struct
 COMMON         0x20004b00       0x2d src\klever_src\pid.o
                0x20004b00                Ki
                0x20004b04                current_time
                0x20004b08                next_PID_step
                0x20004b0c                Eprev
                0x20004b10                next_measuring
                0x20004b14                next_action
                0x20004b18                Kd
                0x20004b1c                E
                0x20004b20                I
                0x20004b24                Kp
                0x20004b28                U
                0x20004b2c                PID_step
 *fill*         0x20004b2d        0x1 
 COMMON         0x20004b2e        0x4 src\klever_src\tension_math.o
                0x20004b2e                previous_angle_right
                0x20004b30                previous_angle_left
 *fill*         0x20004b32        0x2 
 COMMON         0x20004b34        0x8 src\klever_src\usart.o
                0x20004b34                usart_buff_index
                0x20004b38                usart_buff
 COMMON         0x20004b3c        0x4 c:/program files (x86)/atollic/truestudio for stm32 9.3.0/armtools/bin/../lib/gcc/arm-atollic-eabi/6.3.1/../../../../arm-atollic-eabi/lib/armv7-m\libc_nano.a(lib_a-reent.o)
                0x20004b3c                errno
                0x20004b40                . = ALIGN (0x4)
                0x20004b40                _ebss = .
                0x20004b40                __bss_end__ = _ebss

._user_heap_stack
                0x20004b40      0x200 load address 0x0800ad64
                0x20004b40                . = ALIGN (0x4)
                0x20004b40                PROVIDE (end, .)
                [!provide]                PROVIDE (_end, .)
                0x20004b40                . = (. + _Min_Heap_Size)
                0x20004d40                . = (. + _Min_Stack_Size)
 *fill*         0x20004b40      0x200 
                0x20004d40                . = ALIGN (0x4)

.memory_b1_text
 *(.mb1text)
 *(.mb1text*)
 *(.mb1rodata)
 *(.mb1rodata*)

/DISCARD/
 libc.a(*)
 libm.a(*)
 libgcc.a(*)

.ARM.attributes
                0x00000000       0x29
 *(.ARM.attributes)
 .ARM.attributes
                0x00000000       0x1d c:/program files (x86)/atollic/truestudio for stm32 9.3.0/armtools/bin/../lib/gcc/arm-atollic-eabi/6.3.1/armv7-m/crti.o
 .ARM.attributes
                0x0000001d       0x2d c:/program files (x86)/atollic/truestudio for stm32 9.3.0/armtools/bin/../lib/gcc/arm-atollic-eabi/6.3.1/armv7-m/crtbegin.o
 .ARM.attributes
                0x0000004a       0x33 src\klever_src\ADC.o
 .ARM.attributes
                0x0000007d       0x33 src\klever_src\GLCD.o
 .ARM.attributes
                0x000000b0       0x33 src\klever_src\GPIO.o
 .ARM.attributes
                0x000000e3       0x33 src\klever_src\I2C.o
 .ARM.attributes
                0x00000116       0x33 src\klever_src\K_RCC\K_RCC.o
 .ARM.attributes
                0x00000149       0x33 src\klever_src\MEM.o
 .ARM.attributes
                0x0000017c       0x33 src\klever_src\PWM.o
 .ARM.attributes
                0x000001af       0x33 src\klever_src\RTC.o
 .ARM.attributes
                0x000001e2       0x33 src\klever_src\TIM.o
 .ARM.attributes
                0x00000215       0x33 src\klever_src\lcd_menu\Keyboard.o
 .ARM.attributes
                0x00000248       0x33 src\klever_src\lcd_menu\menu_callback.o
 .ARM.attributes
                0x0000027b       0x33 src\klever_src\lcd_menu\menu_init.o
 .ARM.attributes
                0x000002ae       0x33 src\klever_src\lcd_menu\screen.o
 .ARM.attributes
                0x000002e1       0x33 src\klever_src\log.o
 .ARM.attributes
                0x00000314       0x33 src\klever_src\main_sm.o
 .ARM.attributes
                0x00000347       0x33 src\klever_src\modbus.o
 .ARM.attributes
                0x0000037a       0x33 src\klever_src\pid.o
 .ARM.attributes
                0x000003ad       0x33 src\klever_src\tension_math.o
 .ARM.attributes
                0x000003e0       0x33 src\klever_src\usart.o
 .ARM.attributes
                0x00000413       0x33 src\main.o
 .ARM.attributes
                0x00000446       0x21 src\startup_stm32f10x_cl.o
 .ARM.attributes
                0x00000467       0x33 src\system_stm32f10x.o
 .ARM.attributes
                0x0000049a       0x2d c:/program files (x86)/atollic/truestudio for stm32 9.3.0/armtools/bin/../lib/gcc/arm-atollic-eabi/6.3.1/../../../../arm-atollic-eabi/lib/armv7-m\libc_nano.a(lib_a-init.o)
 .ARM.attributes
                0x000004c7       0x2d c:/program files (x86)/atollic/truestudio for stm32 9.3.0/armtools/bin/../lib/gcc/arm-atollic-eabi/6.3.1/../../../../arm-atollic-eabi/lib/armv7-m\libc_nano.a(lib_a-sprintf.o)
 .ARM.attributes
                0x000004f4       0x2d c:/program files (x86)/atollic/truestudio for stm32 9.3.0/armtools/bin/../lib/gcc/arm-atollic-eabi/6.3.1/../../../../arm-atollic-eabi/lib/armv7-m\libc_nano.a(lib_a-strcpy.o)
 .ARM.attributes
                0x00000521       0x2d c:/program files (x86)/atollic/truestudio for stm32 9.3.0/armtools/bin/../lib/gcc/arm-atollic-eabi/6.3.1/../../../../arm-atollic-eabi/lib/armv7-m\libc_nano.a(lib_a-impure.o)
 .ARM.attributes
                0x0000054e       0x2d c:/program files (x86)/atollic/truestudio for stm32 9.3.0/armtools/bin/../lib/gcc/arm-atollic-eabi/6.3.1/../../../../arm-atollic-eabi/lib/armv7-m\libc_nano.a(lib_a-nano-svfprintf.o)
 .ARM.attributes
                0x0000057b       0x2d c:/program files (x86)/atollic/truestudio for stm32 9.3.0/armtools/bin/../lib/gcc/arm-atollic-eabi/6.3.1/../../../../arm-atollic-eabi/lib/armv7-m\libc_nano.a(lib_a-nano-vfprintf_i.o)
 .ARM.attributes
                0x000005a8       0x2d c:/program files (x86)/atollic/truestudio for stm32 9.3.0/armtools/bin/../lib/gcc/arm-atollic-eabi/6.3.1/../../../../arm-atollic-eabi/lib/armv7-m\libc_nano.a(lib_a-memchr-stub.o)
 .ARM.attributes
                0x000005d5       0x2d c:/program files (x86)/atollic/truestudio for stm32 9.3.0/armtools/bin/../lib/gcc/arm-atollic-eabi/6.3.1/../../../../arm-atollic-eabi/lib/armv7-m\libc_nano.a(lib_a-memcpy-stub.o)
 .ARM.attributes
                0x00000602       0x2d c:/program files (x86)/atollic/truestudio for stm32 9.3.0/armtools/bin/../lib/gcc/arm-atollic-eabi/6.3.1/../../../../arm-atollic-eabi/lib/armv7-m\libc_nano.a(lib_a-memmove.o)
 .ARM.attributes
                0x0000062f       0x2d c:/program files (x86)/atollic/truestudio for stm32 9.3.0/armtools/bin/../lib/gcc/arm-atollic-eabi/6.3.1/../../../../arm-atollic-eabi/lib/armv7-m\libc_nano.a(lib_a-nano-freer.o)
 .ARM.attributes
                0x0000065c       0x2d c:/program files (x86)/atollic/truestudio for stm32 9.3.0/armtools/bin/../lib/gcc/arm-atollic-eabi/6.3.1/../../../../arm-atollic-eabi/lib/armv7-m\libc_nano.a(lib_a-nano-mallocr.o)
 .ARM.attributes
                0x00000689       0x2d c:/program files (x86)/atollic/truestudio for stm32 9.3.0/armtools/bin/../lib/gcc/arm-atollic-eabi/6.3.1/../../../../arm-atollic-eabi/lib/armv7-m\libc_nano.a(lib_a-nano-reallocr.o)
 .ARM.attributes
                0x000006b6       0x2d c:/program files (x86)/atollic/truestudio for stm32 9.3.0/armtools/bin/../lib/gcc/arm-atollic-eabi/6.3.1/../../../../arm-atollic-eabi/lib/armv7-m\libc_nano.a(lib_a-sbrkr.o)
 .ARM.attributes
                0x000006e3       0x2d c:/program files (x86)/atollic/truestudio for stm32 9.3.0/armtools/bin/../lib/gcc/arm-atollic-eabi/6.3.1/../../../../arm-atollic-eabi/lib/armv7-m\libc_nano.a(lib_a-mlock.o)
 .ARM.attributes
                0x00000710       0x2d c:/program files (x86)/atollic/truestudio for stm32 9.3.0/armtools/bin/../lib/gcc/arm-atollic-eabi/6.3.1/../../../../arm-atollic-eabi/lib/armv7-m\libc_nano.a(lib_a-nano-msizer.o)
 .ARM.attributes
                0x0000073d       0x2d c:/program files (x86)/atollic/truestudio for stm32 9.3.0/armtools/bin/../lib/gcc/arm-atollic-eabi/6.3.1/../../../../arm-atollic-eabi/lib/armv7-m\libc_nano.a(lib_a-reent.o)
 .ARM.attributes
                0x0000076a       0x2d c:/program files (x86)/atollic/truestudio for stm32 9.3.0/armtools/bin/../lib/gcc/arm-atollic-eabi/6.3.1/../../../../arm-atollic-eabi/lib/armv7-m\libm.a(lib_a-s_sin.o)
 .ARM.attributes
                0x00000797       0x2d c:/program files (x86)/atollic/truestudio for stm32 9.3.0/armtools/bin/../lib/gcc/arm-atollic-eabi/6.3.1/../../../../arm-atollic-eabi/lib/armv7-m\libm.a(lib_a-e_rem_pio2.o)
 .ARM.attributes
                0x000007c4       0x2d c:/program files (x86)/atollic/truestudio for stm32 9.3.0/armtools/bin/../lib/gcc/arm-atollic-eabi/6.3.1/../../../../arm-atollic-eabi/lib/armv7-m\libm.a(lib_a-k_cos.o)
 .ARM.attributes
                0x000007f1       0x2d c:/program files (x86)/atollic/truestudio for stm32 9.3.0/armtools/bin/../lib/gcc/arm-atollic-eabi/6.3.1/../../../../arm-atollic-eabi/lib/armv7-m\libm.a(lib_a-k_rem_pio2.o)
 .ARM.attributes
                0x0000081e       0x2d c:/program files (x86)/atollic/truestudio for stm32 9.3.0/armtools/bin/../lib/gcc/arm-atollic-eabi/6.3.1/../../../../arm-atollic-eabi/lib/armv7-m\libm.a(lib_a-k_sin.o)
 .ARM.attributes
                0x0000084b       0x2d c:/program files (x86)/atollic/truestudio for stm32 9.3.0/armtools/bin/../lib/gcc/arm-atollic-eabi/6.3.1/../../../../arm-atollic-eabi/lib/armv7-m\libm.a(lib_a-s_fabs.o)
 .ARM.attributes
                0x00000878       0x2d c:/program files (x86)/atollic/truestudio for stm32 9.3.0/armtools/bin/../lib/gcc/arm-atollic-eabi/6.3.1/../../../../arm-atollic-eabi/lib/armv7-m\libm.a(lib_a-s_floor.o)
 .ARM.attributes
                0x000008a5       0x2d c:/program files (x86)/atollic/truestudio for stm32 9.3.0/armtools/bin/../lib/gcc/arm-atollic-eabi/6.3.1/../../../../arm-atollic-eabi/lib/armv7-m\libm.a(lib_a-s_scalbn.o)
 .ARM.attributes
                0x000008d2       0x2d c:/program files (x86)/atollic/truestudio for stm32 9.3.0/armtools/bin/../lib/gcc/arm-atollic-eabi/6.3.1/../../../../arm-atollic-eabi/lib/armv7-m\libm.a(lib_a-s_copysign.o)
 .ARM.attributes
                0x000008ff       0x1d c:/program files (x86)/atollic/truestudio for stm32 9.3.0/armtools/bin/../lib/gcc/arm-atollic-eabi/6.3.1/armv7-m\libgcc.a(_arm_addsubdf3.o)
 .ARM.attributes
                0x0000091c       0x1d c:/program files (x86)/atollic/truestudio for stm32 9.3.0/armtools/bin/../lib/gcc/arm-atollic-eabi/6.3.1/armv7-m\libgcc.a(_arm_muldivdf3.o)
 .ARM.attributes
                0x00000939       0x1d c:/program files (x86)/atollic/truestudio for stm32 9.3.0/armtools/bin/../lib/gcc/arm-atollic-eabi/6.3.1/armv7-m\libgcc.a(_arm_cmpdf2.o)
 .ARM.attributes
                0x00000956       0x1d c:/program files (x86)/atollic/truestudio for stm32 9.3.0/armtools/bin/../lib/gcc/arm-atollic-eabi/6.3.1/armv7-m\libgcc.a(_arm_fixdfsi.o)
 .ARM.attributes
                0x00000973       0x1d c:/program files (x86)/atollic/truestudio for stm32 9.3.0/armtools/bin/../lib/gcc/arm-atollic-eabi/6.3.1/armv7-m\libgcc.a(_arm_truncdfsf2.o)
 .ARM.attributes
                0x00000990       0x1d c:/program files (x86)/atollic/truestudio for stm32 9.3.0/armtools/bin/../lib/gcc/arm-atollic-eabi/6.3.1/armv7-m\libgcc.a(_arm_addsubsf3.o)
 .ARM.attributes
                0x000009ad       0x1d c:/program files (x86)/atollic/truestudio for stm32 9.3.0/armtools/bin/../lib/gcc/arm-atollic-eabi/6.3.1/armv7-m\libgcc.a(_arm_muldivsf3.o)
 .ARM.attributes
                0x000009ca       0x1d c:/program files (x86)/atollic/truestudio for stm32 9.3.0/armtools/bin/../lib/gcc/arm-atollic-eabi/6.3.1/armv7-m\libgcc.a(_arm_cmpsf2.o)
 .ARM.attributes
                0x000009e7       0x1d c:/program files (x86)/atollic/truestudio for stm32 9.3.0/armtools/bin/../lib/gcc/arm-atollic-eabi/6.3.1/armv7-m\libgcc.a(_arm_fixsfsi.o)
 .ARM.attributes
                0x00000a04       0x1d c:/program files (x86)/atollic/truestudio for stm32 9.3.0/armtools/bin/../lib/gcc/arm-atollic-eabi/6.3.1/armv7-m\libgcc.a(_aeabi_uldivmod.o)
 .ARM.attributes
                0x00000a21       0x2d c:/program files (x86)/atollic/truestudio for stm32 9.3.0/armtools/bin/../lib/gcc/arm-atollic-eabi/6.3.1/armv7-m\libgcc.a(_udivmoddi4.o)
 .ARM.attributes
                0x00000a4e       0x1d c:/program files (x86)/atollic/truestudio for stm32 9.3.0/armtools/bin/../lib/gcc/arm-atollic-eabi/6.3.1/armv7-m\libgcc.a(_dvmd_tls.o)
 .ARM.attributes
                0x00000a6b       0x2d c:/program files (x86)/atollic/truestudio for stm32 9.3.0/armtools/bin/../lib/gcc/arm-atollic-eabi/6.3.1/../../../../arm-atollic-eabi/lib/armv7-m\libnosys.a(sbrk.o)
 .ARM.attributes
                0x00000a98       0x1d c:/program files (x86)/atollic/truestudio for stm32 9.3.0/armtools/bin/../lib/gcc/arm-atollic-eabi/6.3.1/armv7-m/crtn.o
OUTPUT(Klever.elf elf32-littlearm)

.debug_info     0x00000000     0xb04c
 .debug_info    0x00000000      0x32a src\klever_src\ADC.o
 .debug_info    0x0000032a      0x7d1 src\klever_src\GLCD.o
 .debug_info    0x00000afb      0x2fb src\klever_src\GPIO.o
 .debug_info    0x00000df6      0x4fd src\klever_src\I2C.o
 .debug_info    0x000012f3      0x4b6 src\klever_src\K_RCC\K_RCC.o
 .debug_info    0x000017a9      0x270 src\klever_src\MEM.o
 .debug_info    0x00001a19      0x728 src\klever_src\PWM.o
 .debug_info    0x00002141      0x5b9 src\klever_src\RTC.o
 .debug_info    0x000026fa      0x120 src\klever_src\TIM.o
 .debug_info    0x0000281a      0xd18 src\klever_src\lcd_menu\Keyboard.o
 .debug_info    0x00003532     0x13af src\klever_src\lcd_menu\menu_callback.o
 .debug_info    0x000048e1      0xb64 src\klever_src\lcd_menu\menu_init.o
 .debug_info    0x00005445      0xfe8 src\klever_src\lcd_menu\screen.o
 .debug_info    0x0000642d      0xb74 src\klever_src\log.o
 .debug_info    0x00006fa1      0x2c6 src\klever_src\main_sm.o
 .debug_info    0x00007267      0x296 src\klever_src\modbus.o
 .debug_info    0x000074fd      0xc61 src\klever_src\pid.o
 .debug_info    0x0000815e      0xa23 src\klever_src\tension_math.o
 .debug_info    0x00008b81      0x753 src\klever_src\usart.o
 .debug_info    0x000092d4     0x17f2 src\main.o
 .debug_info    0x0000aac6       0x89 src\startup_stm32f10x_cl.o
 .debug_info    0x0000ab4f      0x4fd src\system_stm32f10x.o

.debug_abbrev   0x00000000     0x2448
 .debug_abbrev  0x00000000      0x102 src\klever_src\ADC.o
 .debug_abbrev  0x00000102      0x239 src\klever_src\GLCD.o
 .debug_abbrev  0x0000033b      0x101 src\klever_src\GPIO.o
 .debug_abbrev  0x0000043c      0x1b7 src\klever_src\I2C.o
 .debug_abbrev  0x000005f3      0x175 src\klever_src\K_RCC\K_RCC.o
 .debug_abbrev  0x00000768      0x113 src\klever_src\MEM.o
 .debug_abbrev  0x0000087b      0x17f src\klever_src\PWM.o
 .debug_abbrev  0x000009fa      0x18d src\klever_src\RTC.o
 .debug_abbrev  0x00000b87       0xb7 src\klever_src\TIM.o
 .debug_abbrev  0x00000c3e      0x241 src\klever_src\lcd_menu\Keyboard.o
 .debug_abbrev  0x00000e7f      0x2aa src\klever_src\lcd_menu\menu_callback.o
 .debug_abbrev  0x00001129      0x1a6 src\klever_src\lcd_menu\menu_init.o
 .debug_abbrev  0x000012cf      0x282 src\klever_src\lcd_menu\screen.o
 .debug_abbrev  0x00001551      0x229 src\klever_src\log.o
 .debug_abbrev  0x0000177a       0xed src\klever_src\main_sm.o
 .debug_abbrev  0x00001867      0x113 src\klever_src\modbus.o
 .debug_abbrev  0x0000197a      0x252 src\klever_src\pid.o
 .debug_abbrev  0x00001bcc      0x200 src\klever_src\tension_math.o
 .debug_abbrev  0x00001dcc      0x1ba src\klever_src\usart.o
 .debug_abbrev  0x00001f86      0x342 src\main.o
 .debug_abbrev  0x000022c8       0x12 src\startup_stm32f10x_cl.o
 .debug_abbrev  0x000022da      0x16e src\system_stm32f10x.o

.debug_aranges  0x00000000      0x9a8
 .debug_aranges
                0x00000000       0x30 src\klever_src\ADC.o
 .debug_aranges
                0x00000030       0x90 src\klever_src\GLCD.o
 .debug_aranges
                0x000000c0       0x58 src\klever_src\GPIO.o
 .debug_aranges
                0x00000118       0x58 src\klever_src\I2C.o
 .debug_aranges
                0x00000170       0x68 src\klever_src\K_RCC\K_RCC.o
 .debug_aranges
                0x000001d8       0x48 src\klever_src\MEM.o
 .debug_aranges
                0x00000220       0x40 src\klever_src\PWM.o
 .debug_aranges
                0x00000260       0x58 src\klever_src\RTC.o
 .debug_aranges
                0x000002b8       0x20 src\klever_src\TIM.o
 .debug_aranges
                0x000002d8       0xc8 src\klever_src\lcd_menu\Keyboard.o
 .debug_aranges
                0x000003a0      0x288 src\klever_src\lcd_menu\menu_callback.o
 .debug_aranges
                0x00000628       0x20 src\klever_src\lcd_menu\menu_init.o
 .debug_aranges
                0x00000648       0xb0 src\klever_src\lcd_menu\screen.o
 .debug_aranges
                0x000006f8       0x40 src\klever_src\log.o
 .debug_aranges
                0x00000738       0x38 src\klever_src\main_sm.o
 .debug_aranges
                0x00000770       0x50 src\klever_src\modbus.o
 .debug_aranges
                0x000007c0       0x68 src\klever_src\pid.o
 .debug_aranges
                0x00000828       0x20 src\klever_src\tension_math.o
 .debug_aranges
                0x00000848       0x58 src\klever_src\usart.o
 .debug_aranges
                0x000008a0       0xa8 src\main.o
 .debug_aranges
                0x00000948       0x28 src\startup_stm32f10x_cl.o
 .debug_aranges
                0x00000970       0x38 src\system_stm32f10x.o

.debug_ranges   0x00000000      0x870
 .debug_ranges  0x00000000       0x20 src\klever_src\ADC.o
 .debug_ranges  0x00000020       0xa0 src\klever_src\GLCD.o
 .debug_ranges  0x000000c0       0x48 src\klever_src\GPIO.o
 .debug_ranges  0x00000108       0x48 src\klever_src\I2C.o
 .debug_ranges  0x00000150       0x58 src\klever_src\K_RCC\K_RCC.o
 .debug_ranges  0x000001a8       0x38 src\klever_src\MEM.o
 .debug_ranges  0x000001e0       0x30 src\klever_src\PWM.o
 .debug_ranges  0x00000210       0x48 src\klever_src\RTC.o
 .debug_ranges  0x00000258       0x10 src\klever_src\TIM.o
 .debug_ranges  0x00000268       0xb8 src\klever_src\lcd_menu\Keyboard.o
 .debug_ranges  0x00000320      0x278 src\klever_src\lcd_menu\menu_callback.o
 .debug_ranges  0x00000598       0x10 src\klever_src\lcd_menu\menu_init.o
 .debug_ranges  0x000005a8       0xa0 src\klever_src\lcd_menu\screen.o
 .debug_ranges  0x00000648       0x30 src\klever_src\log.o
 .debug_ranges  0x00000678       0x28 src\klever_src\main_sm.o
 .debug_ranges  0x000006a0       0x40 src\klever_src\modbus.o
 .debug_ranges  0x000006e0       0x58 src\klever_src\pid.o
 .debug_ranges  0x00000738       0x10 src\klever_src\tension_math.o
 .debug_ranges  0x00000748       0x48 src\klever_src\usart.o
 .debug_ranges  0x00000790       0x98 src\main.o
 .debug_ranges  0x00000828       0x20 src\startup_stm32f10x_cl.o
 .debug_ranges  0x00000848       0x28 src\system_stm32f10x.o

.debug_line     0x00000000     0x43d3
 .debug_line    0x00000000      0x20e src\klever_src\ADC.o
 .debug_line    0x0000020e      0x45b src\klever_src\GLCD.o
 .debug_line    0x00000669      0x250 src\klever_src\GPIO.o
 .debug_line    0x000008b9      0x3ac src\klever_src\I2C.o
 .debug_line    0x00000c65      0x3fc src\klever_src\K_RCC\K_RCC.o
 .debug_line    0x00001061      0x207 src\klever_src\MEM.o
 .debug_line    0x00001268      0x21f src\klever_src\PWM.o
 .debug_line    0x00001487      0x292 src\klever_src\RTC.o
 .debug_line    0x00001719      0x19e src\klever_src\TIM.o
 .debug_line    0x000018b7      0x477 src\klever_src\lcd_menu\Keyboard.o
 .debug_line    0x00001d2e      0x8e8 src\klever_src\lcd_menu\menu_callback.o
 .debug_line    0x00002616      0x27d src\klever_src\lcd_menu\menu_init.o
 .debug_line    0x00002893      0x3fa src\klever_src\lcd_menu\screen.o
 .debug_line    0x00002c8d      0x26f src\klever_src\log.o
 .debug_line    0x00002efc      0x1a5 src\klever_src\main_sm.o
 .debug_line    0x000030a1      0x1fa src\klever_src\modbus.o
 .debug_line    0x0000329b      0x399 src\klever_src\pid.o
 .debug_line    0x00003634      0x26d src\klever_src\tension_math.o
 .debug_line    0x000038a1      0x280 src\klever_src\usart.o
 .debug_line    0x00003b21      0x5da src\main.o
 .debug_line    0x000040fb       0x7e src\startup_stm32f10x_cl.o
 .debug_line    0x00004179      0x25a src\system_stm32f10x.o

.debug_str      0x00000000     0x2bd3
 .debug_str     0x00000000      0x272 src\klever_src\ADC.o
                                0x2d2 (size before relaxing)
 .debug_str     0x00000272      0x239 src\klever_src\GLCD.o
                                0x495 (size before relaxing)
 .debug_str     0x000004ab       0xab src\klever_src\GPIO.o
                                0x2ed (size before relaxing)
 .debug_str     0x00000556      0x101 src\klever_src\I2C.o
                                0x3b7 (size before relaxing)
 .debug_str     0x00000657      0x1cf src\klever_src\K_RCC\K_RCC.o
                                0x409 (size before relaxing)
 .debug_str     0x00000826       0x75 src\klever_src\MEM.o
                                0x291 (size before relaxing)
 .debug_str     0x0000089b      0x4fa src\klever_src\PWM.o
                                0x787 (size before relaxing)
 .debug_str     0x00000d95      0x154 src\klever_src\RTC.o
                                0x420 (size before relaxing)
 .debug_str     0x00000ee9       0x42 src\klever_src\TIM.o
                                0x1fd (size before relaxing)
 .debug_str     0x00000f2b      0x73d src\klever_src\lcd_menu\Keyboard.o
                                0x992 (size before relaxing)
 .debug_str     0x00001668      0x7e1 src\klever_src\lcd_menu\menu_callback.o
                               0x103f (size before relaxing)
 .debug_str     0x00001e49      0x1a4 src\klever_src\lcd_menu\menu_init.o
                                0x78b (size before relaxing)
 .debug_str     0x00001fed      0x200 src\klever_src\lcd_menu\screen.o
                                0x95a (size before relaxing)
 .debug_str     0x000021ed      0x10f src\klever_src\log.o
                                0x79a (size before relaxing)
 .debug_str     0x000022fc       0x76 src\klever_src\main_sm.o
                                0x395 (size before relaxing)
 .debug_str     0x00002372       0x6b src\klever_src\modbus.o
                                0x260 (size before relaxing)
 .debug_str     0x000023dd      0x1b2 src\klever_src\pid.o
                                0x7ba (size before relaxing)
 .debug_str     0x0000258f       0x64 src\klever_src\tension_math.o
                                0x6d7 (size before relaxing)
 .debug_str     0x000025f3       0xdc src\klever_src\usart.o
                                0x78c (size before relaxing)
 .debug_str     0x000026cf      0x3c9 src\main.o
                               0x10ba (size before relaxing)
 .debug_str     0x00002a98      0x13b src\system_stm32f10x.o