stm32f1xx_it.c:54:6:NMI_Handler	4	static
stm32f1xx_it.c:63:6:HardFault_Handler	4	static
stm32f1xx_it.c:76:6:MemManage_Handler	4	static
stm32f1xx_it.c:89:6:BusFault_Handler	4	static
stm32f1xx_it.c:102:6:UsageFault_Handler	4	static
stm32f1xx_it.c:115:6:SVC_Handler	4	static
stm32f1xx_it.c:124:6:DebugMon_Handler	4	static
stm32f1xx_it.c:133:6:PendSV_Handler	4	static
stm32f1xx_it.c:143:6:SysTick_Handler	8	static
stm32f1xx_it.c:185:6:USART3_IRQHandler	16	static
stm32f1xx_it.c:199:6:DMA1_Channel3_IRQHandler	4	static
