main.c:267:6:delay_us	24	static
main.c:281:6:delay_ms	16	static
main.c:292:6:ADC_work	4	static
main.c:350:6:enableRotation	8	static
main.c:360:6:disableRotation	8	static
main.c:371:6:generateError	8	static
main.c:383:6:generateErrorOfMotor	8	static
main.c:388:6:generateErrorOfLowTension	8	static
main.c:397:6:generateErrorOfHighTension	24	static
main.c:420:6:generateErrorOfUpLimit	8	static
main.c:427:6:generateErrorOfBottomLimit	8	static
main.c:434:6:shutdownErrorOfBottomLimit	4	static
main.c:438:6:shutdownErrorOfUpLimit	4	static
main.c:445:5:abs_k	16	static
main.c:458:6:SysTick_Handler	88	static
main.c:684:6:Read_BDCR	8	static
main.c:710:6:TIM3_IRQHandler	8	static
main.c:721:5:main	8	static
