stm32f10x_spi.c:112:6:SPI_I2S_DeInit	16	static
stm32f10x_spi.c:151:6:SPI_Init	24	static
stm32f10x_spi.c:198:6:I2S_Init	32	static
stm32f10x_spi.c:293:6:SPI_StructInit	16	static
stm32f10x_spi.c:322:6:I2S_StructInit	16	static
stm32f10x_spi.c:351:6:SPI_Cmd	16	static
stm32f10x_spi.c:374:6:I2S_Cmd	16	static
stm32f10x_spi.c:406:6:SPI_I2S_ITConfig	24	static
stm32f10x_spi.c:444:6:SPI_I2S_DMACmd	16	static
stm32f10x_spi.c:470:6:SPI_I2S_SendData	16	static
stm32f10x_spi.c:486:10:SPI_I2S_ReceiveData	16	static
stm32f10x_spi.c:505:6:SPI_NSSInternalSoftwareConfig	16	static
stm32f10x_spi.c:529:6:SPI_SSOutputCmd	16	static
stm32f10x_spi.c:555:6:SPI_DataSizeConfig	16	static
stm32f10x_spi.c:571:6:SPI_TransmitCRC	16	static
stm32f10x_spi.c:588:6:SPI_CalculateCRC	16	static
stm32f10x_spi.c:615:10:SPI_GetCRC	24	static
stm32f10x_spi.c:640:10:SPI_GetCRCPolynomial	16	static
stm32f10x_spi.c:660:6:SPI_BiDirectionalLineConfig	16	static
stm32f10x_spi.c:694:12:SPI_I2S_GetFlagStatus	24	static
stm32f10x_spi.c:732:6:SPI_I2S_ClearFlag	16	static
stm32f10x_spi.c:757:10:SPI_I2S_GetITStatus	24	static
stm32f10x_spi.c:805:6:SPI_I2S_ClearITPendingBit	24	static
