Archive member included to satisfy reference by file (symbol)

c:/program files (x86)/atollic/truestudio for stm32 9.3.0/armtools/bin/../lib/gcc/arm-atollic-eabi/6.3.1/../../../../arm-atollic-eabi/lib/armv7-m\libc_nano.a(lib_a-init.o)
                              src\startup_stm32f10x_md.o (__libc_init_array)
c:/program files (x86)/atollic/truestudio for stm32 9.3.0/armtools/bin/../lib/gcc/arm-atollic-eabi/6.3.1/../../../../arm-atollic-eabi/lib/armv7-m\libc_nano.a(lib_a-sprintf.o)
                              src\lcd_menu\menu_callback.o (sprintf)
c:/program files (x86)/atollic/truestudio for stm32 9.3.0/armtools/bin/../lib/gcc/arm-atollic-eabi/6.3.1/../../../../arm-atollic-eabi/lib/armv7-m\libc_nano.a(lib_a-strcpy.o)
                              src\usart\usart.o (strcpy)
c:/program files (x86)/atollic/truestudio for stm32 9.3.0/armtools/bin/../lib/gcc/arm-atollic-eabi/6.3.1/../../../../arm-atollic-eabi/lib/armv7-m\libc_nano.a(lib_a-strlen.o)
                              src\usart\usart.o (strlen)
c:/program files (x86)/atollic/truestudio for stm32 9.3.0/armtools/bin/../lib/gcc/arm-atollic-eabi/6.3.1/../../../../arm-atollic-eabi/lib/armv7-m\libc_nano.a(lib_a-impure.o)
                              c:/program files (x86)/atollic/truestudio for stm32 9.3.0/armtools/bin/../lib/gcc/arm-atollic-eabi/6.3.1/../../../../arm-atollic-eabi/lib/armv7-m\libc_nano.a(lib_a-sprintf.o) (_impure_ptr)
c:/program files (x86)/atollic/truestudio for stm32 9.3.0/armtools/bin/../lib/gcc/arm-atollic-eabi/6.3.1/../../../../arm-atollic-eabi/lib/armv7-m\libc_nano.a(lib_a-nano-svfprintf.o)
                              c:/program files (x86)/atollic/truestudio for stm32 9.3.0/armtools/bin/../lib/gcc/arm-atollic-eabi/6.3.1/../../../../arm-atollic-eabi/lib/armv7-m\libc_nano.a(lib_a-sprintf.o) (_svfprintf_r)
c:/program files (x86)/atollic/truestudio for stm32 9.3.0/armtools/bin/../lib/gcc/arm-atollic-eabi/6.3.1/../../../../arm-atollic-eabi/lib/armv7-m\libc_nano.a(lib_a-nano-vfprintf_i.o)
                              c:/program files (x86)/atollic/truestudio for stm32 9.3.0/armtools/bin/../lib/gcc/arm-atollic-eabi/6.3.1/../../../../arm-atollic-eabi/lib/armv7-m\libc_nano.a(lib_a-nano-svfprintf.o) (_printf_i)
c:/program files (x86)/atollic/truestudio for stm32 9.3.0/armtools/bin/../lib/gcc/arm-atollic-eabi/6.3.1/../../../../arm-atollic-eabi/lib/armv7-m\libc_nano.a(lib_a-memchr-stub.o)
                              c:/program files (x86)/atollic/truestudio for stm32 9.3.0/armtools/bin/../lib/gcc/arm-atollic-eabi/6.3.1/../../../../arm-atollic-eabi/lib/armv7-m\libc_nano.a(lib_a-nano-svfprintf.o) (memchr)
c:/program files (x86)/atollic/truestudio for stm32 9.3.0/armtools/bin/../lib/gcc/arm-atollic-eabi/6.3.1/../../../../arm-atollic-eabi/lib/armv7-m\libc_nano.a(lib_a-memcpy-stub.o)
                              c:/program files (x86)/atollic/truestudio for stm32 9.3.0/armtools/bin/../lib/gcc/arm-atollic-eabi/6.3.1/../../../../arm-atollic-eabi/lib/armv7-m\libc_nano.a(lib_a-nano-svfprintf.o) (memcpy)
c:/program files (x86)/atollic/truestudio for stm32 9.3.0/armtools/bin/../lib/gcc/arm-atollic-eabi/6.3.1/../../../../arm-atollic-eabi/lib/armv7-m\libc_nano.a(lib_a-memmove.o)
                              c:/program files (x86)/atollic/truestudio for stm32 9.3.0/armtools/bin/../lib/gcc/arm-atollic-eabi/6.3.1/../../../../arm-atollic-eabi/lib/armv7-m\libc_nano.a(lib_a-nano-svfprintf.o) (memmove)
c:/program files (x86)/atollic/truestudio for stm32 9.3.0/armtools/bin/../lib/gcc/arm-atollic-eabi/6.3.1/../../../../arm-atollic-eabi/lib/armv7-m\libc_nano.a(lib_a-nano-freer.o)
                              c:/program files (x86)/atollic/truestudio for stm32 9.3.0/armtools/bin/../lib/gcc/arm-atollic-eabi/6.3.1/../../../../arm-atollic-eabi/lib/armv7-m\libc_nano.a(lib_a-nano-svfprintf.o) (_free_r)
c:/program files (x86)/atollic/truestudio for stm32 9.3.0/armtools/bin/../lib/gcc/arm-atollic-eabi/6.3.1/../../../../arm-atollic-eabi/lib/armv7-m\libc_nano.a(lib_a-nano-mallocr.o)
                              c:/program files (x86)/atollic/truestudio for stm32 9.3.0/armtools/bin/../lib/gcc/arm-atollic-eabi/6.3.1/../../../../arm-atollic-eabi/lib/armv7-m\libc_nano.a(lib_a-nano-svfprintf.o) (_malloc_r)
c:/program files (x86)/atollic/truestudio for stm32 9.3.0/armtools/bin/../lib/gcc/arm-atollic-eabi/6.3.1/../../../../arm-atollic-eabi/lib/armv7-m\libc_nano.a(lib_a-nano-reallocr.o)
                              c:/program files (x86)/atollic/truestudio for stm32 9.3.0/armtools/bin/../lib/gcc/arm-atollic-eabi/6.3.1/../../../../arm-atollic-eabi/lib/armv7-m\libc_nano.a(lib_a-nano-svfprintf.o) (_realloc_r)
c:/program files (x86)/atollic/truestudio for stm32 9.3.0/armtools/bin/../lib/gcc/arm-atollic-eabi/6.3.1/../../../../arm-atollic-eabi/lib/armv7-m\libc_nano.a(lib_a-sbrkr.o)
[...]
Memory Configuration

Name             Origin             Length             Attributes
FLASH            0x08000000         0x00010000         xr
RAM              0x20000000         0x00005000         xrw
MEMORY_B1        0x60000000         0x00000000         xr
*default*        0x00000000         0xffffffff

Linker script and memory map

LOAD c:/program files (x86)/atollic/truestudio for stm32 9.3.0/armtools/bin/../lib/gcc/arm-atollic-eabi/6.3.1/armv7-m/crti.o
LOAD c:/program files (x86)/atollic/truestudio for stm32 9.3.0/armtools/bin/../lib/gcc/arm-atollic-eabi/6.3.1/armv7-m/crtbegin.o
LOAD Libraries\STM32F10x_StdPeriph_Driver\src\misc.o
LOAD Libraries\STM32F10x_StdPeriph_Driver\src\stm32f10x_adc.o
LOAD Libraries\STM32F10x_StdPeriph_Driver\src\stm32f10x_bkp.o
LOAD Libraries\STM32F10x_StdPeriph_Driver\src\stm32f10x_can.o
LOAD Libraries\STM32F10x_StdPeriph_Driver\src\stm32f10x_cec.o
LOAD Libraries\STM32F10x_StdPeriph_Driver\src\stm32f10x_crc.o
LOAD Libraries\STM32F10x_StdPeriph_Driver\src\stm32f10x_dac.o
LOAD Libraries\STM32F10x_StdPeriph_Driver\src\stm32f10x_dbgmcu.o
LOAD Libraries\STM32F10x_StdPeriph_Driver\src\stm32f10x_dma.o
LOAD Libraries\STM32F10x_StdPeriph_Driver\src\stm32f10x_exti.o
LOAD Libraries\STM32F10x_StdPeriph_Driver\src\stm32f10x_flash.o
LOAD Libraries\STM32F10x_StdPeriph_Driver\src\stm32f10x_fsmc.o
LOAD Libraries\STM32F10x_StdPeriph_Driver\src\stm32f10x_gpio.o
LOAD Libraries\STM32F10x_StdPeriph_Driver\src\stm32f10x_i2c.o
LOAD Libraries\STM32F10x_StdPeriph_Driver\src\stm32f10x_iwdg.o
LOAD Libraries\STM32F10x_StdPeriph_Driver\src\stm32f10x_pwr.o
LOAD Libraries\STM32F10x_StdPeriph_Driver\src\stm32f10x_rcc.o
LOAD Libraries\STM32F10x_StdPeriph_Driver\src\stm32f10x_rtc.o
LOAD Libraries\STM32F10x_StdPeriph_Driver\src\stm32f10x_sdio.o
LOAD Libraries\STM32F10x_StdPeriph_Driver\src\stm32f10x_spi.o
LOAD Libraries\STM32F10x_StdPeriph_Driver\src\stm32f10x_tim.o
LOAD Libraries\STM32F10x_StdPeriph_Driver\src\stm32f10x_usart.o
LOAD Libraries\STM32F10x_StdPeriph_Driver\src\stm32f10x_wwdg.o
LOAD src\bkp\bkp.o
LOAD src\gldc\GLCD.o
LOAD src\hx711\receiver_hx711.o
LOAD src\lcd_menu\Keyboard.o
LOAD src\lcd_menu\menu_callback.o
LOAD src\lcd_menu\menu_init.o
LOAD src\lcd_menu\screen.o
LOAD src\main.o
LOAD src\startup_stm32f10x_md.o
LOAD src\stm32f1xx_it.o
LOAD src\system_stm32f10x.o
LOAD src\usart\usart.o
                0x00000080                malloc_getpagesize_P = 0x80
START GROUP
LOAD c:/program files (x86)/atollic/truestudio for stm32 9.3.0/armtools/bin/../lib/gcc/arm-atollic-eabi/6.3.1/../../../../arm-atollic-eabi/lib/armv7-m\libc_nano.a
LOAD c:/program files (x86)/atollic/truestudio for stm32 9.3.0/armtools/bin/../lib/gcc/arm-atollic-eabi/6.3.1/../../../../arm-atollic-eabi/lib/armv7-m\libm.a
END GROUP
START GROUP
LOAD c:/program files (x86)/atollic/truestudio for stm32 9.3.0/armtools/bin/../lib/gcc/arm-atollic-eabi/6.3.1/armv7-m\libgcc.a
LOAD c:/program files (x86)/atollic/truestudio for stm32 9.3.0/armtools/bin/../lib/gcc/arm-atollic-eabi/6.3.1/../../../../arm-atollic-eabi/lib/armv7-m\libc_nano.a
END GROUP
START GROUP
LOAD c:/program files (x86)/atollic/truestudio for stm32 9.3.0/armtools/bin/../lib/gcc/arm-atollic-eabi/6.3.1/armv7-m\libgcc.a
LOAD c:/program files (x86)/atollic/truestudio for stm32 9.3.0/armtools/bin/../lib/gcc/arm-atollic-eabi/6.3.1/../../../../arm-atollic-eabi/lib/armv7-m\libc_nano.a
LOAD c:/program files (x86)/atollic/truestudio for stm32 9.3.0/armtools/bin/../lib/gcc/arm-atollic-eabi/6.3.1/../../../../arm-atollic-eabi/lib/armv7-m\libnosys.a
END GROUP
START GROUP
LOAD c:/program files (x86)/atollic/truestudio for stm32 9.3.0/armtools/bin/../lib/gcc/arm-atollic-eabi/6.3.1/armv7-m\libgcc.a
LOAD c:/program files (x86)/atollic/truestudio for stm32 9.3.0/armtools/bin/../lib/gcc/arm-atollic-eabi/6.3.1/../../../../arm-atollic-eabi/lib/armv7-m\libc_nano.a
LOAD c:/program files (x86)/atollic/truestudio for stm32 9.3.0/armtools/bin/../lib/gcc/arm-atollic-eabi/6.3.1/../../../../arm-atollic-eabi/lib/armv7-m\libnosys.a
END GROUP
LOAD c:/program files (x86)/atollic/truestudio for stm32 9.3.0/armtools/bin/../lib/gcc/arm-atollic-eabi/6.3.1/armv7-m/crtend.o
LOAD c:/program files (x86)/atollic/truestudio for stm32 9.3.0/armtools/bin/../lib/gcc/arm-atollic-eabi/6.3.1/armv7-m/crtn.o
                0x20005000                _estack = 0x20005000
                0x00000000                _Min_Heap_Size = 0x0
                0x00000100                _Min_Stack_Size = 0x100

.isr_vector     0x08000000      0x10c
                0x08000000                . = ALIGN (0x4)
 *(.isr_vector)
 .isr_vector    0x08000000      0x10c src\startup_stm32f10x_md.o
                0x08000000                g_pfnVectors
                0x0800010c                . = ALIGN (0x4)

.text           0x08000110     0x43bc
                0x08000110                . = ALIGN (0x4)
 *(.text)
 .text          0x08000110       0x40 c:/program files (x86)/atollic/truestudio for stm32 9.3.0/armtools/bin/../lib/gcc/arm-atollic-eabi/6.3.1/armv7-m/crtbegin.o
 .text          0x08000150       0x10 c:/program files (x86)/atollic/truestudio for stm32 9.3.0/armtools/bin/../lib/gcc/arm-atollic-eabi/6.3.1/../../../../arm-atollic-eabi/lib/armv7-m\libc_nano.a(lib_a-strlen.o)
                0x08000150                strlen
 .text          0x08000160      0x370 c:/program files (x86)/atollic/truestudio for stm32 9.3.0/armtools/bin/../lib/gcc/arm-atollic-eabi/6.3.1/armv7-m\libgcc.a(_arm_addsubdf3.o)
                0x08000160                __aeabi_drsub
                0x08000168                __aeabi_dsub
                0x08000168                __subdf3
                0x0800016c                __aeabi_dadd
                0x0800016c                __adddf3
                0x080003e4                __floatunsidf
                0x080003e4                __aeabi_ui2d
                0x08000404                __floatsidf
                0x08000404                __aeabi_i2d
                0x08000428                __aeabi_f2d
                0x08000428                __extendsfdf2
                0x08000464                __floatundidf
                0x08000464                __aeabi_ul2d
                0x08000474                __floatdidf
                0x08000474                __aeabi_l2d
 .text          0x080004d0      0x424 c:/program files (x86)/atollic/truestudio for stm32 9.3.0/armtools/bin/../lib/gcc/arm-atollic-eabi/6.3.1/armv7-m\libgcc.a(_arm_muldivdf3.o)
                0x080004d0                __aeabi_dmul
                0x080004d0                __muldf3
                0x08000724                __divdf3
                0x08000724                __aeabi_ddiv
 .text          0x080008f4      0x110 c:/program files (x86)/atollic/truestudio for stm32 9.3.0/armtools/bin/../lib/gcc/arm-atollic-eabi/6.3.1/armv7-m\libgcc.a(_arm_cmpdf2.o)
                0x080008f4                __gtdf2
                0x080008f4                __gedf2
                0x080008fc                __ltdf2
                0x080008fc                __ledf2
                0x08000904                __nedf2
                0x08000904                __eqdf2
                0x08000904                __cmpdf2
                0x08000980                __aeabi_cdrcmple
                0x08000990                __aeabi_cdcmpeq
                0x08000990                __aeabi_cdcmple
                0x080009a0                __aeabi_dcmpeq
                0x080009b4                __aeabi_dcmplt
                0x080009c8                __aeabi_dcmple
                0x080009dc                __aeabi_dcmpge
                0x080009f0                __aeabi_dcmpgt
 .text          0x08000a04       0x50 c:/program files (x86)/atollic/truestudio for stm32 9.3.0/armtools/bin/../lib/gcc/arm-atollic-eabi/6.3.1/armv7-m\libgcc.a(_arm_fixdfsi.o)
                0x08000a04                __aeabi_d2iz
                0x08000a04                __fixdfsi
 .text          0x08000a54       0x40 c:/program files (x86)/atollic/truestudio for stm32 9.3.0/armtools/bin/../lib/gcc/arm-atollic-eabi/6.3.1/armv7-m\libgcc.a(_arm_fixunsdfsi.o)
                0x08000a54                __aeabi_d2uiz
                0x08000a54                __fixunsdfsi
 *(.text*)
 .text.DMA_Init
                0x08000a94       0x7c Libraries\STM32F10x_StdPeriph_Driver\src\stm32f10x_dma.o
                0x08000a94                DMA_Init
 .text.DMA_StructInit
                0x08000b10       0x54 Libraries\STM32F10x_StdPeriph_Driver\src\stm32f10x_dma.o
                0x08000b10                DMA_StructInit
 .text.DMA_Cmd  0x08000b64       0x38 Libraries\STM32F10x_StdPeriph_Driver\src\stm32f10x_dma.o
                0x08000b64                DMA_Cmd
 .text.DMA_SetCurrDataCounter
                0x08000b9c       0x1c Libraries\STM32F10x_StdPeriph_Driver\src\stm32f10x_dma.o
                0x08000b9c                DMA_SetCurrDataCounter
 .text.DMA_GetCurrDataCounter
                0x08000bb8       0x18 Libraries\STM32F10x_StdPeriph_Driver\src\stm32f10x_dma.o
                0x08000bb8                DMA_GetCurrDataCounter
 .text.GPIO_Init
                0x08000bd0      0x178 Libraries\STM32F10x_StdPeriph_Driver\src\stm32f10x_gpio.o
                0x08000bd0                GPIO_Init
 .text.GPIO_ReadInputDataBit
                0x08000d48       0x32 Libraries\STM32F10x_StdPeriph_Driver\src\stm32f10x_gpio.o
                0x08000d48                GPIO_ReadInputDataBit
 .text.GPIO_SetBits
                0x08000d7a       0x1c Libraries\STM32F10x_StdPeriph_Driver\src\stm32f10x_gpio.o
                0x08000d7a                GPIO_SetBits
 .text.GPIO_ResetBits
                0x08000d96       0x1c Libraries\STM32F10x_StdPeriph_Driver\src\stm32f10x_gpio.o
                0x08000d96                GPIO_ResetBits
 *fill*         0x08000db2        0x2 
 .text.RCC_HCLKConfig
                0x08000db4       0x38 Libraries\STM32F10x_StdPeriph_Driver\src\stm32f10x_rcc.o
                0x08000db4                RCC_HCLKConfig
 .text.RCC_PCLK1Config
                0x08000dec       0x38 Libraries\STM32F10x_StdPeriph_Driver\src\stm32f10x_rcc.o
                0x08000dec                RCC_PCLK1Config
 .text.RCC_PCLK2Config
                0x08000e24       0x38 Libraries\STM32F10x_StdPeriph_Driver\src\stm32f10x_rcc.o
                0x08000e24                RCC_PCLK2Config
 .text.RCC_GetClocksFreq
                0x08000e5c      0x160 Libraries\STM32F10x_StdPeriph_Driver\src\stm32f10x_rcc.o
                0x08000e5c                RCC_GetClocksFreq
 .text.RCC_AHBPeriphClockCmd
                0x08000fbc       0x3c Libraries\STM32F10x_StdPeriph_Driver\src\stm32f10x_rcc.o
                0x08000fbc                RCC_AHBPeriphClockCmd
 .text.RCC_APB2PeriphClockCmd
                0x08000ff8       0x3c Libraries\STM32F10x_StdPeriph_Driver\src\stm32f10x_rcc.o
                0x08000ff8                RCC_APB2PeriphClockCmd
 .text.RCC_APB1PeriphClockCmd
                0x08001034       0x3c Libraries\STM32F10x_StdPeriph_Driver\src\stm32f10x_rcc.o
                0x08001034                RCC_APB1PeriphClockCmd
 .text.SPI_Init
                0x08001070       0x86 Libraries\STM32F10x_StdPeriph_Driver\src\stm32f10x_spi.o
                0x08001070                SPI_Init
 .text.SPI_StructInit
                0x080010f6       0x48 Libraries\STM32F10x_StdPeriph_Driver\src\stm32f10x_spi.o
                0x080010f6                SPI_StructInit
 .text.SPI_Cmd  0x0800113e       0x3e Libraries\STM32F10x_StdPeriph_Driver\src\stm32f10x_spi.o
                0x0800113e                SPI_Cmd
 .text.SPI_I2S_SendData
                0x0800117c       0x1c Libraries\STM32F10x_StdPeriph_Driver\src\stm32f10x_spi.o
                0x0800117c                SPI_I2S_SendData
 .text.SPI_I2S_GetFlagStatus
                0x08001198       0x36 Libraries\STM32F10x_StdPeriph_Driver\src\stm32f10x_spi.o
                0x08001198                SPI_I2S_GetFlagStatus
 *fill*         0x080011ce        0x2 
 .text.USART_Init
                0x080011d0      0x174 Libraries\STM32F10x_StdPeriph_Driver\src\stm32f10x_usart.o
                0x080011d0                USART_Init
 .text.USART_StructInit
                0x08001344       0x38 Libraries\STM32F10x_StdPeriph_Driver\src\stm32f10x_usart.o
                0x08001344                USART_StructInit
 .text.USART_Cmd
                0x0800137c       0x3e Libraries\STM32F10x_StdPeriph_Driver\src\stm32f10x_usart.o
                0x0800137c                USART_Cmd
 .text.USART_DMACmd
                0x080013ba       0x46 Libraries\STM32F10x_StdPeriph_Driver\src\stm32f10x_usart.o
                0x080013ba                USART_DMACmd
 .text.USART_SendData
                0x08001400       0x22 Libraries\STM32F10x_StdPeriph_Driver\src\stm32f10x_usart.o
                0x08001400                USART_SendData
 *fill*         0x08001422        0x2 
 .text.SPI_Init_user
                0x08001424       0x78 src\gldc\GLCD.o
                0x08001424                SPI_Init_user
 .text.spi_Send
                0x0800149c       0x54 src\gldc\GLCD.o
                0x0800149c                spi_Send
 .text.glcd_Send
                0x080014f0       0x72 src\gldc\GLCD.o
                0x080014f0                glcd_Send
 .text.glcd_Delay
                0x08001562       0x38 src\gldc\GLCD.o
                0x08001562                glcd_Delay
 .text.GLCD_Init
                0x0800159a       0x3c src\gldc\GLCD.o
                0x0800159a                GLCD_Init
 *fill*         0x080015d6        0x2 
 .text.glcd_Buffer_Clear
                0x080015d8       0x34 src\gldc\GLCD.o
                0x080015d8                glcd_Buffer_Clear
 .text.glcd_Show
                0x0800160c       0xd0 src\gldc\GLCD.o
                0x0800160c                glcd_Show
 .text.glcd_Char
                0x080016dc      0x15c src\gldc\GLCD.o
                0x080016dc                glcd_Char
 .text.glcd_String
                0x08001838       0xc8 src\gldc\GLCD.o
                0x08001838                glcd_String
 .text.NVIC_EnableIRQ
                0x08001900       0x30 src\hx711\receiver_hx711.o
 .text.NVIC_SetPriority
                0x08001930       0x54 src\hx711\receiver_hx711.o
 .text.receiveHX711Value
                0x08001984      0x1e4 src\hx711\receiver_hx711.o
                0x08001984                receiveHX711Value
 .text.isReceived
                0x08001b68       0x28 src\hx711\receiver_hx711.o
                0x08001b68                isReceived
 .text.TIM2_IRQHandler
                0x08001b90       0x20 src\hx711\receiver_hx711.o
                0x08001b90                TIM2_IRQHandler
 .text.initHX711drv
                0x08001bb0       0xac src\hx711\receiver_hx711.o
                0x08001bb0                initHX711drv
 .text.NVIC_EnableIRQ
                0x08001c5c       0x30 src\lcd_menu\Keyboard.o
 .text.initKeyboard
                0x08001c8c       0x6c src\lcd_menu\Keyboard.o
                0x08001c8c                initKeyboard
 .text.scanKey  0x08001cf8       0xbc src\lcd_menu\Keyboard.o
                0x08001cf8                scanKey
 .text.stMachineWork
                0x08001db4      0x14c src\lcd_menu\Keyboard.o
                0x08001db4                stMachineWork
 .text.clickSetOfButtons
                0x08001f00       0xae src\lcd_menu\Keyboard.o
                0x08001f00                clickSetOfButtons
 *fill*         0x08001fae        0x2 
 .text.keyboadrWork
                0x08001fb0      0x144 src\lcd_menu\Keyboard.o
                0x08001fb0                keyboadrWork
 .text.usart3_init_keyboard
                0x080020f4       0x98 src\lcd_menu\Keyboard.o
                0x080020f4                usart3_init_keyboard
 .text.keyscan_work
                0x0800218c       0x8c src\lcd_menu\Keyboard.o
                0x0800218c                keyscan_work
 .text.redGreenButtonClickHandler
                0x08002218        0xc src\lcd_menu\Keyboard.o
                0x08002218                redGreenButtonClickHandler
 .text.yellowGreenButtonClickHandler
                0x08002224        0xc src\lcd_menu\Keyboard.o
                0x08002224                yellowGreenButtonClickHandler
 .text.greenBlueButtonClickHandler
                0x08002230        0xc src\lcd_menu\Keyboard.o
                0x08002230                greenBlueButtonClickHandler
 .text.show_received
                0x0800223c       0x28 src\lcd_menu\menu_callback.o
                0x0800223c                show_received
 *fill*         0x08002264        0x4 
 .text.show_curr
                0x08002268      0x124 src\lcd_menu\menu_callback.o
                0x08002268                show_curr
 *fill*         0x0800238c        0x4 
 .text.show_voltage
                0x08002390      0x18c src\lcd_menu\menu_callback.o
                0x08002390                show_voltage
 *fill*         0x0800251c        0x4 
 .text.show_max
                0x08002520      0x124 src\lcd_menu\menu_callback.o
                0x08002520                show_max
 .text.show_experiment_state
                0x08002644       0x40 src\lcd_menu\menu_callback.o
                0x08002644                show_experiment_state
 *fill*         0x08002684        0x4 
 .text.show_tenzoconst_k
                0x08002688       0x94 src\lcd_menu\menu_callback.o
                0x08002688                show_tenzoconst_k
 *fill*         0x0800271c        0x4 
 .text.inc_tenzoconst_k
                0x08002720       0x34 src\lcd_menu\menu_callback.o
                0x08002720                inc_tenzoconst_k
 *fill*         0x08002754        0x4 
 .text.dec_tenzoconst_k
                0x08002758       0x34 src\lcd_menu\menu_callback.o
                0x08002758                dec_tenzoconst_k
 .text.show_tenzoconst_nom
                0x0800278c       0x30 src\lcd_menu\menu_callback.o
                0x0800278c                show_tenzoconst_nom
 .text.inc_tenzoconst_nom
                0x080027bc       0x2c src\lcd_menu\menu_callback.o
                0x080027bc                inc_tenzoconst_nom
 .text.dec_tenzoconst_nom
                0x080027e8       0x2c src\lcd_menu\menu_callback.o
                0x080027e8                dec_tenzoconst_nom
 *fill*         0x08002814        0x4 
 .text.show_tenzo_zero
                0x08002818       0xec src\lcd_menu\menu_callback.o
                0x08002818                show_tenzo_zero
 .text.set_tenzo_zero
                0x08002904       0x1c src\lcd_menu\menu_callback.o
                0x08002904                set_tenzo_zero
 .text.blueButtonClickHandler
                0x08002920        0xe src\lcd_menu\menu_callback.o
                0x08002920                blueButtonClickHandler
 .text.yellowButtonClickHandler
                0x0800292e        0xe src\lcd_menu\menu_callback.o
                0x0800292e                yellowButtonClickHandler
 .text.redButtonClickHandler
                0x0800293c        0xc src\lcd_menu\menu_callback.o
                0x0800293c                redButtonClickHandler
 .text.greenButtonClickHandler
                0x08002948        0xe src\lcd_menu\menu_callback.o
                0x08002948                greenButtonClickHandler
 .text.blueButtonPressHandler
                0x08002956        0xe src\lcd_menu\menu_callback.o
                0x08002956                blueButtonPressHandler
 .text.yellowButtonPressHandler
                0x08002964        0xe src\lcd_menu\menu_callback.o
                0x08002964                yellowButtonPressHandler
 .text.redButtonPressHandler
                0x08002972        0xc src\lcd_menu\menu_callback.o
                0x08002972                redButtonPressHandler
 .text.greenButtonPressHandler
                0x0800297e        0xe src\lcd_menu\menu_callback.o
                0x0800297e                greenButtonPressHandler
 .text.yellowBlueButtonClickHandler
                0x0800298c        0xc src\lcd_menu\menu_callback.o
                0x0800298c                yellowBlueButtonClickHandler
 .text.redYellowButtonClickHandler
                0x08002998        0xc src\lcd_menu\menu_callback.o
                0x08002998                redYellowButtonClickHandler
 .text.redBlueButtonClickHandler
                0x080029a4        0xc src\lcd_menu\menu_callback.o
                0x080029a4                redBlueButtonClickHandler
 .text.threeButtonClickHandler
                0x080029b0        0xc src\lcd_menu\menu_callback.o
                0x080029b0                threeButtonClickHandler
 .text.menuInit
                0x080029bc      0x304 src\lcd_menu\menu_init.o
                0x080029bc                menuInit
 .text.voidFunct
                0x08002cc0        0xc src\lcd_menu\screen.o
                0x08002cc0                voidFunct
 .text.initWindow
                0x08002ccc       0x2e src\lcd_menu\screen.o
                0x08002ccc                initWindow
 .text.insertItemToList
                0x08002cfa       0x7a src\lcd_menu\screen.o
                0x08002cfa                insertItemToList
 .text.initItemParameter
                0x08002d74       0x6e src\lcd_menu\screen.o
                0x08002d74                initItemParameter
 *fill*         0x08002de2        0x2 
 .text.initObj  0x08002de4       0x3c src\lcd_menu\screen.o
                0x08002de4                initObj
 .text.initObjChangeable
                0x08002e20       0x28 src\lcd_menu\screen.o
                0x08002e20                initObjChangeable
 .text.initObjNotchangeable
                0x08002e48       0x28 src\lcd_menu\screen.o
                0x08002e48                initObjNotchangeable
 .text.initScreen
                0x08002e70       0x74 src\lcd_menu\screen.o
                0x08002e70                initScreen
 .text.screenWork
                0x08002ee4       0x24 src\lcd_menu\screen.o
                0x08002ee4                screenWork
 .text.strLength
                0x08002f08       0x30 src\lcd_menu\screen.o
                0x08002f08                strLength
 .text.updateScreen
                0x08002f38      0x1c4 src\lcd_menu\screen.o
                0x08002f38                updateScreen
 .text.isSelectableItem
                0x080030fc       0x48 src\lcd_menu\screen.o
                0x080030fc                isSelectableItem
 .text.findNextSelectableItem
                0x08003144       0x36 src\lcd_menu\screen.o
                0x08003144                findNextSelectableItem
 .text.findPrewSelectableItem
                0x0800317a       0x36 src\lcd_menu\screen.o
                0x0800317a                findPrewSelectableItem
 .text.screenSM
                0x080031b0      0x16c src\lcd_menu\screen.o
                0x080031b0                screenSM
 .text.NVIC_SetPriority
                0x0800331c       0x54 src\main.o
 .text.SysTick_Config
                0x08003370       0x44 src\main.o
 .text.userExperimentClick
                0x080033b4       0x3c src\main.o
                0x080033b4                userExperimentClick
 .text.maintaskWork
                0x080033f0      0x288 src\main.o
                0x080033f0                maintaskWork
 .text.main     0x08003678       0x90 src\main.o
                0x08003678                main
 .text.Reset_Handler
                0x08003708       0x50 src\startup_stm32f10x_md.o
                0x08003708                Reset_Handler
 .text.Default_Handler
                0x08003758        0x2 src\startup_stm32f10x_md.o
                0x08003758                EXTI2_IRQHandler
                0x08003758                TIM1_CC_IRQHandler
                0x08003758                PVD_IRQHandler
                0x08003758                EXTI3_IRQHandler
                0x08003758                EXTI0_IRQHandler
                0x08003758                I2C2_EV_IRQHandler
                0x08003758                ADC1_2_IRQHandler
                0x08003758                SPI1_IRQHandler
                0x08003758                TAMPER_IRQHandler
                0x08003758                DMA1_Channel4_IRQHandler
                0x08003758                RTC_IRQHandler
                0x08003758                DMA1_Channel7_IRQHandler
                0x08003758                CAN1_RX1_IRQHandler
                0x08003758                TIM4_IRQHandler
                0x08003758                I2C1_EV_IRQHandler
                0x08003758                DMA1_Channel6_IRQHandler
                0x08003758                TIM3_IRQHandler
                0x08003758                RCC_IRQHandler
                0x08003758                TIM1_TRG_COM_IRQHandler
                0x08003758                DMA1_Channel1_IRQHandler
                0x08003758                Default_Handler
                0x08003758                EXTI15_10_IRQHandler
                0x08003758                EXTI9_5_IRQHandler
                0x08003758                SPI2_IRQHandler
                0x08003758                DMA1_Channel5_IRQHandler
                0x08003758                EXTI4_IRQHandler
                0x08003758                USB_LP_CAN1_RX0_IRQHandler
                0x08003758                USB_HP_CAN1_TX_IRQHandler
                0x08003758                TIM1_UP_IRQHandler
                0x08003758                WWDG_IRQHandler
                0x08003758                TIM1_BRK_IRQHandler
                0x08003758                EXTI1_IRQHandler
                0x08003758                RTCAlarm_IRQHandler
                0x08003758                USART2_IRQHandler
                0x08003758                I2C2_ER_IRQHandler
                0x08003758                DMA1_Channel2_IRQHandler
                0x08003758                CAN1_SCE_IRQHandler
                0x08003758                FLASH_IRQHandler
                0x08003758                USART1_IRQHandler
                0x08003758                I2C1_ER_IRQHandler
                0x08003758                USBWakeUp_IRQHandler
 .text.NMI_Handler
                0x0800375a        0xc src\stm32f1xx_it.o
                0x0800375a                NMI_Handler
 .text.HardFault_Handler
                0x08003766        0x6 src\stm32f1xx_it.o
                0x08003766                HardFault_Handler
 .text.MemManage_Handler
                0x0800376c        0x6 src\stm32f1xx_it.o
                0x0800376c                MemManage_Handler
 .text.BusFault_Handler
                0x08003772        0x6 src\stm32f1xx_it.o
                0x08003772                BusFault_Handler
 .text.UsageFault_Handler
                0x08003778        0x6 src\stm32f1xx_it.o
                0x08003778                UsageFault_Handler
 .text.SVC_Handler
                0x0800377e        0xc src\stm32f1xx_it.o
                0x0800377e                SVC_Handler
 .text.DebugMon_Handler
                0x0800378a        0xc src\stm32f1xx_it.o
                0x0800378a                DebugMon_Handler
 .text.PendSV_Handler
                0x08003796        0xc src\stm32f1xx_it.o
                0x08003796                PendSV_Handler
 *fill*         0x080037a2        0x2 
 .text.SysTick_Handler
                0x080037a4       0x80 src\stm32f1xx_it.o
                0x080037a4                SysTick_Handler
 .text.USART3_IRQHandler
                0x08003824       0x5c src\stm32f1xx_it.o
                0x08003824                USART3_IRQHandler
 .text.DMA1_Channel3_IRQHandler
                0x08003880        0xc src\stm32f1xx_it.o
                0x08003880                DMA1_Channel3_IRQHandler
 .text.SystemInit
                0x0800388c       0x68 src\system_stm32f10x.o
                0x0800388c                SystemInit
 .text.SystemCoreClockUpdate
                0x080038f4       0xd8 src\system_stm32f10x.o
                0x080038f4                SystemCoreClockUpdate
 .text.SetSysClock
                0x080039cc        0xc src\system_stm32f10x.o
 .text.SetSysClockTo72
                0x080039d8      0x100 src\system_stm32f10x.o
 .text.initUsart
                0x08003ad8       0xb8 src\usart\usart.o
                0x08003ad8                initUsart
 .text.sendStringByUSART
                0x08003b90       0x58 src\usart\usart.o
                0x08003b90                sendStringByUSART
 .text.__libc_init_array
                0x08003be8       0x48 c:/program files (x86)/atollic/truestudio for stm32 9.3.0/armtools/bin/../lib/gcc/arm-atollic-eabi/6.3.1/../../../../arm-atollic-eabi/lib/armv7-m\libc_nano.a(lib_a-init.o)
                0x08003be8                __libc_init_array
 .text.sprintf  0x08003c30       0x48 c:/program files (x86)/atollic/truestudio for stm32 9.3.0/armtools/bin/../lib/gcc/arm-atollic-eabi/6.3.1/../../../../arm-atollic-eabi/lib/armv7-m\libc_nano.a(lib_a-sprintf.o)
                0x08003c30                siprintf
                0x08003c30                sprintf
 .text.strcpy   0x08003c78       0x10 c:/program files (x86)/atollic/truestudio for stm32 9.3.0/armtools/bin/../lib/gcc/arm-atollic-eabi/6.3.1/../../../../arm-atollic-eabi/lib/armv7-m\libc_nano.a(lib_a-strcpy.o)
                0x08003c78                strcpy
 .text.__ssputs_r
                0x08003c88       0xb6 c:/program files (x86)/atollic/truestudio for stm32 9.3.0/armtools/bin/../lib/gcc/arm-atollic-eabi/6.3.1/../../../../arm-atollic-eabi/lib/armv7-m\libc_nano.a(lib_a-nano-svfprintf.o)
                0x08003c88                __ssputs_r
 *fill*         0x08003d3e        0x2 
 .text._svfprintf_r
                0x08003d40      0x1e8 c:/program files (x86)/atollic/truestudio for stm32 9.3.0/armtools/bin/../lib/gcc/arm-atollic-eabi/6.3.1/../../../../arm-atollic-eabi/lib/armv7-m\libc_nano.a(lib_a-nano-svfprintf.o)
                0x08003d40                _svfiprintf_r
                0x08003d40                _svfprintf_r
 .text._printf_common
                0x08003f28       0xee c:/program files (x86)/atollic/truestudio for stm32 9.3.0/armtools/bin/../lib/gcc/arm-atollic-eabi/6.3.1/../../../../arm-atollic-eabi/lib/armv7-m\libc_nano.a(lib_a-nano-vfprintf_i.o)
                0x08003f28                _printf_common
 *fill*         0x08004016        0x2 
 .text._printf_i
                0x08004018      0x240 c:/program files (x86)/atollic/truestudio for stm32 9.3.0/armtools/bin/../lib/gcc/arm-atollic-eabi/6.3.1/../../../../arm-atollic-eabi/lib/armv7-m\libc_nano.a(lib_a-nano-vfprintf_i.o)
                0x08004018                _printf_i
 .text.memchr   0x08004258       0x1c c:/program files (x86)/atollic/truestudio for stm32 9.3.0/armtools/bin/../lib/gcc/arm-atollic-eabi/6.3.1/../../../../arm-atollic-eabi/lib/armv7-m\libc_nano.a(lib_a-memchr-stub.o)
                0x08004258                memchr
 .text.memcpy   0x08004274       0x16 c:/program files (x86)/atollic/truestudio for stm32 9.3.0/armtools/bin/../lib/gcc/arm-atollic-eabi/6.3.1/../../../../arm-atollic-eabi/lib/armv7-m\libc_nano.a(lib_a-memcpy-stub.o)
                0x08004274                memcpy
 .text.memmove  0x0800428a       0x34 c:/program files (x86)/atollic/truestudio for stm32 9.3.0/armtools/bin/../lib/gcc/arm-atollic-eabi/6.3.1/../../../../arm-atollic-eabi/lib/armv7-m\libc_nano.a(lib_a-memmove.o)
                0x0800428a                memmove
 *fill*         0x080042be        0x2 
 .text._free_r  0x080042c0       0x98 c:/program files (x86)/atollic/truestudio for stm32 9.3.0/armtools/bin/../lib/gcc/arm-atollic-eabi/6.3.1/../../../../arm-atollic-eabi/lib/armv7-m\libc_nano.a(lib_a-nano-freer.o)
                0x080042c0                _free_r
 .text._malloc_r
                0x08004358       0xbc c:/program files (x86)/atollic/truestudio for stm32 9.3.0/armtools/bin/../lib/gcc/arm-atollic-eabi/6.3.1/../../../../arm-atollic-eabi/lib/armv7-m\libc_nano.a(lib_a-nano-mallocr.o)
                0x08004358                _malloc_r
 .text._realloc_r
                0x08004414       0x4c c:/program files (x86)/atollic/truestudio for stm32 9.3.0/armtools/bin/../lib/gcc/arm-atollic-eabi/6.3.1/../../../../arm-atollic-eabi/lib/armv7-m\libc_nano.a(lib_a-nano-reallocr.o)
                0x08004414                _realloc_r
 .text._sbrk_r  0x08004460       0x20 c:/program files (x86)/atollic/truestudio for stm32 9.3.0/armtools/bin/../lib/gcc/arm-atollic-eabi/6.3.1/../../../../arm-atollic-eabi/lib/armv7-m\libc_nano.a(lib_a-sbrkr.o)
                0x08004460                _sbrk_r
 .text.__malloc_lock
                0x08004480        0x2 c:/program files (x86)/atollic/truestudio for stm32 9.3.0/armtools/bin/../lib/gcc/arm-atollic-eabi/6.3.1/../../../../arm-atollic-eabi/lib/armv7-m\libc_nano.a(lib_a-mlock.o)
                0x08004480                __malloc_lock
 .text.__malloc_unlock
                0x08004482        0x2 c:/program files (x86)/atollic/truestudio for stm32 9.3.0/armtools/bin/../lib/gcc/arm-atollic-eabi/6.3.1/../../../../arm-atollic-eabi/lib/armv7-m\libc_nano.a(lib_a-mlock.o)
                0x08004482                __malloc_unlock
 .text._malloc_usable_size_r
                0x08004484       0x12 c:/program files (x86)/atollic/truestudio for stm32 9.3.0/armtools/bin/../lib/gcc/arm-atollic-eabi/6.3.1/../../../../arm-atollic-eabi/lib/armv7-m\libc_nano.a(lib_a-nano-msizer.o)
                0x08004484                _malloc_usable_size_r
 *fill*         0x08004496        0x2 
 .text._sbrk    0x08004498       0x1c c:/program files (x86)/atollic/truestudio for stm32 9.3.0/armtools/bin/../lib/gcc/arm-atollic-eabi/6.3.1/../../../../arm-atollic-eabi/lib/armv7-m\libnosys.a(sbrk.o)
                0x08004498                _sbrk
 *(.glue_7)
 .glue_7        0x080044b4        0x0 linker stubs
 *(.glue_7t)
 .glue_7t       0x080044b4        0x0 linker stubs
 *(.eh_frame)
 .eh_frame      0x080044b4        0x0 c:/program files (x86)/atollic/truestudio for stm32 9.3.0/armtools/bin/../lib/gcc/arm-atollic-eabi/6.3.1/armv7-m/crtbegin.o
 *(.init)
 .init          0x080044b4        0x4 c:/program files (x86)/atollic/truestudio for stm32 9.3.0/armtools/bin/../lib/gcc/arm-atollic-eabi/6.3.1/armv7-m/crti.o
                0x080044b4                _init
 .init          0x080044b8        0x8 c:/program files (x86)/atollic/truestudio for stm32 9.3.0/armtools/bin/../lib/gcc/arm-atollic-eabi/6.3.1/armv7-m/crtn.o
 *(.fini)
 .fini          0x080044c0        0x4 c:/program files (x86)/atollic/truestudio for stm32 9.3.0/armtools/bin/../lib/gcc/arm-atollic-eabi/6.3.1/armv7-m/crti.o
                0x080044c0                _fini
 .fini          0x080044c4        0x8 c:/program files (x86)/atollic/truestudio for stm32 9.3.0/armtools/bin/../lib/gcc/arm-atollic-eabi/6.3.1/armv7-m/crtn.o
                0x080044cc                . = ALIGN (0x4)
                0x080044cc                _etext = .

.vfp11_veneer   0x080044cc        0x0
 .vfp11_veneer  0x080044cc        0x0 linker stubs

.v4_bx          0x080044cc        0x0
 .v4_bx         0x080044cc        0x0 linker stubs

.iplt           0x080044cc        0x0
 .iplt          0x080044cc        0x0 c:/program files (x86)/atollic/truestudio for stm32 9.3.0/armtools/bin/../lib/gcc/arm-atollic-eabi/6.3.1/armv7-m/crtbegin.o

.rodata         0x080044cc      0x910
                0x080044cc                . = ALIGN (0x4)
 *(.rodata)
 .rodata        0x080044cc       0x50 src\lcd_menu\menu_callback.o
 .rodata        0x0800451c       0x4e src\lcd_menu\menu_init.o
 *fill*         0x0800456a        0x2 
 .rodata        0x0800456c        0x2 src\lcd_menu\screen.o
 *fill*         0x0800456e        0x2 
 .rodata        0x08004570       0x36 src\main.o
 *(.rodata*)
 *fill*         0x080045a6        0x2 
 .rodata.Font8x8Table
                0x080045a8      0x800 src\gldc\GLCD.o
                0x080045a8                Font8x8Table
 .rodata._svfprintf_r.str1.1
                0x08004da8       0x11 c:/program files (x86)/atollic/truestudio for stm32 9.3.0/armtools/bin/../lib/gcc/arm-atollic-eabi/6.3.1/../../../../arm-atollic-eabi/lib/armv7-m\libc_nano.a(lib_a-nano-svfprintf.o)
 .rodata._printf_i.str1.1
                0x08004db9       0x22 c:/program files (x86)/atollic/truestudio for stm32 9.3.0/armtools/bin/../lib/gcc/arm-atollic-eabi/6.3.1/../../../../arm-atollic-eabi/lib/armv7-m\libc_nano.a(lib_a-nano-vfprintf_i.o)
                0x08004ddc                . = ALIGN (0x4)
 *fill*         0x08004ddb        0x1 

.rel.dyn        0x08004ddc        0x0
 .rel.iplt      0x08004ddc        0x0 c:/program files (x86)/atollic/truestudio for stm32 9.3.0/armtools/bin/../lib/gcc/arm-atollic-eabi/6.3.1/armv7-m/crtbegin.o

.ARM.extab
 *(.ARM.extab* .gnu.linkonce.armextab.*)

.ARM            0x08004ddc        0x0
                0x08004ddc                __exidx_start = .
 *(.ARM.exidx*)
                0x08004ddc                __exidx_end = .

.preinit_array  0x08004ddc        0x0
                0x08004ddc                PROVIDE (__preinit_array_start, .)
 *(.preinit_array*)
                0x08004ddc                PROVIDE (__preinit_array_end, .)

.init_array     0x08004ddc        0x4
                0x08004ddc                PROVIDE (__init_array_start, .)
 *(SORT(.init_array.*))
 *(.init_array*)
 .init_array    0x08004ddc        0x4 c:/program files (x86)/atollic/truestudio for stm32 9.3.0/armtools/bin/../lib/gcc/arm-atollic-eabi/6.3.1/armv7-m/crtbegin.o
                0x08004de0                PROVIDE (__init_array_end, .)

.fini_array     0x08004de0        0x4
                [!provide]                PROVIDE (__fini_array_start, .)
 *(SORT(.fini_array.*))
 *(.fini_array*)
 .fini_array    0x08004de0        0x4 c:/program files (x86)/atollic/truestudio for stm32 9.3.0/armtools/bin/../lib/gcc/arm-atollic-eabi/6.3.1/armv7-m/crtbegin.o
                [!provide]                PROVIDE (__fini_array_end, .)
                0x08004de4                _sidata = LOADADDR (.data)

.data           0x20000000       0xa4 load address 0x08004de4
                0x20000000                . = ALIGN (0x4)
                0x20000000                _sdata = .
 *(.data)
 *(.data*)
 .data.APBAHBPrescTable
                0x20000000       0x10 Libraries\STM32F10x_StdPeriph_Driver\src\stm32f10x_rcc.o
 .data.ADCPrescTable
                0x20000010        0x4 Libraries\STM32F10x_StdPeriph_Driver\src\stm32f10x_rcc.o
 .data.receive_state.5534
                0x20000014        0x1 src\hx711\receiver_hx711.o
 *fill*         0x20000015        0x3 
 .data.tenzoconst_k
                0x20000018        0x8 src\main.o
                0x20000018                tenzoconst_k
 .data.tenzoconst_nom
                0x20000020        0x8 src\main.o
                0x20000020                tenzoconst_nom
 .data.tenzo_zero_ofset
                0x20000028        0x4 src\main.o
                0x20000028                tenzo_zero_ofset
 .data.SystemCoreClock
                0x2000002c        0x4 src\system_stm32f10x.o
                0x2000002c                SystemCoreClock
 .data.AHBPrescTable
                0x20000030       0x10 src\system_stm32f10x.o
                0x20000030                AHBPrescTable
 .data._impure_ptr
                0x20000040        0x4 c:/program files (x86)/atollic/truestudio for stm32 9.3.0/armtools/bin/../lib/gcc/arm-atollic-eabi/6.3.1/../../../../arm-atollic-eabi/lib/armv7-m\libc_nano.a(lib_a-impure.o)
                0x20000040                _impure_ptr
 .data.impure_data
                0x20000044       0x60 c:/program files (x86)/atollic/truestudio for stm32 9.3.0/armtools/bin/../lib/gcc/arm-atollic-eabi/6.3.1/../../../../arm-atollic-eabi/lib/armv7-m\libc_nano.a(lib_a-impure.o)
                0x200000a4                . = ALIGN (0x4)
                0x200000a4                _edata = .

.igot.plt       0x200000a4        0x0 load address 0x08004e88
 .igot.plt      0x200000a4        0x0 c:/program files (x86)/atollic/truestudio for stm32 9.3.0/armtools/bin/../lib/gcc/arm-atollic-eabi/6.3.1/armv7-m/crtbegin.o
                0x200000a4                . = ALIGN (0x4)

.bss            0x200000a8     0x11b8 load address 0x08004e88
                0x200000a8                _sbss = .
                0x200000a8                __bss_start__ = _sbss
 *(.bss)
 .bss           0x200000a8       0x1c c:/program files (x86)/atollic/truestudio for stm32 9.3.0/armtools/bin/../lib/gcc/arm-atollic-eabi/6.3.1/armv7-m/crtbegin.o
 *(.bss*)
 .bss.RECEIVE_DATA
                0x200000c4       0x10 src\hx711\receiver_hx711.o
                0x200000c4                RECEIVE_DATA
 .bss.update_flag
                0x200000d4        0x1 src\hx711\receiver_hx711.o
                0x200000d4                update_flag
 .bss.bit_numb.5532
                0x200000d5        0x1 src\hx711\receiver_hx711.o
 *fill*         0x200000d6        0x2 
 .bss.reveive_data.5533
                0x200000d8       0x10 src\hx711\receiver_hx711.o
 .bss.last_code.6747
                0x200000e8        0x1 src\lcd_menu\Keyboard.o
 *fill*         0x200000e9        0x3 
 .bss.menu_window.5299
                0x200000ec      0x140 src\lcd_menu\menu_init.o
 .bss.item_index.5301
                0x2000022c        0x4 src\lcd_menu\menu_init.o
 .bss.item.5300
                0x20000230      0x7bc src\lcd_menu\menu_init.o
 .bss.obj_index.5302
                0x200009ec        0x4 src\lcd_menu\menu_init.o
 .bss.obj.5298  0x200009f0      0x2bc src\lcd_menu\menu_init.o
 *fill*         0x20000cac        0x4 
 .bss.max_value_in_experiment
                0x20000cb0        0x8 src\main.o
                0x20000cb0                max_value_in_experiment
 .bss.current_value
                0x20000cb8        0x8 src\main.o
                0x20000cb8                current_value
 .bss.experiment_state
                0x20000cc0        0x1 src\main.o
                0x20000cc0                experiment_state
 .bss.trig.6744
                0x20000cc1        0x1 src\stm32f1xx_it.o
 *fill*         0x20000cc2        0x2 
 .bss.__malloc_free_list
                0x20000cc4        0x4 c:/program files (x86)/atollic/truestudio for stm32 9.3.0/armtools/bin/../lib/gcc/arm-atollic-eabi/6.3.1/../../../../arm-atollic-eabi/lib/armv7-m\libc_nano.a(lib_a-nano-mallocr.o)
                0x20000cc4                __malloc_free_list
 .bss.__malloc_sbrk_start
                0x20000cc8        0x4 c:/program files (x86)/atollic/truestudio for stm32 9.3.0/armtools/bin/../lib/gcc/arm-atollic-eabi/6.3.1/../../../../arm-atollic-eabi/lib/armv7-m\libc_nano.a(lib_a-nano-mallocr.o)
                0x20000cc8                __malloc_sbrk_start
 .bss.heap_end.4116
                0x20000ccc        0x4 c:/program files (x86)/atollic/truestudio for stm32 9.3.0/armtools/bin/../lib/gcc/arm-atollic-eabi/6.3.1/../../../../arm-atollic-eabi/lib/armv7-m\libnosys.a(sbrk.o)
 *(COMMON)
 COMMON         0x20000cd0      0x404 src\gldc\GLCD.o
                0x20000cd0                USED_SPI
                0x20000cd4                glcd_buff
 COMMON         0x200010d4       0x24 src\lcd_menu\Keyboard.o
                0x200010d4                yellow_b_sm
                0x200010dc                keys_state_now
                0x200010dd                keys_state_backward
                0x200010e0                red_b_sm
                0x200010e8                blue_b_sm
                0x200010f0                green_b_sm
 COMMON         0x200010f8       0x10 src\lcd_menu\screen.o
                0x200010f8                screen_state
                0x200010fc                upd_counter
                0x20001100                upd_interval
                0x20001104                CURRENT_ITEM
 COMMON         0x20001108       0x54 src\main.o
                0x20001108                GPIO_InitStructure
                0x2000110c                SPI_InitStructure
                0x20001120                USART_InitStructure
                0x20001130                DMA_InitStructure
 COMMON         0x2000115c      0x100 src\usart\usart.o
                0x2000115c                send_buffer
 COMMON         0x2000125c        0x4 c:/program files (x86)/atollic/truestudio for stm32 9.3.0/armtools/bin/../lib/gcc/arm-atollic-eabi/6.3.1/../../../../arm-atollic-eabi/lib/armv7-m\libc_nano.a(lib_a-reent.o)
                0x2000125c                errno
                0x20001260                . = ALIGN (0x4)
                0x20001260                _ebss = .
                0x20001260                __bss_end__ = _ebss

._user_heap_stack
                0x20001260      0x100 load address 0x08004e88
                0x20001260                . = ALIGN (0x4)
                0x20001260                PROVIDE (end, .)
                [!provide]                PROVIDE (_end, .)
                0x20001260                . = (. + _Min_Heap_Size)
                0x20001360                . = (. + _Min_Stack_Size)
 *fill*         0x20001260      0x100 
                0x20001360                . = ALIGN (0x4)

.memory_b1_text
 *(.mb1text)
 *(.mb1text*)
 *(.mb1rodata)
 *(.mb1rodata*)

/DISCARD/
 libc.a(*)
 libm.a(*)
 libgcc.a(*)

.ARM.attributes
                0x00000000       0x29
 *(.ARM.attributes)
 .ARM.attributes
                0x00000000       0x1d c:/program files (x86)/atollic/truestudio for stm32 9.3.0/armtools/bin/../lib/gcc/arm-atollic-eabi/6.3.1/armv7-m/crti.o
 .ARM.attributes
                0x0000001d       0x2d c:/program files (x86)/atollic/truestudio for stm32 9.3.0/armtools/bin/../lib/gcc/arm-atollic-eabi/6.3.1/armv7-m/crtbegin.o
 .ARM.attributes
                0x0000004a       0x33 Libraries\STM32F10x_StdPeriph_Driver\src\stm32f10x_dma.o
 .ARM.attributes
                0x0000007d       0x33 Libraries\STM32F10x_StdPeriph_Driver\src\stm32f10x_gpio.o
 .ARM.attributes
                0x000000b0       0x33 Libraries\STM32F10x_StdPeriph_Driver\src\stm32f10x_rcc.o
 .ARM.attributes
                0x000000e3       0x33 Libraries\STM32F10x_StdPeriph_Driver\src\stm32f10x_spi.o
 .ARM.attributes
                0x00000116       0x33 Libraries\STM32F10x_StdPeriph_Driver\src\stm32f10x_usart.o
 .ARM.attributes
                0x00000149       0x33 src\gldc\GLCD.o
 .ARM.attributes
                0x0000017c       0x33 src\hx711\receiver_hx711.o
 .ARM.attributes
                0x000001af       0x33 src\lcd_menu\Keyboard.o
 .ARM.attributes
                0x000001e2       0x33 src\lcd_menu\menu_callback.o
 .ARM.attributes
                0x00000215       0x33 src\lcd_menu\menu_init.o
 .ARM.attributes
                0x00000248       0x33 src\lcd_menu\screen.o
 .ARM.attributes
                0x0000027b       0x33 src\main.o
 .ARM.attributes
                0x000002ae       0x21 src\startup_stm32f10x_md.o
 .ARM.attributes
                0x000002cf       0x33 src\stm32f1xx_it.o
 .ARM.attributes
                0x00000302       0x33 src\system_stm32f10x.o
 .ARM.attributes
                0x00000335       0x33 src\usart\usart.o
 .ARM.attributes
                0x00000368       0x2d c:/program files (x86)/atollic/truestudio for stm32 9.3.0/armtools/bin/../lib/gcc/arm-atollic-eabi/6.3.1/../../../../arm-atollic-eabi/lib/armv7-m\libc_nano.a(lib_a-init.o)
 .ARM.attributes
                0x00000395       0x2d c:/program files (x86)/atollic/truestudio for stm32 9.3.0/armtools/bin/../lib/gcc/arm-atollic-eabi/6.3.1/../../../../arm-atollic-eabi/lib/armv7-m\libc_nano.a(lib_a-sprintf.o)
 .ARM.attributes
                0x000003c2       0x2d c:/program files (x86)/atollic/truestudio for stm32 9.3.0/armtools/bin/../lib/gcc/arm-atollic-eabi/6.3.1/../../../../arm-atollic-eabi/lib/armv7-m\libc_nano.a(lib_a-strcpy.o)
 .ARM.attributes
                0x000003ef       0x17 c:/program files (x86)/atollic/truestudio for stm32 9.3.0/armtools/bin/../lib/gcc/arm-atollic-eabi/6.3.1/../../../../arm-atollic-eabi/lib/armv7-m\libc_nano.a(lib_a-strlen.o)
 .ARM.attributes
                0x00000406       0x2d c:/program files (x86)/atollic/truestudio for stm32 9.3.0/armtools/bin/../lib/gcc/arm-atollic-eabi/6.3.1/../../../../arm-atollic-eabi/lib/armv7-m\libc_nano.a(lib_a-impure.o)
 .ARM.attributes
                0x00000433       0x2d c:/program files (x86)/atollic/truestudio for stm32 9.3.0/armtools/bin/../lib/gcc/arm-atollic-eabi/6.3.1/../../../../arm-atollic-eabi/lib/armv7-m\libc_nano.a(lib_a-nano-svfprintf.o)
 .ARM.attributes
                0x00000460       0x2d c:/program files (x86)/atollic/truestudio for stm32 9.3.0/armtools/bin/../lib/gcc/arm-atollic-eabi/6.3.1/../../../../arm-atollic-eabi/lib/armv7-m\libc_nano.a(lib_a-nano-vfprintf_i.o)
 .ARM.attributes
                0x0000048d       0x2d c:/program files (x86)/atollic/truestudio for stm32 9.3.0/armtools/bin/../lib/gcc/arm-atollic-eabi/6.3.1/../../../../arm-atollic-eabi/lib/armv7-m\libc_nano.a(lib_a-memchr-stub.o)
 .ARM.attributes
                0x000004ba       0x2d c:/program files (x86)/atollic/truestudio for stm32 9.3.0/armtools/bin/../lib/gcc/arm-atollic-eabi/6.3.1/../../../../arm-atollic-eabi/lib/armv7-m\libc_nano.a(lib_a-memcpy-stub.o)
 .ARM.attributes
                0x000004e7       0x2d c:/program files (x86)/atollic/truestudio for stm32 9.3.0/armtools/bin/../lib/gcc/arm-atollic-eabi/6.3.1/../../../../arm-atollic-eabi/lib/armv7-m\libc_nano.a(lib_a-memmove.o)
 .ARM.attributes
                0x00000514       0x2d c:/program files (x86)/atollic/truestudio for stm32 9.3.0/armtools/bin/../lib/gcc/arm-atollic-eabi/6.3.1/../../../../arm-atollic-eabi/lib/armv7-m\libc_nano.a(lib_a-nano-freer.o)
 .ARM.attributes
                0x00000541       0x2d c:/program files (x86)/atollic/truestudio for stm32 9.3.0/armtools/bin/../lib/gcc/arm-atollic-eabi/6.3.1/../../../../arm-atollic-eabi/lib/armv7-m\libc_nano.a(lib_a-nano-mallocr.o)
 .ARM.attributes
                0x0000056e       0x2d c:/program files (x86)/atollic/truestudio for stm32 9.3.0/armtools/bin/../lib/gcc/arm-atollic-eabi/6.3.1/../../../../arm-atollic-eabi/lib/armv7-m\libc_nano.a(lib_a-nano-reallocr.o)
 .ARM.attributes
                0x0000059b       0x2d c:/program files (x86)/atollic/truestudio for stm32 9.3.0/armtools/bin/../lib/gcc/arm-atollic-eabi/6.3.1/../../../../arm-atollic-eabi/lib/armv7-m\libc_nano.a(lib_a-sbrkr.o)
 .ARM.attributes
                0x000005c8       0x2d c:/program files (x86)/atollic/truestudio for stm32 9.3.0/armtools/bin/../lib/gcc/arm-atollic-eabi/6.3.1/../../../../arm-atollic-eabi/lib/armv7-m\libc_nano.a(lib_a-mlock.o)
 .ARM.attributes
                0x000005f5       0x2d c:/program files (x86)/atollic/truestudio for stm32 9.3.0/armtools/bin/../lib/gcc/arm-atollic-eabi/6.3.1/../../../../arm-atollic-eabi/lib/armv7-m\libc_nano.a(lib_a-nano-msizer.o)
 .ARM.attributes
                0x00000622       0x2d c:/program files (x86)/atollic/truestudio for stm32 9.3.0/armtools/bin/../lib/gcc/arm-atollic-eabi/6.3.1/../../../../arm-atollic-eabi/lib/armv7-m\libc_nano.a(lib_a-reent.o)
 .ARM.attributes
                0x0000064f       0x1d c:/program files (x86)/atollic/truestudio for stm32 9.3.0/armtools/bin/../lib/gcc/arm-atollic-eabi/6.3.1/armv7-m\libgcc.a(_arm_addsubdf3.o)
 .ARM.attributes
                0x0000066c       0x1d c:/program files (x86)/atollic/truestudio for stm32 9.3.0/armtools/bin/../lib/gcc/arm-atollic-eabi/6.3.1/armv7-m\libgcc.a(_arm_muldivdf3.o)
 .ARM.attributes
                0x00000689       0x1d c:/program files (x86)/atollic/truestudio for stm32 9.3.0/armtools/bin/../lib/gcc/arm-atollic-eabi/6.3.1/armv7-m\libgcc.a(_arm_cmpdf2.o)
 .ARM.attributes
                0x000006a6       0x1d c:/program files (x86)/atollic/truestudio for stm32 9.3.0/armtools/bin/../lib/gcc/arm-atollic-eabi/6.3.1/armv7-m\libgcc.a(_arm_fixdfsi.o)
 .ARM.attributes
                0x000006c3       0x1d c:/program files (x86)/atollic/truestudio for stm32 9.3.0/armtools/bin/../lib/gcc/arm-atollic-eabi/6.3.1/armv7-m\libgcc.a(_arm_fixunsdfsi.o)
 .ARM.attributes
                0x000006e0       0x2d c:/program files (x86)/atollic/truestudio for stm32 9.3.0/armtools/bin/../lib/gcc/arm-atollic-eabi/6.3.1/../../../../arm-atollic-eabi/lib/armv7-m\libnosys.a(sbrk.o)
 .ARM.attributes
                0x0000070d       0x1d c:/program files (x86)/atollic/truestudio for stm32 9.3.0/armtools/bin/../lib/gcc/arm-atollic-eabi/6.3.1/armv7-m/crtn.o
OUTPUT(HX711_weigher_stm32f103.elf elf32-littlearm)

.debug_info     0x00000000     0xa1f7
 .debug_info    0x00000000      0x486 Libraries\STM32F10x_StdPeriph_Driver\src\stm32f10x_dma.o
 .debug_info    0x00000486      0x701 Libraries\STM32F10x_StdPeriph_Driver\src\stm32f10x_gpio.o
 .debug_info    0x00000b87      0x8b2 Libraries\STM32F10x_StdPeriph_Driver\src\stm32f10x_rcc.o
 .debug_info    0x00001439      0x906 Libraries\STM32F10x_StdPeriph_Driver\src\stm32f10x_spi.o
 .debug_info    0x00001d3f      0x9fb Libraries\STM32F10x_StdPeriph_Driver\src\stm32f10x_usart.o
 .debug_info    0x0000273a      0x897 src\gldc\GLCD.o
 .debug_info    0x00002fd1      0x975 src\hx711\receiver_hx711.o
 .debug_info    0x00003946     0x1155 src\lcd_menu\Keyboard.o
 .debug_info    0x00004a9b      0xc91 src\lcd_menu\menu_callback.o
 .debug_info    0x0000572c      0xb64 src\lcd_menu\menu_init.o
 .debug_info    0x00006290      0xfe8 src\lcd_menu\screen.o
 .debug_info    0x00007278     0x121f src\main.o
 .debug_info    0x00008497       0xa6 src\startup_stm32f10x_md.o
 .debug_info    0x0000853d      0xb38 src\stm32f1xx_it.o
 .debug_info    0x00009075      0x4a7 src\system_stm32f10x.o
 .debug_info    0x0000951c      0xcdb src\usart\usart.o

.debug_abbrev   0x00000000     0x1dc8
 .debug_abbrev  0x00000000      0x182 Libraries\STM32F10x_StdPeriph_Driver\src\stm32f10x_dma.o
 .debug_abbrev  0x00000182      0x1dd Libraries\STM32F10x_StdPeriph_Driver\src\stm32f10x_gpio.o
 .debug_abbrev  0x0000035f      0x1cf Libraries\STM32F10x_StdPeriph_Driver\src\stm32f10x_rcc.o
 .debug_abbrev  0x0000052e      0x1ab Libraries\STM32F10x_StdPeriph_Driver\src\stm32f10x_spi.o
 .debug_abbrev  0x000006d9      0x18f Libraries\STM32F10x_StdPeriph_Driver\src\stm32f10x_usart.o
 .debug_abbrev  0x00000868      0x260 src\gldc\GLCD.o
 .debug_abbrev  0x00000ac8      0x1e3 src\hx711\receiver_hx711.o
 .debug_abbrev  0x00000cab      0x2d2 src\lcd_menu\Keyboard.o
 .debug_abbrev  0x00000f7d      0x241 src\lcd_menu\menu_callback.o
 .debug_abbrev  0x000011be      0x1a6 src\lcd_menu\menu_init.o
 .debug_abbrev  0x00001364      0x282 src\lcd_menu\screen.o
 .debug_abbrev  0x000015e6      0x2a5 src\main.o
 .debug_abbrev  0x0000188b       0x12 src\startup_stm32f10x_md.o
 .debug_abbrev  0x0000189d      0x1c6 src\stm32f1xx_it.o
 .debug_abbrev  0x00001a63      0x16e src\system_stm32f10x.o
 .debug_abbrev  0x00001bd1      0x1f7 src\usart\usart.o

.debug_aranges  0x00000000      0x8b8
 .debug_aranges
                0x00000000       0x70 Libraries\STM32F10x_StdPeriph_Driver\src\stm32f10x_dma.o
 .debug_aranges
                0x00000070       0xa8 Libraries\STM32F10x_StdPeriph_Driver\src\stm32f10x_gpio.o
 .debug_aranges
                0x00000118      0x118 Libraries\STM32F10x_StdPeriph_Driver\src\stm32f10x_rcc.o
 .debug_aranges
                0x00000230       0xd0 Libraries\STM32F10x_StdPeriph_Driver\src\stm32f10x_spi.o
 .debug_aranges
                0x00000300      0x100 Libraries\STM32F10x_StdPeriph_Driver\src\stm32f10x_usart.o
 .debug_aranges
                0x00000400       0x90 src\gldc\GLCD.o
 .debug_aranges
                0x00000490       0x48 src\hx711\receiver_hx711.o
 .debug_aranges
                0x000004d8       0xd8 src\lcd_menu\Keyboard.o
 .debug_aranges
                0x000005b0      0x100 src\lcd_menu\menu_callback.o
 .debug_aranges
                0x000006b0       0x20 src\lcd_menu\menu_init.o
 .debug_aranges
                0x000006d0       0xb0 src\lcd_menu\screen.o
 .debug_aranges
                0x00000780       0x40 src\main.o
 .debug_aranges
                0x000007c0       0x28 src\startup_stm32f10x_md.o
 .debug_aranges
                0x000007e8       0x70 src\stm32f1xx_it.o
 .debug_aranges
                0x00000858       0x38 src\system_stm32f10x.o
 .debug_aranges
                0x00000890       0x28 src\usart\usart.o

.debug_ranges   0x00000000      0x820
 .debug_ranges  0x00000000       0x60 Libraries\STM32F10x_StdPeriph_Driver\src\stm32f10x_dma.o
 .debug_ranges  0x00000060       0x98 Libraries\STM32F10x_StdPeriph_Driver\src\stm32f10x_gpio.o
 .debug_ranges  0x000000f8      0x108 Libraries\STM32F10x_StdPeriph_Driver\src\stm32f10x_rcc.o
 .debug_ranges  0x00000200       0xc0 Libraries\STM32F10x_StdPeriph_Driver\src\stm32f10x_spi.o
 .debug_ranges  0x000002c0       0xf0 Libraries\STM32F10x_StdPeriph_Driver\src\stm32f10x_usart.o
 .debug_ranges  0x000003b0       0xa0 src\gldc\GLCD.o
 .debug_ranges  0x00000450       0x38 src\hx711\receiver_hx711.o
 .debug_ranges  0x00000488       0xc8 src\lcd_menu\Keyboard.o
 .debug_ranges  0x00000550       0xf0 src\lcd_menu\menu_callback.o
 .debug_ranges  0x00000640       0x10 src\lcd_menu\menu_init.o
 .debug_ranges  0x00000650       0xa0 src\lcd_menu\screen.o
 .debug_ranges  0x000006f0       0x70 src\main.o
 .debug_ranges  0x00000760       0x20 src\startup_stm32f10x_md.o
 .debug_ranges  0x00000780       0x60 src\stm32f1xx_it.o
 .debug_ranges  0x000007e0       0x28 src\system_stm32f10x.o
 .debug_ranges  0x00000808       0x18 src\usart\usart.o

.debug_line     0x00000000     0x3878
 .debug_line    0x00000000      0x351 Libraries\STM32F10x_StdPeriph_Driver\src\stm32f10x_dma.o
 .debug_line    0x00000351      0x3e9 Libraries\STM32F10x_StdPeriph_Driver\src\stm32f10x_gpio.o
 .debug_line    0x0000073a      0x4e4 Libraries\STM32F10x_StdPeriph_Driver\src\stm32f10x_rcc.o
 .debug_line    0x00000c1e      0x446 Libraries\STM32F10x_StdPeriph_Driver\src\stm32f10x_spi.o
 .debug_line    0x00001064      0x4cb Libraries\STM32F10x_StdPeriph_Driver\src\stm32f10x_usart.o
 .debug_line    0x0000152f      0x49e src\gldc\GLCD.o
 .debug_line    0x000019cd      0x263 src\hx711\receiver_hx711.o
 .debug_line    0x00001c30      0x542 src\lcd_menu\Keyboard.o
 .debug_line    0x00002172      0x489 src\lcd_menu\menu_callback.o
 .debug_line    0x000025fb      0x1f2 src\lcd_menu\menu_init.o
 .debug_line    0x000027ed      0x3ef src\lcd_menu\screen.o
 .debug_line    0x00002bdc      0x3fa src\main.o
 .debug_line    0x00002fd6       0x7c src\startup_stm32f10x_md.o
 .debug_line    0x00003052      0x30a src\stm32f1xx_it.o
 .debug_line    0x0000335c      0x24a src\system_stm32f10x.o
 .debug_line    0x000035a6      0x2d2 src\usart\usart.o

.debug_str      0x00000000     0x28ff
 .debug_str     0x00000000      0x3ee Libraries\STM32F10x_StdPeriph_Driver\src\stm32f10x_dma.o
                                0x456 (size before relaxing)
 .debug_str     0x000003ee      0x38b Libraries\STM32F10x_StdPeriph_Driver\src\stm32f10x_gpio.o
                                0x5b8 (size before relaxing)
 .debug_str     0x00000779      0x448 Libraries\STM32F10x_StdPeriph_Driver\src\stm32f10x_rcc.o
                                0x6b9 (size before relaxing)
 .debug_str     0x00000bc1      0x3c8 Libraries\STM32F10x_StdPeriph_Driver\src\stm32f10x_spi.o
                                0x69c (size before relaxing)
 .debug_str     0x00000f89      0x423 Libraries\STM32F10x_StdPeriph_Driver\src\stm32f10x_usart.o
                                0x72f (size before relaxing)
 .debug_str     0x000013ac      0x1d1 src\gldc\GLCD.o
                                0x62a (size before relaxing)
 .debug_str     0x0000157d      0x4f4 src\hx711\receiver_hx711.o
                                0x7a7 (size before relaxing)
 .debug_str     0x00001a71      0x734 src\lcd_menu\Keyboard.o
                                0xe47 (size before relaxing)
 .debug_str     0x000021a5      0x18e src\lcd_menu\menu_callback.o
                                0x939 (size before relaxing)
 .debug_str     0x00002333      0x199 src\lcd_menu\menu_init.o
                                0x79d (size before relaxing)
 .debug_str     0x000024cc      0x1f5 src\lcd_menu\screen.o
                                0x96c (size before relaxing)
 .debug_str     0x000026c1       0xa5 src\main.o
                                0xe40 (size before relaxing)
 .debug_str     0x00002766       0xd6 src\stm32f1xx_it.o
                                0x771 (size before relaxing)
 .debug_str     0x0000283c       0x7b src\system_stm32f10x.o
                                0x35a (size before relaxing)
 .debug_str     0x000028b7       0x48 src\usart\usart.o
                                0x981 (size before relaxing)

.comment        0x00000000       0x7c
 .comment       0x00000000       0x7c Libraries\STM32F10x_StdPeriph_Driver\src\stm32f10x_dma.o
                                 0x7d (size before relaxing)
 .comment       0x0000007c       0x7d Libraries\STM32F10x_StdPeriph_Driver\src\stm32f10x_gpio.o
 .comment       0x0000007c       0x7d Libraries\STM32F10x_StdPeriph_Driver\src\stm32f10x_rcc.o
 .comment       0x0000007c       0x7d Libraries\STM32F10x_StdPeriph_Driver\src\stm32f10x_spi.o
 .comment       0x0000007c       0x7d Libraries\STM32F10x_StdPeriph_Driver\src\stm32f10x_usart.o
 .comment       0x0000007c       0x7d src\gldc\GLCD.o
 .comment       0x0000007c       0x7d src\hx711\receiver_hx711.o
 .comment       0x0000007c       0x7d src\lcd_menu\Keyboard.o
 .comment       0x0000007c       0x7d src\lcd_menu\menu_callback.o
 .comment       0x0000007c       0x7d src\lcd_menu\menu_init.o
 .comment       0x0000007c       0x7d src\lcd_menu\screen.o
 .comment       0x0000007c       0x7d src\main.o
 .comment       0x0000007c       0x7d src\stm32f1xx_it.o
 .comment       0x0000007c       0x7d src\system_stm32f10x.o
 .comment       0x0000007c       0x7d src\usart\usart.o

.debug_frame    0x00000000     0x27b0
 .debug_frame   0x00000000      0x1c8 Libraries\STM32F10x_StdPeriph_Driver\src\stm32f10x_dma.o
 .debug_frame   0x000001c8      0x2d0 Libraries\STM32F10x_StdPeriph_Driver\src\stm32f10x_gpio.o
 .debug_frame   0x00000498      0x4f4 Libraries\STM32F10x_StdPeriph_Driver\src\stm32f10x_rcc.o
 .debug_frame   0x0000098c      0x3a0 Libraries\STM32F10x_StdPeriph_Driver\src\stm32f10x_spi.o
 .debug_frame   0x00000d2c      0x490 Libraries\STM32F10x_StdPeriph_Driver\src\stm32f10x_usart.o
 .debug_frame   0x000011bc      0x23c src\gldc\GLCD.o
 .debug_frame   0x000013f8       0xd8 src\hx711\receiver_hx711.o
 .debug_frame   0x000014d0      0x33c src\lcd_menu\Keyboard.o
 .debug_frame   0x0000180c      0x3d8 src\lcd_menu\menu_callback.o
 .debug_frame   0x00001be4       0x38 src\lcd_menu\menu_init.o
 .debug_frame   0x00001c1c      0x2c4 src\lcd_menu\screen.o
 .debug_frame   0x00001ee0       0xcc src\main.o
 .debug_frame   0x00001fac      0x150 src\stm32f1xx_it.o
 .debug_frame   0x000020fc       0x98 src\system_stm32f10x.o
 .debug_frame   0x00002194       0x58 src\usart\usart.o
 .debug_frame   0x000021ec       0x2c c:/program files (x86)/atollic/truestudio for stm32 9.3.0/armtools/bin/../lib/gcc/arm-atollic-eabi/6.3.1/../../../../arm-atollic-eabi/lib/armv7-m\libc_nano.a(lib_a-init.o)
 .debug_frame   0x00002218       0x70 c:/program files (x86)/atollic/truestudio for stm32 9.3.0/armtools/bin/../lib/gcc/arm-atollic-eabi/6.3.1/../../../../arm-atollic-eabi/lib/armv7-m\libc_nano.a(lib_a-sprintf.o)
 .debug_frame   0x00002288       0x20 c:/program files (x86)/atollic/truestudio for stm32 9.3.0/armtools/bin/../lib/gcc/arm-atollic-eabi/6.3.1/../../../../arm-atollic-eabi/lib/armv7-m\libc_nano.a(lib_a-strcpy.o)
 .debug_frame   0x000022a8       0x90 c:/program files (x86)/atollic/truestudio for stm32 9.3.0/armtools/bin/../lib/gcc/arm-atollic-eabi/6.3.1/../../../../arm-atollic-eabi/lib/armv7-m\libc_nano.a(lib_a-nano-svfprintf.o)
 .debug_frame   0x00002338       0x60 c:/program files (x86)/atollic/truestudio for stm32 9.3.0/armtools/bin/../lib/gcc/arm-atollic-eabi/6.3.1/../../../../arm-atollic-eabi/lib/armv7-m\libc_nano.a(lib_a-nano-vfprintf_i.o)
 .debug_frame   0x00002398       0x28 c:/program files (x86)/atollic/truestudio for stm32 9.3.0/armtools/bin/../lib/gcc/arm-atollic-eabi/6.3.1/../../../../arm-atollic-eabi/lib/armv7-m\libc_nano.a(lib_a-memchr-stub.o)
 .debug_frame   0x000023c0       0x28 c:/program files (x86)/atollic/truestudio for stm32 9.3.0/armtools/bin/../lib/gcc/arm-atollic-eabi/6.3.1/../../../../arm-atollic-eabi/lib/armv7-m\libc_nano.a(lib_a-memcpy-stub.o)
 .debug_frame   0x000023e8       0x28 c:/program files (x86)/atollic/truestudio for stm32 9.3.0/armtools/bin/../lib/gcc/arm-atollic-eabi/6.3.1/../../../../arm-atollic-eabi/lib/armv7-m\libc_nano.a(lib_a-memmove.o)
 .debug_frame   0x00002410       0x38 c:/program files (x86)/atollic/truestudio for stm32 9.3.0/armtools/bin/../lib/gcc/arm-atollic-eabi/6.3.1/../../../../arm-atollic-eabi/lib/armv7-m\libc_nano.a(lib_a-nano-freer.o)
 .debug_frame   0x00002448       0x2c c:/program files (x86)/atollic/truestudio for stm32 9.3.0/armtools/bin/../lib/gcc/arm-atollic-eabi/6.3.1/../../../../arm-atollic-eabi/lib/armv7-m\libc_nano.a(lib_a-nano-mallocr.o)
 .debug_frame   0x00002474       0x3c c:/program files (x86)/atollic/truestudio for stm32 9.3.0/armtools/bin/../lib/gcc/arm-atollic-eabi/6.3.1/../../../../arm-atollic-eabi/lib/armv7-m\libc_nano.a(lib_a-nano-reallocr.o)
 .debug_frame   0x000024b0       0x2c c:/program files (x86)/atollic/truestudio for stm32 9.3.0/armtools/bin/../lib/gcc/arm-atollic-eabi/6.3.1/../../../../arm-atollic-eabi/lib/armv7-m\libc_nano.a(lib_a-sbrkr.o)
 .debug_frame   0x000024dc       0x30 c:/program files (x86)/atollic/truestudio for stm32 9.3.0/armtools/bin/../lib/gcc/arm-atollic-eabi/6.3.1/../../../../arm-atollic-eabi/lib/armv7-m\libc_nano.a(lib_a-mlock.o)
 .debug_frame   0x0000250c       0x20 c:/program files (x86)/atollic/truestudio for stm32 9.3.0/armtools/bin/../lib/gcc/arm-atollic-eabi/6.3.1/../../../../arm-atollic-eabi/lib/armv7-m\libc_nano.a(lib_a-nano-msizer.o)
 .debug_frame   0x0000252c       0x5c c:/program files (x86)/atollic/truestudio for stm32 9.3.0/armtools/bin/../lib/gcc/arm-atollic-eabi/6.3.1/../../../../arm-atollic-eabi/lib/armv7-m\libc_nano.a(lib_a-reent.o)
 .debug_frame   0x00002588       0xac c:/program files (x86)/atollic/truestudio for stm32 9.3.0/armtools/bin/../lib/gcc/arm-atollic-eabi/6.3.1/armv7-m\libgcc.a(_arm_addsubdf3.o)
 .debug_frame   0x00002634       0x50 c:/program files (x86)/atollic/truestudio for stm32 9.3.0/armtools/bin/../lib/gcc/arm-atollic-eabi/6.3.1/armv7-m\libgcc.a(_arm_muldivdf3.o)
 .debug_frame   0x00002684       0xc4 c:/program files (x86)/atollic/truestudio for stm32 9.3.0/armtools/bin/../lib/gcc/arm-atollic-eabi/6.3.1/armv7-m\libgcc.a(_arm_cmpdf2.o)
 .debug_frame   0x00002748       0x24 c:/program files (x86)/atollic/truestudio for stm32 9.3.0/armtools/bin/../lib/gcc/arm-atollic-eabi/6.3.1/armv7-m\libgcc.a(_arm_fixdfsi.o)
 .debug_frame   0x0000276c       0x24 c:/program files (x86)/atollic/truestudio for stm32 9.3.0/armtools/bin/../lib/gcc/arm-atollic-eabi/6.3.1/armv7-m\libgcc.a(_arm_fixunsdfsi.o)
 .debug_frame   0x00002790       0x20 c:/program files (x86)/atollic/truestudio for stm32 9.3.0/armtools/bin/../lib/gcc/arm-atollic-eabi/6.3.1/../../../../arm-atollic-eabi/lib/armv7-m\libnosys.a(sbrk.o)

Cross Reference Table

Symbol                                            File
ADC1_2_IRQHandler                                 src\startup_stm32f10x_md.o
ADC_AnalogWatchdogCmd                             Libraries\STM32F10x_StdPeriph_Driver\src\stm32f10x_adc.o
ADC_AnalogWatchdogSingleChannelConfig             Libraries\STM32F10x_StdPeriph_Driver\src\stm32f10x_adc.o
ADC_AnalogWatchdogThresholdsConfig                Libraries\STM32F10x_StdPeriph_Driver\src\stm32f10x_adc.o
ADC_AutoInjectedConvCmd                           Libraries\STM32F10x_StdPeriph_Driver\src\stm32f10x_adc.o
ADC_ClearFlag                                     Libraries\STM32F10x_StdPeriph_Driver\src\stm32f10x_adc.o
ADC_ClearITPendingBit                             Libraries\STM32F10x_StdPeriph_Driver\src\stm32f10x_adc.o
ADC_Cmd                                           Libraries\STM32F10x_StdPeriph_Driver\src\stm32f10x_adc.o
ADC_DMACmd                                        Libraries\STM32F10x_StdPeriph_Driver\src\stm32f10x_adc.o
ADC_DeInit                                        Libraries\STM32F10x_StdPeriph_Driver\src\stm32f10x_adc.o
ADC_DiscModeChannelCountConfig                    Libraries\STM32F10x_StdPeriph_Driver\src\stm32f10x_adc.o
ADC_DiscModeCmd                                   Libraries\STM32F10x_StdPeriph_Driver\src\stm32f10x_adc.o
ADC_ExternalTrigConvCmd                           Libraries\STM32F10x_StdPeriph_Driver\src\stm32f10x_adc.o
ADC_ExternalTrigInjectedConvCmd                   Libraries\STM32F10x_StdPeriph_Driver\src\stm32f10x_adc.o
ADC_ExternalTrigInjectedConvConfig                Libraries\STM32F10x_StdPeriph_Driver\src\stm32f10x_adc.o
ADC_GetCalibrationStatus                          Libraries\STM32F10x_StdPeriph_Driver\src\stm32f10x_adc.o
ADC_GetConversionValue                            Libraries\STM32F10x_StdPeriph_Driver\src\stm32f10x_adc.o
ADC_GetDualModeConversionValue                    Libraries\STM32F10x_StdPeriph_Driver\src\stm32f10x_adc.o
ADC_GetFlagStatus                                 Libraries\STM32F10x_StdPeriph_Driver\src\stm32f10x_adc.o
ADC_GetITStatus                                   Libraries\STM32F10x_StdPeriph_Driver\src\stm32f10x_adc.o
ADC_GetInjectedConversionValue                    Libraries\STM32F10x_StdPeriph_Driver\src\stm32f10x_adc.o
ADC_GetResetCalibrationStatus                     Libraries\STM32F10x_StdPeriph_Driver\src\stm32f10x_adc.o
ADC_GetSoftwareStartConvStatus                    Libraries\STM32F10x_StdPeriph_Driver\src\stm32f10x_adc.o
ADC_GetSoftwareStartInjectedConvCmdStatus         Libraries\STM32F10x_StdPeriph_Driver\src\stm32f10x_adc.o
ADC_ITConfig                                      Libraries\STM32F10x_StdPeriph_Driver\src\stm32f10x_adc.o
ADC_Init                                          Libraries\STM32F10x_StdPeriph_Driver\src\stm32f10x_adc.o
ADC_InjectedChannelConfig                         Libraries\STM32F10x_StdPeriph_Driver\src\stm32f10x_adc.o
ADC_InjectedDiscModeCmd                           Libraries\STM32F10x_StdPeriph_Driver\src\stm32f10x_adc.o
ADC_InjectedSequencerLengthConfig                 Libraries\STM32F10x_StdPeriph_Driver\src\stm32f10x_adc.o
ADC_RegularChannelConfig                          Libraries\STM32F10x_StdPeriph_Driver\src\stm32f10x_adc.o
ADC_ResetCalibration                              Libraries\STM32F10x_StdPeriph_Driver\src\stm32f10x_adc.o
ADC_SetInjectedOffset                             Libraries\STM32F10x_StdPeriph_Driver\src\stm32f10x_adc.o
ADC_SoftwareStartConvCmd                          Libraries\STM32F10x_StdPeriph_Driver\src\stm32f10x_adc.o
ADC_SoftwareStartInjectedConvCmd                  Libraries\STM32F10x_StdPeriph_Driver\src\stm32f10x_adc.o
ADC_StartCalibration                              Libraries\STM32F10x_StdPeriph_Driver\src\stm32f10x_adc.o
ADC_StructInit                                    Libraries\STM32F10x_StdPeriph_Driver\src\stm32f10x_adc.o
ADC_TempSensorVrefintCmd                          Libraries\STM32F10x_StdPeriph_Driver\src\stm32f10x_adc.o
AHBPrescTable                                     src\system_stm32f10x.o
BKP_ClearFlag                                     Libraries\STM32F10x_StdPeriph_Driver\src\stm32f10x_bkp.o
BKP_ClearITPendingBit                             Libraries\STM32F10x_StdPeriph_Driver\src\stm32f10x_bkp.o
BKP_DeInit                                        Libraries\STM32F10x_StdPeriph_Driver\src\stm32f10x_bkp.o
BKP_GetFlagStatus                                 Libraries\STM32F10x_StdPeriph_Driver\src\stm32f10x_bkp.o
BKP_GetITStatus                                   Libraries\STM32F10x_StdPeriph_Driver\src\stm32f10x_bkp.o
BKP_ITConfig                                      Libraries\STM32F10x_StdPeriph_Driver\src\stm32f10x_bkp.o
BKP_RTCOutputConfig                               Libraries\STM32F10x_StdPeriph_Driver\src\stm32f10x_bkp.o
BKP_ReadBackupRegister                            Libraries\STM32F10x_StdPeriph_Driver\src\stm32f10x_bkp.o
BKP_SetRTCCalibrationValue                        Libraries\STM32F10x_StdPeriph_Driver\src\stm32f10x_bkp.o
BKP_TamperPinCmd                                  Libraries\STM32F10x_StdPeriph_Driver\src\stm32f10x_bkp.o
BKP_TamperPinLevelConfig                          Libraries\STM32F10x_StdPeriph_Driver\src\stm32f10x_bkp.o
BKP_WriteBackupRegister                           Libraries\STM32F10x_StdPeriph_Driver\src\stm32f10x_bkp.o
                                                  src\bkp\bkp.o
BusFault_Handler                                  src\stm32f1xx_it.o
                                                  src\startup_stm32f10x_md.o
CAN1_RX1_IRQHandler                               src\startup_stm32f10x_md.o
CAN1_SCE_IRQHandler                               src\startup_stm32f10x_md.o
CAN_CancelTransmit                                Libraries\STM32F10x_StdPeriph_Driver\src\stm32f10x_can.o
CAN_ClearFlag                                     Libraries\STM32F10x_StdPeriph_Driver\src\stm32f10x_can.o
CAN_ClearITPendingBit                             Libraries\STM32F10x_StdPeriph_Driver\src\stm32f10x_can.o
CAN_DBGFreeze                                     Libraries\STM32F10x_StdPeriph_Driver\src\stm32f10x_can.o
CAN_DeInit                                        Libraries\STM32F10x_StdPeriph_Driver\src\stm32f10x_can.o
CAN_FIFORelease                                   Libraries\STM32F10x_StdPeriph_Driver\src\stm32f10x_can.o
CAN_FilterInit                                    Libraries\STM32F10x_StdPeriph_Driver\src\stm32f10x_can.o
CAN_GetFlagStatus                                 Libraries\STM32F10x_StdPeriph_Driver\src\stm32f10x_can.o
CAN_GetITStatus                                   Libraries\STM32F10x_StdPeriph_Driver\src\stm32f10x_can.o
CAN_GetLSBTransmitErrorCounter                    Libraries\STM32F10x_StdPeriph_Driver\src\stm32f10x_can.o
CAN_GetLastErrorCode                              Libraries\STM32F10x_StdPeriph_Driver\src\stm32f10x_can.o
CAN_GetReceiveErrorCounter                        Libraries\STM32F10x_StdPeriph_Driver\src\stm32f10x_can.o
CAN_ITConfig                                      Libraries\STM32F10x_StdPeriph_Driver\src\stm32f10x_can.o
CAN_Init                                          Libraries\STM32F10x_StdPeriph_Driver\src\stm32f10x_can.o
CAN_MessagePending                                Libraries\STM32F10x_StdPeriph_Driver\src\stm32f10x_can.o
CAN_OperatingModeRequest                          Libraries\STM32F10x_StdPeriph_Driver\src\stm32f10x_can.o
CAN_Receive                                       Libraries\STM32F10x_StdPeriph_Driver\src\stm32f10x_can.o
CAN_SlaveStartBank                                Libraries\STM32F10x_StdPeriph_Driver\src\stm32f10x_can.o
CAN_Sleep                                         Libraries\STM32F10x_StdPeriph_Driver\src\stm32f10x_can.o
CAN_StructInit                                    Libraries\STM32F10x_StdPeriph_Driver\src\stm32f10x_can.o
CAN_TTComModeCmd                                  Libraries\STM32F10x_StdPeriph_Driver\src\stm32f10x_can.o
CAN_Transmit                                      Libraries\STM32F10x_StdPeriph_Driver\src\stm32f10x_can.o
CAN_TransmitStatus                                Libraries\STM32F10x_StdPeriph_Driver\src\stm32f10x_can.o
CAN_WakeUp                                        Libraries\STM32F10x_StdPeriph_Driver\src\stm32f10x_can.o
CEC_ClearFlag                                     Libraries\STM32F10x_StdPeriph_Driver\src\stm32f10x_cec.o
CEC_ClearITPendingBit                             Libraries\STM32F10x_StdPeriph_Driver\src\stm32f10x_cec.o
CEC_Cmd                                           Libraries\STM32F10x_StdPeriph_Driver\src\stm32f10x_cec.o
CEC_DeInit                                        Libraries\STM32F10x_StdPeriph_Driver\src\stm32f10x_cec.o
CEC_EndOfMessageCmd                               Libraries\STM32F10x_StdPeriph_Driver\src\stm32f10x_cec.o
CEC_GetFlagStatus                                 Libraries\STM32F10x_StdPeriph_Driver\src\stm32f10x_cec.o
CEC_GetITStatus                                   Libraries\STM32F10x_StdPeriph_Driver\src\stm32f10x_cec.o
CEC_ITConfig                                      Libraries\STM32F10x_StdPeriph_Driver\src\stm32f10x_cec.o
CEC_Init                                          Libraries\STM32F10x_StdPeriph_Driver\src\stm32f10x_cec.o
CEC_OwnAddressConfig                              Libraries\STM32F10x_StdPeriph_Driver\src\stm32f10x_cec.o
CEC_ReceiveDataByte                               Libraries\STM32F10x_StdPeriph_Driver\src\stm32f10x_cec.o
CEC_SendDataByte                                  Libraries\STM32F10x_StdPeriph_Driver\src\stm32f10x_cec.o
CEC_SetPrescaler                                  Libraries\STM32F10x_StdPeriph_Driver\src\stm32f10x_cec.o
CEC_StartOfMessage                                Libraries\STM32F10x_StdPeriph_Driver\src\stm32f10x_cec.o
CRC_CalcBlockCRC                                  Libraries\STM32F10x_StdPeriph_Driver\src\stm32f10x_crc.o
CRC_CalcCRC                                       Libraries\STM32F10x_StdPeriph_Driver\src\stm32f10x_crc.o
CRC_GetCRC                                        Libraries\STM32F10x_StdPeriph_Driver\src\stm32f10x_crc.o
CRC_GetIDRegister                                 Libraries\STM32F10x_StdPeriph_Driver\src\stm32f10x_crc.o
CRC_ResetDR                                       Libraries\STM32F10x_StdPeriph_Driver\src\stm32f10x_crc.o
CRC_SetIDRegister                                 Libraries\STM32F10x_StdPeriph_Driver\src\stm32f10x_crc.o
CURRENT_ITEM                                      src\lcd_menu\screen.o
DAC_Cmd                                           Libraries\STM32F10x_StdPeriph_Driver\src\stm32f10x_dac.o
DAC_DMACmd                                        Libraries\STM32F10x_StdPeriph_Driver\src\stm32f10x_dac.o
DAC_DeInit                                        Libraries\STM32F10x_StdPeriph_Driver\src\stm32f10x_dac.o
DAC_DualSoftwareTriggerCmd                        Libraries\STM32F10x_StdPeriph_Driver\src\stm32f10x_dac.o
DAC_GetDataOutputValue                            Libraries\STM32F10x_StdPeriph_Driver\src\stm32f10x_dac.o
DAC_Init                                          Libraries\STM32F10x_StdPeriph_Driver\src\stm32f10x_dac.o
DAC_SetChannel1Data                               Libraries\STM32F10x_StdPeriph_Driver\src\stm32f10x_dac.o
DAC_SetChannel2Data                               Libraries\STM32F10x_StdPeriph_Driver\src\stm32f10x_dac.o
DAC_SetDualChannelData                            Libraries\STM32F10x_StdPeriph_Driver\src\stm32f10x_dac.o
DAC_SoftwareTriggerCmd                            Libraries\STM32F10x_StdPeriph_Driver\src\stm32f10x_dac.o
DAC_StructInit                                    Libraries\STM32F10x_StdPeriph_Driver\src\stm32f10x_dac.o
DAC_WaveGenerationCmd                             Libraries\STM32F10x_StdPeriph_Driver\src\stm32f10x_dac.o
DBGMCU_Config                                     Libraries\STM32F10x_StdPeriph_Driver\src\stm32f10x_dbgmcu.o
DBGMCU_GetDEVID                                   Libraries\STM32F10x_StdPeriph_Driver\src\stm32f10x_dbgmcu.o
DBGMCU_GetREVID                                   Libraries\STM32F10x_StdPeriph_Driver\src\stm32f10x_dbgmcu.o
DMA1_Channel1_IRQHandler                          src\startup_stm32f10x_md.o
DMA1_Channel2_IRQHandler                          src\startup_stm32f10x_md.o
DMA1_Channel3_IRQHandler                          src\stm32f1xx_it.o
                                                  src\startup_stm32f10x_md.o
DMA1_Channel4_IRQHandler                          src\startup_stm32f10x_md.o
DMA1_Channel5_IRQHandler                          src\startup_stm32f10x_md.o
DMA1_Channel6_IRQHandler                          src\startup_stm32f10x_md.o
DMA1_Channel7_IRQHandler                          src\startup_stm32f10x_md.o
DMA_ClearFlag                                     Libraries\STM32F10x_StdPeriph_Driver\src\stm32f10x_dma.o
DMA_ClearITPendingBit                             Libraries\STM32F10x_StdPeriph_Driver\src\stm32f10x_dma.o
DMA_Cmd                                           Libraries\STM32F10x_StdPeriph_Driver\src\stm32f10x_dma.o
                                                  src\usart\usart.o
DMA_DeInit                                        Libraries\STM32F10x_StdPeriph_Driver\src\stm32f10x_dma.o
DMA_GetCurrDataCounter                            Libraries\STM32F10x_StdPeriph_Driver\src\stm32f10x_dma.o
                                                  src\usart\usart.o
DMA_GetFlagStatus                                 Libraries\STM32F10x_StdPeriph_Driver\src\stm32f10x_dma.o
DMA_GetITStatus                                   Libraries\STM32F10x_StdPeriph_Driver\src\stm32f10x_dma.o
DMA_ITConfig                                      Libraries\STM32F10x_StdPeriph_Driver\src\stm32f10x_dma.o
DMA_Init                                          Libraries\STM32F10x_StdPeriph_Driver\src\stm32f10x_dma.o
                                                  src\usart\usart.o
DMA_InitStructure                                 src\main.o
DMA_SetCurrDataCounter                            Libraries\STM32F10x_StdPeriph_Driver\src\stm32f10x_dma.o
                                                  src\usart\usart.o
DMA_StructInit                                    Libraries\STM32F10x_StdPeriph_Driver\src\stm32f10x_dma.o
                                                  src\usart\usart.o
DebugMon_Handler                                  src\stm32f1xx_it.o
                                                  src\startup_stm32f10x_md.o
Default_Handler                                   src\startup_stm32f10x_md.o
EXTI0_IRQHandler                                  src\startup_stm32f10x_md.o
EXTI15_10_IRQHandler                              src\startup_stm32f10x_md.o
EXTI1_IRQHandler                                  src\startup_stm32f10x_md.o
EXTI2_IRQHandler                                  src\startup_stm32f10x_md.o
EXTI3_IRQHandler                                  src\startup_stm32f10x_md.o
EXTI4_IRQHandler                                  src\startup_stm32f10x_md.o
EXTI9_5_IRQHandler                                src\startup_stm32f10x_md.o
EXTI_ClearFlag                                    Libraries\STM32F10x_StdPeriph_Driver\src\stm32f10x_exti.o
EXTI_ClearITPendingBit                            Libraries\STM32F10x_StdPeriph_Driver\src\stm32f10x_exti.o
EXTI_DeInit                                       Libraries\STM32F10x_StdPeriph_Driver\src\stm32f10x_exti.o
EXTI_GenerateSWInterrupt                          Libraries\STM32F10x_StdPeriph_Driver\src\stm32f10x_exti.o
EXTI_GetFlagStatus                                Libraries\STM32F10x_StdPeriph_Driver\src\stm32f10x_exti.o
EXTI_GetITStatus                                  Libraries\STM32F10x_StdPeriph_Driver\src\stm32f10x_exti.o
EXTI_Init                                         Libraries\STM32F10x_StdPeriph_Driver\src\stm32f10x_exti.o
EXTI_StructInit                                   Libraries\STM32F10x_StdPeriph_Driver\src\stm32f10x_exti.o
FLASH_ClearFlag                                   Libraries\STM32F10x_StdPeriph_Driver\src\stm32f10x_flash.o
FLASH_EnableWriteProtection                       Libraries\STM32F10x_StdPeriph_Driver\src\stm32f10x_flash.o
FLASH_EraseAllBank1Pages                          Libraries\STM32F10x_StdPeriph_Driver\src\stm32f10x_flash.o
FLASH_EraseAllPages                               Libraries\STM32F10x_StdPeriph_Driver\src\stm32f10x_flash.o
FLASH_EraseOptionBytes                            Libraries\STM32F10x_StdPeriph_Driver\src\stm32f10x_flash.o
FLASH_ErasePage                                   Libraries\STM32F10x_StdPeriph_Driver\src\stm32f10x_flash.o
FLASH_GetBank1Status                              Libraries\STM32F10x_StdPeriph_Driver\src\stm32f10x_flash.o
FLASH_GetFlagStatus                               Libraries\STM32F10x_StdPeriph_Driver\src\stm32f10x_flash.o
FLASH_GetPrefetchBufferStatus                     Libraries\STM32F10x_StdPeriph_Driver\src\stm32f10x_flash.o
FLASH_GetReadOutProtectionStatus                  Libraries\STM32F10x_StdPeriph_Driver\src\stm32f10x_flash.o
FLASH_GetStatus                                   Libraries\STM32F10x_StdPeriph_Driver\src\stm32f10x_flash.o
FLASH_GetUserOptionByte                           Libraries\STM32F10x_StdPeriph_Driver\src\stm32f10x_flash.o
FLASH_GetWriteProtectionOptionByte                Libraries\STM32F10x_StdPeriph_Driver\src\stm32f10x_flash.o
FLASH_HalfCycleAccessCmd                          Libraries\STM32F10x_StdPeriph_Driver\src\stm32f10x_flash.o
FLASH_IRQHandler                                  src\startup_stm32f10x_md.o
FLASH_ITConfig                                    Libraries\STM32F10x_StdPeriph_Driver\src\stm32f10x_flash.o
FLASH_Lock                                        Libraries\STM32F10x_StdPeriph_Driver\src\stm32f10x_flash.o
FLASH_LockBank1                                   Libraries\STM32F10x_StdPeriph_Driver\src\stm32f10x_flash.o
FLASH_PrefetchBufferCmd                           Libraries\STM32F10x_StdPeriph_Driver\src\stm32f10x_flash.o
FLASH_ProgramHalfWord                             Libraries\STM32F10x_StdPeriph_Driver\src\stm32f10x_flash.o
FLASH_ProgramOptionByteData                       Libraries\STM32F10x_StdPeriph_Driver\src\stm32f10x_flash.o
FLASH_ProgramWord                                 Libraries\STM32F10x_StdPeriph_Driver\src\stm32f10x_flash.o
FLASH_ReadOutProtection                           Libraries\STM32F10x_StdPeriph_Driver\src\stm32f10x_flash.o
FLASH_SetLatency                                  Libraries\STM32F10x_StdPeriph_Driver\src\stm32f10x_flash.o
FLASH_Unlock                                      Libraries\STM32F10x_StdPeriph_Driver\src\stm32f10x_flash.o
FLASH_UnlockBank1                                 Libraries\STM32F10x_StdPeriph_Driver\src\stm32f10x_flash.o
FLASH_UserOptionByteConfig                        Libraries\STM32F10x_StdPeriph_Driver\src\stm32f10x_flash.o
FLASH_WaitForLastBank1Operation                   Libraries\STM32F10x_StdPeriph_Driver\src\stm32f10x_flash.o
FLASH_WaitForLastOperation                        Libraries\STM32F10x_StdPeriph_Driver\src\stm32f10x_flash.o
FSMC_ClearFlag                                    Libraries\STM32F10x_StdPeriph_Driver\src\stm32f10x_fsmc.o
FSMC_ClearITPendingBit                            Libraries\STM32F10x_StdPeriph_Driver\src\stm32f10x_fsmc.o
FSMC_GetECC                                       Libraries\STM32F10x_StdPeriph_Driver\src\stm32f10x_fsmc.o
FSMC_GetFlagStatus                                Libraries\STM32F10x_StdPeriph_Driver\src\stm32f10x_fsmc.o
FSMC_GetITStatus                                  Libraries\STM32F10x_StdPeriph_Driver\src\stm32f10x_fsmc.o
FSMC_ITConfig                                     Libraries\STM32F10x_StdPeriph_Driver\src\stm32f10x_fsmc.o
FSMC_NANDCmd                                      Libraries\STM32F10x_StdPeriph_Driver\src\stm32f10x_fsmc.o
FSMC_NANDDeInit                                   Libraries\STM32F10x_StdPeriph_Driver\src\stm32f10x_fsmc.o
FSMC_NANDECCCmd                                   Libraries\STM32F10x_StdPeriph_Driver\src\stm32f10x_fsmc.o
FSMC_NANDInit                                     Libraries\STM32F10x_StdPeriph_Driver\src\stm32f10x_fsmc.o
FSMC_NANDStructInit                               Libraries\STM32F10x_StdPeriph_Driver\src\stm32f10x_fsmc.o
FSMC_NORSRAMCmd                                   Libraries\STM32F10x_StdPeriph_Driver\src\stm32f10x_fsmc.o
FSMC_NORSRAMDeInit                                Libraries\STM32F10x_StdPeriph_Driver\src\stm32f10x_fsmc.o
FSMC_NORSRAMInit                                  Libraries\STM32F10x_StdPeriph_Driver\src\stm32f10x_fsmc.o
FSMC_NORSRAMStructInit                            Libraries\STM32F10x_StdPeriph_Driver\src\stm32f10x_fsmc.o
FSMC_PCCARDCmd                                    Libraries\STM32F10x_StdPeriph_Driver\src\stm32f10x_fsmc.o
FSMC_PCCARDDeInit                                 Libraries\STM32F10x_StdPeriph_Driver\src\stm32f10x_fsmc.o
FSMC_PCCARDInit                                   Libraries\STM32F10x_StdPeriph_Driver\src\stm32f10x_fsmc.o
FSMC_PCCARDStructInit                             Libraries\STM32F10x_StdPeriph_Driver\src\stm32f10x_fsmc.o
Font8x8Table                                      src\gldc\GLCD.o
GLCD_Init                                         src\gldc\GLCD.o
                                                  src\main.o
GPIO_AFIODeInit                                   Libraries\STM32F10x_StdPeriph_Driver\src\stm32f10x_gpio.o
GPIO_DeInit                                       Libraries\STM32F10x_StdPeriph_Driver\src\stm32f10x_gpio.o
GPIO_ETH_MediaInterfaceConfig                     Libraries\STM32F10x_StdPeriph_Driver\src\stm32f10x_gpio.o
GPIO_EXTILineConfig                               Libraries\STM32F10x_StdPeriph_Driver\src\stm32f10x_gpio.o
GPIO_EventOutputCmd                               Libraries\STM32F10x_StdPeriph_Driver\src\stm32f10x_gpio.o
GPIO_EventOutputConfig                            Libraries\STM32F10x_StdPeriph_Driver\src\stm32f10x_gpio.o
GPIO_Init                                         Libraries\STM32F10x_StdPeriph_Driver\src\stm32f10x_gpio.o
                                                  src\usart\usart.o
                                                  src\main.o
                                                  src\lcd_menu\Keyboard.o
                                                  src\gldc\GLCD.o
GPIO_InitStructure                                src\main.o
GPIO_PinLockConfig                                Libraries\STM32F10x_StdPeriph_Driver\src\stm32f10x_gpio.o
GPIO_PinRemapConfig                               Libraries\STM32F10x_StdPeriph_Driver\src\stm32f10x_gpio.o
GPIO_ReadInputData                                Libraries\STM32F10x_StdPeriph_Driver\src\stm32f10x_gpio.o
GPIO_ReadInputDataBit                             Libraries\STM32F10x_StdPeriph_Driver\src\stm32f10x_gpio.o
                                                  src\lcd_menu\Keyboard.o
GPIO_ReadOutputData                               Libraries\STM32F10x_StdPeriph_Driver\src\stm32f10x_gpio.o
GPIO_ReadOutputDataBit                            Libraries\STM32F10x_StdPeriph_Driver\src\stm32f10x_gpio.o
GPIO_ResetBits                                    Libraries\STM32F10x_StdPeriph_Driver\src\stm32f10x_gpio.o
                                                  src\stm32f1xx_it.o
GPIO_SetBits                                      Libraries\STM32F10x_StdPeriph_Driver\src\stm32f10x_gpio.o
                                                  src\stm32f1xx_it.o
GPIO_StructInit                                   Libraries\STM32F10x_StdPeriph_Driver\src\stm32f10x_gpio.o
GPIO_Write                                        Libraries\STM32F10x_StdPeriph_Driver\src\stm32f10x_gpio.o
GPIO_WriteBit                                     Libraries\STM32F10x_StdPeriph_Driver\src\stm32f10x_gpio.o
HardFault_Handler                                 src\stm32f1xx_it.o
                                                  src\startup_stm32f10x_md.o
I2C1_ER_IRQHandler                                src\startup_stm32f10x_md.o
I2C1_EV_IRQHandler                                src\startup_stm32f10x_md.o
I2C2_ER_IRQHandler                                src\startup_stm32f10x_md.o
I2C2_EV_IRQHandler                                src\startup_stm32f10x_md.o
I2C_ARPCmd                                        Libraries\STM32F10x_StdPeriph_Driver\src\stm32f10x_i2c.o
I2C_AcknowledgeConfig                             Libraries\STM32F10x_StdPeriph_Driver\src\stm32f10x_i2c.o
I2C_CalculatePEC                                  Libraries\STM32F10x_StdPeriph_Driver\src\stm32f10x_i2c.o
I2C_CheckEvent                                    Libraries\STM32F10x_StdPeriph_Driver\src\stm32f10x_i2c.o
I2C_ClearFlag                                     Libraries\STM32F10x_StdPeriph_Driver\src\stm32f10x_i2c.o
I2C_ClearITPendingBit                             Libraries\STM32F10x_StdPeriph_Driver\src\stm32f10x_i2c.o
I2C_Cmd                                           Libraries\STM32F10x_StdPeriph_Driver\src\stm32f10x_i2c.o
I2C_DMACmd                                        Libraries\STM32F10x_StdPeriph_Driver\src\stm32f10x_i2c.o
I2C_DMALastTransferCmd                            Libraries\STM32F10x_StdPeriph_Driver\src\stm32f10x_i2c.o
I2C_DeInit                                        Libraries\STM32F10x_StdPeriph_Driver\src\stm32f10x_i2c.o
I2C_DualAddressCmd                                Libraries\STM32F10x_StdPeriph_Driver\src\stm32f10x_i2c.o
I2C_FastModeDutyCycleConfig                       Libraries\STM32F10x_StdPeriph_Driver\src\stm32f10x_i2c.o
I2C_GeneralCallCmd                                Libraries\STM32F10x_StdPeriph_Driver\src\stm32f10x_i2c.o
I2C_GenerateSTART                                 Libraries\STM32F10x_StdPeriph_Driver\src\stm32f10x_i2c.o
I2C_GenerateSTOP                                  Libraries\STM32F10x_StdPeriph_Driver\src\stm32f10x_i2c.o
I2C_GetFlagStatus                                 Libraries\STM32F10x_StdPeriph_Driver\src\stm32f10x_i2c.o
I2C_GetITStatus                                   Libraries\STM32F10x_StdPeriph_Driver\src\stm32f10x_i2c.o
I2C_GetLastEvent                                  Libraries\STM32F10x_StdPeriph_Driver\src\stm32f10x_i2c.o
I2C_GetPEC                                        Libraries\STM32F10x_StdPeriph_Driver\src\stm32f10x_i2c.o
I2C_ITConfig                                      Libraries\STM32F10x_StdPeriph_Driver\src\stm32f10x_i2c.o
I2C_Init                                          Libraries\STM32F10x_StdPeriph_Driver\src\stm32f10x_i2c.o
I2C_NACKPositionConfig                            Libraries\STM32F10x_StdPeriph_Driver\src\stm32f10x_i2c.o
I2C_OwnAddress2Config                             Libraries\STM32F10x_StdPeriph_Driver\src\stm32f10x_i2c.o
I2C_PECPositionConfig                             Libraries\STM32F10x_StdPeriph_Driver\src\stm32f10x_i2c.o
I2C_ReadRegister                                  Libraries\STM32F10x_StdPeriph_Driver\src\stm32f10x_i2c.o
I2C_ReceiveData                                   Libraries\STM32F10x_StdPeriph_Driver\src\stm32f10x_i2c.o
I2C_SMBusAlertConfig                              Libraries\STM32F10x_StdPeriph_Driver\src\stm32f10x_i2c.o
I2C_Send7bitAddress                               Libraries\STM32F10x_StdPeriph_Driver\src\stm32f10x_i2c.o
I2C_SendData                                      Libraries\STM32F10x_StdPeriph_Driver\src\stm32f10x_i2c.o
I2C_SoftwareResetCmd                              Libraries\STM32F10x_StdPeriph_Driver\src\stm32f10x_i2c.o
I2C_StretchClockCmd                               Libraries\STM32F10x_StdPeriph_Driver\src\stm32f10x_i2c.o
I2C_StructInit                                    Libraries\STM32F10x_StdPeriph_Driver\src\stm32f10x_i2c.o
I2C_TransmitPEC                                   Libraries\STM32F10x_StdPeriph_Driver\src\stm32f10x_i2c.o
I2S_Cmd                                           Libraries\STM32F10x_StdPeriph_Driver\src\stm32f10x_spi.o