nrf24.c:34:9:nrf24_read	32	static
nrf24.c:55:9:nrf24_write	32	static
nrf24.c:74:9:nrf24_read_reg	24	static
nrf24.c:87:9:nrf24_read_regs	24	static
nrf24.c:98:6:nrf24_write_reg	16	static
nrf24.c:109:9:nrf24_write_regs	24	static
nrf24.c:120:9:nrf24_reuse_tx_lastpayload	16	static
nrf24.c:143:9:nrf24_write_ackpayload	24	static
nrf24.c:155:9:nrf24_SetChannel	16	static
nrf24.c:166:9:nrf24_FlushRx	8	static
nrf24.c:176:9:nrf24_FlushTx	8	static
nrf24.c:186:9:nrf24_Read_RxPayload	16	static
nrf24.c:198:9:nrf24_Write_TxPayload	16	static
nrf24.c:210:6:nrf24_SetOutputPower	24	static
nrf24.c:223:9:nrf24_GetOutputPower	16	static
nrf24.c:235:6:nrf24_SetDataRate	24	static
nrf24.c:268:9:nrf24_getDataRate	16	static
nrf24.c:289:6:nrf24_SetCRCLen	24	static
nrf24.c:310:9:nrf24_getCRCLen	16	static
nrf24.c:327:6:nrf24_SetDynLen	24	static
nrf24.c:348:9:nrf24_getDynLen	16	static
nrf24.c:360:6:nrf24_DynPayload_OnOff	24	static
nrf24.c:379:6:nrf24_AckPayload_OnOff	24	static
nrf24.c:403:6:nrf24_AutoRetrasmission_Setup	24	static
nrf24.c:417:9:nrf24_TestCarrier	8	static
nrf24.c:427:6:nrf24_setAutoAck	24	static
nrf24.c:446:6:nrf24_SendAckPayload	16	static
nrf24.c:461:6:nrf24_Set_PRX_Mode	16	static
nrf24.c:490:6:nrf24_Set_PTX_Mode	8	static
nrf24.c:503:6:nrf24_RxPipe_Setup	24	static
nrf24.c:546:9:nrf24_Recv	24	static
nrf24.c:582:8:nrf24_Send	32	static
nrf24.c:648:9:nrf24_ReadState	8	static
nrf24.c:658:6:nrf24_ResetStateFlags	16	static
nrf24.c:668:6:nrf24_init	16	static
