menu_callback.c:58:6:show_yes_no	16	static
menu_callback.c:65:6:show_status	16	static
menu_callback.c:77:6:show_alarm	16	static
menu_callback.c:83:6:show_resurs	16	static
menu_callback.c:88:6:show_tenzo	16	static
menu_callback.c:92:6:show_log_state	16	static
menu_callback.c:95:6:show_interface_error_state	16	static
menu_callback.c:105:10:isSaved	4	static
menu_callback.c:118:6:show_save_state	16	static
menu_callback.c:128:6:show_cur_sensor	24	static
menu_callback.c:133:6:show_cur_tension	24	static
menu_callback.c:138:6:show_mode	16	static
menu_callback.c:151:6:switch_log_state	8	static
menu_callback.c:162:6:show_log_state_yes_no	16	static
menu_callback.c:166:6:switch_save_state	8	static
menu_callback.c:185:6:show_save_state_yes_no	16	static
menu_callback.c:194:6:switch_default_state	8	static
menu_callback.c:210:6:show_default_state	16	static
menu_callback.c:221:6:switch_mode_not_reg_state	8	static
menu_callback.c:226:6:show_mode_not_reg_state	16	static
menu_callback.c:267:6:switch_mode_lazy_pid_state	8	static
menu_callback.c:275:6:show_mode_lazy_pid_state	16	static
menu_callback.c:282:6:validate_mode_lazy_pid_period	4	static
menu_callback.c:290:6:inc_mode_lazy_pid_period	8	static
menu_callback.c:294:6:dec_mode_lazy_pid_period	8	static
menu_callback.c:298:6:show_mode_lazy_pid_period	16	static
menu_callback.c:301:6:validate_mode_lazy_pid_value	4	static
menu_callback.c:309:6:inc_mode_lazy_pid_value	8	static
menu_callback.c:313:6:dec_mode_lazy_pid_value	8	static
menu_callback.c:317:6:show_mode_lazy_pid_value	16	static
menu_callback.c:321:6:validate_mode_lazy_pid_err	4	static
menu_callback.c:329:6:inc_mode_lazy_pid_err	8	static
menu_callback.c:333:6:dec_mode_lazy_pid_err	8	static
menu_callback.c:337:6:show_mode_lazy_pid_err	16	static
menu_callback.c:341:6:switch_mode_pid_state	8	static
menu_callback.c:349:6:show_mode_pid_state	16	static
menu_callback.c:356:6:inc_mode_pid_value	4	static
menu_callback.c:360:6:dec_mode_pid_value	4	static
menu_callback.c:364:6:show_mode_pid_value	16	static
menu_callback.c:369:6:inc_angle_left	4	static
menu_callback.c:374:6:dec_angle_left	4	static
menu_callback.c:378:6:show_angle_left	16	static
menu_callback.c:381:6:inc_angle_right	4	static
menu_callback.c:386:6:dec_angle_right	4	static
menu_callback.c:390:6:show_angle_right	16	static
menu_callback.c:394:6:switch_mode_puls_state	8	static
menu_callback.c:402:6:show_mode_puls_state	16	static
menu_callback.c:410:6:inc_mode_puls_from_value	4	static
menu_callback.c:415:6:dec_mode_puls_from_value	4	static
menu_callback.c:420:6:show_mode_puls_from_value	16	static
menu_callback.c:423:6:inc_mode_puls_to_value	4	static
menu_callback.c:428:6:dec_mode_puls_to_value	4	static
menu_callback.c:433:6:show_mode_puls_to_value	16	static
menu_callback.c:436:6:inc_mode_puls_period_value	4	static
menu_callback.c:441:6:dec_mode_puls_period_value	4	static
menu_callback.c:446:6:show_mode_puls_period_value	16	static
menu_callback.c:450:6:inc_freq	8	static
menu_callback.c:456:6:dec_freq	8	static
menu_callback.c:461:6:show_freq	16	static
menu_callback.c:467:6:inc_rope_tension_bottom_limit	4	static
menu_callback.c:471:6:dec_rope_tension_bottom_limit	4	static
menu_callback.c:476:6:show_rope_tension_bottom_limit	16	static
menu_callback.c:480:6:inc_rope_tension_up_limit	4	static
menu_callback.c:484:6:dec_rope_tension_up_limit	4	static
menu_callback.c:489:6:show_rope_tension_up_limit	16	static
menu_callback.c:492:6:show_up_limit_brackets	16	static
menu_callback.c:499:6:blueButtonClickHandler	8	static
menu_callback.c:503:6:yellowButtonClickHandler	8	static
menu_callback.c:509:6:redButtonClickHandler	8	static
menu_callback.c:523:6:greenButtonClickHandler	8	static
menu_callback.c:527:6:blueButtonPressHandler	8	static
menu_callback.c:531:6:yellowButtonPressHandler	8	static
menu_callback.c:535:6:redButtonPressHandler	8	static
menu_callback.c:539:6:greenButtonPressHandler	8	static
menu_callback.c:544:6:yellowBlueButtonClickHandler	8	static
menu_callback.c:557:6:redYellowButtonClickHandler	8	static
menu_callback.c:572:6:redBlueButtonClickHandler	8	static
menu_callback.c:576:6:threeButtonClickHandler	8	static
